🎯 STEVE'S GEMATRIA UNIFIED OVERNIGHT RESEARCH PIPELINE
   Executing with continuous loop mode - all 6 core symbols
🚀 STEVE'S GEMATRIA UNIFIED OVERNIGHT RESEARCH PIPELINE INITIALIZED
   Base Path: /home/avalonas/.hermes/gematria
   Observidian Exports: /home/avalonas/.hermes/gematria/unified_overnight_research/obsidian_exports
   OUR Vault: /home/avalonas/.hermes/gematria/unified_overnight_research/OUR
   Database: /home/avalonas/.hermes/gematria/database/gematria_database.json

================================================================================
🌀 OVERNIGHT RESEARCH CYCLE #1 - FULL SYMBOL ANALYSIS
================================================================================

🔍 Processing Core Symbol: `124` - Universal Bridge / Threshold
   ✅ Symbol 124: Pattern strength 0.89, Cross-refs: 55, 111, 666...

🔍 Processing Core Symbol: `963` - Air Activation Phrase
   ✅ Symbol 963: Pattern strength 0.78, Cross-refs: 124, 55, 279...

🔍 Processing Core Symbol: `55` - International Diplomacy
   ✅ Symbol 55: Pattern strength 0.741, Cross-refs: ...

🔍 Processing Core Symbol: `111` - Activation / Spirit Manifestation
   ✅ Symbol 111: Pattern strength 0.866, Cross-refs: 963, 666...

🔍 Processing Core Symbol: `279` - Fire Force Integration
   ✅ Symbol 279: Pattern strength 0.913, Cross-refs: 963, 111...

🔍 Processing Core Symbol: `666` - Completion / Wholeness Cycles
   ✅ Symbol 666: Pattern strength 0.891, Cross-refs: 124, 55, 111, 279...
Traceback (most recent call last):
  File "/home/avalonas/.hermes/gematria/unified_overnight_research/execute_overnight_research.py", line 839, in <module>
    results, matrix = engine.run_full_research_cycle()
                      ^^^^^^^^^^^^^^^^^^^^^^^^^^^^^^^^
  File "/home/avalonas/.hermes/gematria/unified_overnight_research/execute_overnight_research.py", line 151, in run_full_research_cycle
    vault_push_results = self.push_to_tolaria_vault(results, matrix)
                         ^^^^^^^^^^^^^^^^^^^^^^^^^^^^^^^^^^^^^^^^^^^
  File "/home/avalonas/.hermes/gematria/unified_overnight_research/execute_overnight_research.py", line 292, in push_to_tolaria_vault
    log_content = self.generate_research_log(cycle_id, symbol_results)
                  ^^^^^^^^^^^^^^^^^^^^^^^^^^^^^^^^^^^^^^^^^^^^^^^^^^^^
  File "/home/avalonas/.hermes/gematria/unified_overnight_research/execute_overnight_research.py", line 419, in generate_research_log
    val = correlation_matrix["correlation_matrix"].get(str(s1), {}).get(str(s2), 0)
          ^^^^^^^^^^^^^^^^^^
NameError: name 'correlation_matrix' is not defined
