============================================================
GEMATRIA UNIFIED OVERNIGHT RESEARCH
Continuous Loop Mode - 9999 Iterations
============================================================

Configuration:
  Base Directory: /home/avalonas/.hermes/gematria/unified_overnight_research
  Database: /home/avalonas/.hermes/gematria/database/gematria_database.json
  Image Vault: /home/avalonas/Pictures/Steves%20gematria/
  Firecrawl Endpoint: http://localhost:3002/v1
Database loaded: True
Core symbols to track: [124, 963, 55, 111, 279, 666]

⚙️  INITIATING CONTINUOUS LOOP MODE (Auto-start)

============================================================
CYCLE #1 STARTING
============================================================
[1] Loading image-seed from vault...
[1] Executing gematria-pattern-integration...
[1] Hidden layering detection complete
[1] Normalizing connection data structures...
[1] Analyzing domain correlations...
[1] Updating gematria_database.json...

============================================================
CYCLE #1 COMPLETED
============================================================
Items processed: 8
Markdown files generated: 2
New connections found: 5
Git commits made: C1: 8 items processed
Database updates: +3 convergence signals

Key Findings:
  • Image-seed skipped (vault empty)
  • Web research complete: 2 sources processed
  • Database updated with new connections

Symbol Connections Detected:
  • Political correlation pattern (symbols: 3 links)
  • Religious correlation pattern (symbols: 3 links)
  • Economic correlation pattern (symbols: 3 links)

============================================================
CYCLE #2 STARTING
============================================================
[2] Loading image-seed from vault...
[2] Executing gematria-pattern-integration...
[2] Hidden layering detection complete
[2] Normalizing connection data structures...
[2] Analyzing domain correlations...
[2] Updating gematria_database.json...

============================================================
CYCLE #2 COMPLETED
============================================================
Items processed: 8
Markdown files generated: 2
New connections found: 5
Git commits made: C2: 8 items processed
Database updates: +6 convergence signals

Key Findings:
  • Image-seed skipped (vault empty)
  • Web research complete: 2 sources processed
  • Database updated with new connections

Symbol Connections Detected:
  • Political correlation pattern (symbols: 3 links)
  • Religious correlation pattern (symbols: 3 links)
  • Economic correlation pattern (symbols: 3 links)

============================================================
CYCLE #3 STARTING
============================================================
[3] Loading image-seed from vault...
[3] Executing gematria-pattern-integration...
[3] Hidden layering detection complete
[3] Normalizing connection data structures...
[3] Analyzing domain correlations...
[3] Updating gematria_database.json...

============================================================
CYCLE #3 COMPLETED
============================================================
Items processed: 8
Markdown files generated: 2
New connections found: 5
Git commits made: C3: 8 items processed
Database updates: +8 convergence signals

Key Findings:
  • Image-seed skipped (vault empty)
  • Web research complete: 2 sources processed
  • Database updated with new connections

Symbol Connections Detected:
  • Political correlation pattern (symbols: 3 links)
  • Religious correlation pattern (symbols: 3 links)
  • Economic correlation pattern (symbols: 3 links)

============================================================
CYCLE #4 STARTING
============================================================
[4] Loading image-seed from vault...
[4] Executing gematria-pattern-integration...
[4] Hidden layering detection complete
[4] Normalizing connection data structures...
[4] Analyzing domain correlations...
[4] Updating gematria_database.json...

============================================================
CYCLE #4 COMPLETED
============================================================
Items processed: 8
Markdown files generated: 2
New connections found: 5
Git commits made: C4: 8 items processed
Database updates: +8 convergence signals

Key Findings:
  • Image-seed skipped (vault empty)
  • Web research complete: 2 sources processed
  • Database updated with new connections

Symbol Connections Detected:
  • Political correlation pattern (symbols: 3 links)
  • Religious correlation pattern (symbols: 3 links)
  • Economic correlation pattern (symbols: 3 links)

============================================================
CYCLE #5 STARTING
============================================================
[5] Loading image-seed from vault...
[5] Executing gematria-pattern-integration...
[5] Hidden layering detection complete
[5] Normalizing connection data structures...
[5] Analyzing domain correlations...
[5] Updating gematria_database.json...

============================================================
CYCLE #5 COMPLETED
============================================================
Items processed: 8
Markdown files generated: 2
New connections found: 5
Git commits made: C5: 8 items processed
Database updates: +8 convergence signals

Key Findings:
  • Image-seed skipped (vault empty)
  • Web research complete: 2 sources processed
  • Database updated with new connections

Symbol Connections Detected:
  • Political correlation pattern (symbols: 3 links)
  • Religious correlation pattern (symbols: 3 links)
  • Economic correlation pattern (symbols: 3 links)

============================================================
CYCLE #6 STARTING
============================================================
[6] Loading image-seed from vault...
[6] Executing gematria-pattern-integration...
[6] Hidden layering detection complete
[6] Normalizing connection data structures...
[6] Analyzing domain correlations...
[6] Updating gematria_database.json...

============================================================
CYCLE #6 COMPLETED
============================================================
Items processed: 8
Markdown files generated: 2
New connections found: 5
Git commits made: C6: 8 items processed
Database updates: +8 convergence signals

Key Findings:
  • Image-seed skipped (vault empty)
  • Web research complete: 2 sources processed
  • Database updated with new connections

Symbol Connections Detected:
  • Political correlation pattern (symbols: 3 links)
  • Religious correlation pattern (symbols: 3 links)
  • Economic correlation pattern (symbols: 3 links)

============================================================
CYCLE #7 STARTING
============================================================
[7] Loading image-seed from vault...
[7] Executing gematria-pattern-integration...
[7] Hidden layering detection complete
[7] Normalizing connection data structures...
[7] Analyzing domain correlations...
[7] Updating gematria_database.json...

============================================================
CYCLE #7 COMPLETED
============================================================
Items processed: 8
Markdown files generated: 2
New connections found: 5
Git commits made: C7: 8 items processed
Database updates: +6 convergence signals

Key Findings:
  • Image-seed skipped (vault empty)
  • Web research complete: 2 sources processed
  • Database updated with new connections

Symbol Connections Detected:
  • Political correlation pattern (symbols: 3 links)
  • Religious correlation pattern (symbols: 3 links)
  • Economic correlation pattern (symbols: 3 links)

============================================================
CYCLE #8 STARTING
============================================================
[8] Loading image-seed from vault...
[8] Executing gematria-pattern-integration...
[8] Hidden layering detection complete
[8] Normalizing connection data structures...
[8] Analyzing domain correlations...
[8] Updating gematria_database.json...

============================================================
CYCLE #8 COMPLETED
============================================================
Items processed: 8
Markdown files generated: 2
New connections found: 5
Git commits made: C8: 8 items processed
Database updates: +4 convergence signals

Key Findings:
  • Image-seed skipped (vault empty)
  • Web research complete: 2 sources processed
  • Database updated with new connections

Symbol Connections Detected:
  • Political correlation pattern (symbols: 3 links)
  • Religious correlation pattern (symbols: 3 links)
  • Economic correlation pattern (symbols: 3 links)

============================================================
CYCLE #9 STARTING
============================================================
[9] Loading image-seed from vault...
[9] Executing gematria-pattern-integration...
[9] Hidden layering detection complete
[9] Normalizing connection data structures...
[9] Analyzing domain correlations...
[9] Updating gematria_database.json...

============================================================
CYCLE #9 COMPLETED
============================================================
Items processed: 8
Markdown files generated: 2
New connections found: 5
Git commits made: C9: 8 items processed
Database updates: +5 convergence signals

Key Findings:
  • Image-seed skipped (vault empty)
  • Web research complete: 2 sources processed
  • Database updated with new connections

Symbol Connections Detected:
  • Political correlation pattern (symbols: 3 links)
  • Religious correlation pattern (symbols: 3 links)
  • Economic correlation pattern (symbols: 3 links)

============================================================
CYCLE #10 STARTING
============================================================
[10] Loading image-seed from vault...
[10] Executing gematria-pattern-integration...
[10] Hidden layering detection complete
[10] Normalizing connection data structures...
[10] Analyzing domain correlations...
[10] Updating gematria_database.json...

============================================================
CYCLE #10 COMPLETED
============================================================
Items processed: 8
Markdown files generated: 2
New connections found: 5
Git commits made: C10: 8 items processed
Database updates: +8 convergence signals

Key Findings:
  • Image-seed skipped (vault empty)
  • Web research complete: 2 sources processed
  • Database updated with new connections

Symbol Connections Detected:
  • Political correlation pattern (symbols: 3 links)
  • Religious correlation pattern (symbols: 3 links)
  • Economic correlation pattern (symbols: 3 links)

============================================================
CYCLE #11 STARTING
============================================================
[11] Loading image-seed from vault...
[11] Executing gematria-pattern-integration...
[11] Hidden layering detection complete
[11] Normalizing connection data structures...
[11] Analyzing domain correlations...
[11] Updating gematria_database.json...

============================================================
CYCLE #11 COMPLETED
============================================================
Items processed: 8
Markdown files generated: 2
New connections found: 5
Git commits made: C11: 8 items processed
Database updates: +4 convergence signals

Key Findings:
  • Image-seed skipped (vault empty)
  • Web research complete: 2 sources processed
  • Database updated with new connections

Symbol Connections Detected:
  • Political correlation pattern (symbols: 3 links)
  • Religious correlation pattern (symbols: 3 links)
  • Economic correlation pattern (symbols: 3 links)

============================================================
CYCLE #12 STARTING
============================================================
[12] Loading image-seed from vault...
[12] Executing gematria-pattern-integration...
[12] Hidden layering detection complete
[12] Normalizing connection data structures...
[12] Analyzing domain correlations...
[12] Updating gematria_database.json...

============================================================
CYCLE #12 COMPLETED
============================================================
Items processed: 8
Markdown files generated: 2
New connections found: 5
Git commits made: C12: 8 items processed
Database updates: +6 convergence signals

Key Findings:
  • Image-seed skipped (vault empty)
  • Web research complete: 2 sources processed
  • Database updated with new connections

Symbol Connections Detected:
  • Political correlation pattern (symbols: 3 links)
  • Religious correlation pattern (symbols: 3 links)
  • Economic correlation pattern (symbols: 3 links)

============================================================
CYCLE #13 STARTING
============================================================
[13] Loading image-seed from vault...
[13] Executing gematria-pattern-integration...
[13] Hidden layering detection complete
[13] Normalizing connection data structures...
[13] Analyzing domain correlations...
[13] Updating gematria_database.json...

============================================================
CYCLE #13 COMPLETED
============================================================
Items processed: 8
Markdown files generated: 2
New connections found: 5
Git commits made: C13: 8 items processed
Database updates: +6 convergence signals

Key Findings:
  • Image-seed skipped (vault empty)
  • Web research complete: 2 sources processed
  • Database updated with new connections

Symbol Connections Detected:
  • Political correlation pattern (symbols: 3 links)
  • Religious correlation pattern (symbols: 3 links)
  • Economic correlation pattern (symbols: 3 links)

============================================================
CYCLE #14 STARTING
============================================================
[14] Loading image-seed from vault...
[14] Executing gematria-pattern-integration...
[14] Hidden layering detection complete
[14] Normalizing connection data structures...
[14] Analyzing domain correlations...
[14] Updating gematria_database.json...

============================================================
CYCLE #14 COMPLETED
============================================================
Items processed: 8
Markdown files generated: 2
New connections found: 5
Git commits made: C14: 8 items processed
Database updates: +5 convergence signals

Key Findings:
  • Image-seed skipped (vault empty)
  • Web research complete: 2 sources processed
  • Database updated with new connections

Symbol Connections Detected:
  • Political correlation pattern (symbols: 3 links)
  • Religious correlation pattern (symbols: 3 links)
  • Economic correlation pattern (symbols: 3 links)

============================================================
CYCLE #15 STARTING
============================================================
[15] Loading image-seed from vault...
[15] Executing gematria-pattern-integration...
[15] Hidden layering detection complete
[15] Normalizing connection data structures...
[15] Analyzing domain correlations...
[15] Updating gematria_database.json...

============================================================
CYCLE #15 COMPLETED
============================================================
Items processed: 8
Markdown files generated: 2
New connections found: 5
Git commits made: C15: 8 items processed
Database updates: +3 convergence signals

Key Findings:
  • Image-seed skipped (vault empty)
  • Web research complete: 2 sources processed
  • Database updated with new connections

Symbol Connections Detected:
  • Political correlation pattern (symbols: 3 links)
  • Religious correlation pattern (symbols: 3 links)
  • Economic correlation pattern (symbols: 3 links)

============================================================
CYCLE #16 STARTING
============================================================
[16] Loading image-seed from vault...
[16] Executing gematria-pattern-integration...
[16] Hidden layering detection complete
[16] Normalizing connection data structures...
[16] Analyzing domain correlations...
[16] Updating gematria_database.json...

============================================================
CYCLE #16 COMPLETED
============================================================
Items processed: 8
Markdown files generated: 2
New connections found: 5
Git commits made: C16: 8 items processed
Database updates: +6 convergence signals

Key Findings:
  • Image-seed skipped (vault empty)
  • Web research complete: 2 sources processed
  • Database updated with new connections

Symbol Connections Detected:
  • Political correlation pattern (symbols: 3 links)
  • Religious correlation pattern (symbols: 3 links)
  • Economic correlation pattern (symbols: 3 links)

============================================================
CYCLE #17 STARTING
============================================================
[17] Loading image-seed from vault...
[17] Executing gematria-pattern-integration...
[17] Hidden layering detection complete
[17] Normalizing connection data structures...
[17] Analyzing domain correlations...
[17] Updating gematria_database.json...

============================================================
CYCLE #17 COMPLETED
============================================================
Items processed: 8
Markdown files generated: 2
New connections found: 5
Git commits made: C17: 8 items processed
Database updates: +8 convergence signals

Key Findings:
  • Image-seed skipped (vault empty)
  • Web research complete: 2 sources processed
  • Database updated with new connections

Symbol Connections Detected:
  • Political correlation pattern (symbols: 3 links)
  • Religious correlation pattern (symbols: 3 links)
  • Economic correlation pattern (symbols: 3 links)

============================================================
CYCLE #18 STARTING
============================================================
[18] Loading image-seed from vault...
[18] Executing gematria-pattern-integration...
[18] Hidden layering detection complete
[18] Normalizing connection data structures...
[18] Analyzing domain correlations...
[18] Updating gematria_database.json...

============================================================
CYCLE #18 COMPLETED
============================================================
Items processed: 8
Markdown files generated: 2
New connections found: 5
Git commits made: C18: 8 items processed
Database updates: +4 convergence signals

Key Findings:
  • Image-seed skipped (vault empty)
  • Web research complete: 2 sources processed
  • Database updated with new connections

Symbol Connections Detected:
  • Political correlation pattern (symbols: 3 links)
  • Religious correlation pattern (symbols: 3 links)
  • Economic correlation pattern (symbols: 3 links)

============================================================
CYCLE #19 STARTING
============================================================
[19] Loading image-seed from vault...
[19] Executing gematria-pattern-integration...
[19] Hidden layering detection complete
[19] Normalizing connection data structures...
[19] Analyzing domain correlations...
[19] Updating gematria_database.json...

============================================================
CYCLE #19 COMPLETED
============================================================
Items processed: 8
Markdown files generated: 2
New connections found: 5
Git commits made: C19: 8 items processed
Database updates: +7 convergence signals

Key Findings:
  • Image-seed skipped (vault empty)
  • Web research complete: 2 sources processed
  • Database updated with new connections

Symbol Connections Detected:
  • Political correlation pattern (symbols: 3 links)
  • Religious correlation pattern (symbols: 3 links)
  • Economic correlation pattern (symbols: 3 links)

============================================================
CYCLE #20 STARTING
============================================================
[20] Loading image-seed from vault...
[20] Executing gematria-pattern-integration...
[20] Hidden layering detection complete
[20] Normalizing connection data structures...
[20] Analyzing domain correlations...
[20] Updating gematria_database.json...

============================================================
CYCLE #20 COMPLETED
============================================================
Items processed: 8
Markdown files generated: 2
New connections found: 5
Git commits made: C20: 8 items processed
Database updates: +6 convergence signals

Key Findings:
  • Image-seed skipped (vault empty)
  • Web research complete: 2 sources processed
  • Database updated with new connections

Symbol Connections Detected:
  • Political correlation pattern (symbols: 3 links)
  • Religious correlation pattern (symbols: 3 links)
  • Economic correlation pattern (symbols: 3 links)

============================================================
CYCLE #21 STARTING
============================================================
[21] Loading image-seed from vault...
[21] Executing gematria-pattern-integration...
[21] Hidden layering detection complete
[21] Normalizing connection data structures...
[21] Analyzing domain correlations...
[21] Updating gematria_database.json...

============================================================
CYCLE #21 COMPLETED
============================================================
Items processed: 8
Markdown files generated: 2
New connections found: 5
Git commits made: C21: 8 items processed
Database updates: +8 convergence signals

Key Findings:
  • Image-seed skipped (vault empty)
  • Web research complete: 2 sources processed
  • Database updated with new connections

Symbol Connections Detected:
  • Political correlation pattern (symbols: 3 links)
  • Religious correlation pattern (symbols: 3 links)
  • Economic correlation pattern (symbols: 3 links)

============================================================
CYCLE #22 STARTING
============================================================
[22] Loading image-seed from vault...
[22] Executing gematria-pattern-integration...
[22] Hidden layering detection complete
[22] Normalizing connection data structures...
[22] Analyzing domain correlations...
[22] Updating gematria_database.json...

============================================================
CYCLE #22 COMPLETED
============================================================
Items processed: 8
Markdown files generated: 2
New connections found: 5
Git commits made: C22: 8 items processed
Database updates: +3 convergence signals

Key Findings:
  • Image-seed skipped (vault empty)
  • Web research complete: 2 sources processed
  • Database updated with new connections

Symbol Connections Detected:
  • Political correlation pattern (symbols: 3 links)
  • Religious correlation pattern (symbols: 3 links)
  • Economic correlation pattern (symbols: 3 links)

============================================================
CYCLE #23 STARTING
============================================================
[23] Loading image-seed from vault...
[23] Executing gematria-pattern-integration...
[23] Hidden layering detection complete
[23] Normalizing connection data structures...
[23] Analyzing domain correlations...
[23] Updating gematria_database.json...

============================================================
CYCLE #23 COMPLETED
============================================================
Items processed: 8
Markdown files generated: 2
New connections found: 5
Git commits made: C23: 8 items processed
Database updates: +7 convergence signals

Key Findings:
  • Image-seed skipped (vault empty)
  • Web research complete: 2 sources processed
  • Database updated with new connections

Symbol Connections Detected:
  • Political correlation pattern (symbols: 3 links)
  • Religious correlation pattern (symbols: 3 links)
  • Economic correlation pattern (symbols: 3 links)

============================================================
CYCLE #24 STARTING
============================================================
[24] Loading image-seed from vault...
[24] Executing gematria-pattern-integration...
[24] Hidden layering detection complete
[24] Normalizing connection data structures...
[24] Analyzing domain correlations...
[24] Updating gematria_database.json...

============================================================
CYCLE #24 COMPLETED
============================================================
Items processed: 8
Markdown files generated: 2
New connections found: 5
Git commits made: C24: 8 items processed
Database updates: +7 convergence signals

Key Findings:
  • Image-seed skipped (vault empty)
  • Web research complete: 2 sources processed
  • Database updated with new connections

Symbol Connections Detected:
  • Political correlation pattern (symbols: 3 links)
  • Religious correlation pattern (symbols: 3 links)
  • Economic correlation pattern (symbols: 3 links)

============================================================
CYCLE #25 STARTING
============================================================
[25] Loading image-seed from vault...
[25] Executing gematria-pattern-integration...
[25] Hidden layering detection complete
[25] Normalizing connection data structures...
[25] Analyzing domain correlations...
[25] Updating gematria_database.json...

============================================================
CYCLE #25 COMPLETED
============================================================
Items processed: 8
Markdown files generated: 2
New connections found: 5
Git commits made: C25: 8 items processed
Database updates: +7 convergence signals

Key Findings:
  • Image-seed skipped (vault empty)
  • Web research complete: 2 sources processed
  • Database updated with new connections

Symbol Connections Detected:
  • Political correlation pattern (symbols: 3 links)
  • Religious correlation pattern (symbols: 3 links)
  • Economic correlation pattern (symbols: 3 links)

============================================================
CYCLE #26 STARTING
============================================================
[26] Loading image-seed from vault...
[26] Executing gematria-pattern-integration...
[26] Hidden layering detection complete
[26] Normalizing connection data structures...
[26] Analyzing domain correlations...
[26] Updating gematria_database.json...

============================================================
CYCLE #26 COMPLETED
============================================================
Items processed: 8
Markdown files generated: 2
New connections found: 5
Git commits made: C26: 8 items processed
Database updates: +4 convergence signals

Key Findings:
  • Image-seed skipped (vault empty)
  • Web research complete: 2 sources processed
  • Database updated with new connections

Symbol Connections Detected:
  • Political correlation pattern (symbols: 3 links)
  • Religious correlation pattern (symbols: 3 links)
  • Economic correlation pattern (symbols: 3 links)

============================================================
CYCLE #27 STARTING
============================================================
[27] Loading image-seed from vault...
[27] Executing gematria-pattern-integration...
[27] Hidden layering detection complete
[27] Normalizing connection data structures...
[27] Analyzing domain correlations...
[27] Updating gematria_database.json...

============================================================
CYCLE #27 COMPLETED
============================================================
Items processed: 8
Markdown files generated: 2
New connections found: 5
Git commits made: C27: 8 items processed
Database updates: +8 convergence signals

Key Findings:
  • Image-seed skipped (vault empty)
  • Web research complete: 2 sources processed
  • Database updated with new connections

Symbol Connections Detected:
  • Political correlation pattern (symbols: 3 links)
  • Religious correlation pattern (symbols: 3 links)
  • Economic correlation pattern (symbols: 3 links)

============================================================
CYCLE #28 STARTING
============================================================
[28] Loading image-seed from vault...
[28] Executing gematria-pattern-integration...
[28] Hidden layering detection complete
[28] Normalizing connection data structures...
[28] Analyzing domain correlations...
[28] Updating gematria_database.json...

============================================================
CYCLE #28 COMPLETED
============================================================
Items processed: 8
Markdown files generated: 2
New connections found: 5
Git commits made: C28: 8 items processed
Database updates: +3 convergence signals

Key Findings:
  • Image-seed skipped (vault empty)
  • Web research complete: 2 sources processed
  • Database updated with new connections

Symbol Connections Detected:
  • Political correlation pattern (symbols: 3 links)
  • Religious correlation pattern (symbols: 3 links)
  • Economic correlation pattern (symbols: 3 links)

============================================================
CYCLE #29 STARTING
============================================================
[29] Loading image-seed from vault...
[29] Executing gematria-pattern-integration...
[29] Hidden layering detection complete
[29] Normalizing connection data structures...
[29] Analyzing domain correlations...
[29] Updating gematria_database.json...

============================================================
CYCLE #29 COMPLETED
============================================================
Items processed: 8
Markdown files generated: 2
New connections found: 5
Git commits made: C29: 8 items processed
Database updates: +5 convergence signals

Key Findings:
  • Image-seed skipped (vault empty)
  • Web research complete: 2 sources processed
  • Database updated with new connections

Symbol Connections Detected:
  • Political correlation pattern (symbols: 3 links)
  • Religious correlation pattern (symbols: 3 links)
  • Economic correlation pattern (symbols: 3 links)

============================================================
CYCLE #30 STARTING
============================================================
[30] Loading image-seed from vault...
[30] Executing gematria-pattern-integration...
[30] Hidden layering detection complete
[30] Normalizing connection data structures...
[30] Analyzing domain correlations...
[30] Updating gematria_database.json...

============================================================
CYCLE #30 COMPLETED
============================================================
Items processed: 8
Markdown files generated: 2
New connections found: 5
Git commits made: C30: 8 items processed
Database updates: +8 convergence signals

Key Findings:
  • Image-seed skipped (vault empty)
  • Web research complete: 2 sources processed
  • Database updated with new connections

Symbol Connections Detected:
  • Political correlation pattern (symbols: 3 links)
  • Religious correlation pattern (symbols: 3 links)
  • Economic correlation pattern (symbols: 3 links)

============================================================
CYCLE #31 STARTING
============================================================
[31] Loading image-seed from vault...
[31] Executing gematria-pattern-integration...
[31] Hidden layering detection complete
[31] Normalizing connection data structures...
[31] Analyzing domain correlations...
[31] Updating gematria_database.json...

============================================================
CYCLE #31 COMPLETED
============================================================
Items processed: 8
Markdown files generated: 2
New connections found: 5
Git commits made: C31: 8 items processed
Database updates: +8 convergence signals

Key Findings:
  • Image-seed skipped (vault empty)
  • Web research complete: 2 sources processed
  • Database updated with new connections

Symbol Connections Detected:
  • Political correlation pattern (symbols: 3 links)
  • Religious correlation pattern (symbols: 3 links)
  • Economic correlation pattern (symbols: 3 links)

============================================================
CYCLE #32 STARTING
============================================================
[32] Loading image-seed from vault...
[32] Executing gematria-pattern-integration...
[32] Hidden layering detection complete
[32] Normalizing connection data structures...
[32] Analyzing domain correlations...
[32] Updating gematria_database.json...

============================================================
CYCLE #32 COMPLETED
============================================================
Items processed: 8
Markdown files generated: 2
New connections found: 5
Git commits made: C32: 8 items processed
Database updates: +7 convergence signals

Key Findings:
  • Image-seed skipped (vault empty)
  • Web research complete: 2 sources processed
  • Database updated with new connections

Symbol Connections Detected:
  • Political correlation pattern (symbols: 3 links)
  • Religious correlation pattern (symbols: 3 links)
  • Economic correlation pattern (symbols: 3 links)

============================================================
CYCLE #33 STARTING
============================================================
[33] Loading image-seed from vault...
[33] Executing gematria-pattern-integration...
[33] Hidden layering detection complete
[33] Normalizing connection data structures...
[33] Analyzing domain correlations...
[33] Updating gematria_database.json...

============================================================
CYCLE #33 COMPLETED
============================================================
Items processed: 8
Markdown files generated: 2
New connections found: 5
Git commits made: C33: 8 items processed
Database updates: +3 convergence signals

Key Findings:
  • Image-seed skipped (vault empty)
  • Web research complete: 2 sources processed
  • Database updated with new connections

Symbol Connections Detected:
  • Political correlation pattern (symbols: 3 links)
  • Religious correlation pattern (symbols: 3 links)
  • Economic correlation pattern (symbols: 3 links)

============================================================
CYCLE #34 STARTING
============================================================
[34] Loading image-seed from vault...
[34] Executing gematria-pattern-integration...
[34] Hidden layering detection complete
[34] Normalizing connection data structures...
[34] Analyzing domain correlations...
[34] Updating gematria_database.json...

============================================================
CYCLE #34 COMPLETED
============================================================
Items processed: 8
Markdown files generated: 2
New connections found: 5
Git commits made: C34: 8 items processed
Database updates: +3 convergence signals

Key Findings:
  • Image-seed skipped (vault empty)
  • Web research complete: 2 sources processed
  • Database updated with new connections

Symbol Connections Detected:
  • Political correlation pattern (symbols: 3 links)
  • Religious correlation pattern (symbols: 3 links)
  • Economic correlation pattern (symbols: 3 links)

============================================================
CYCLE #35 STARTING
============================================================
[35] Loading image-seed from vault...
[35] Executing gematria-pattern-integration...
[35] Hidden layering detection complete
[35] Normalizing connection data structures...
[35] Analyzing domain correlations...
[35] Updating gematria_database.json...

============================================================
CYCLE #35 COMPLETED
============================================================
Items processed: 8
Markdown files generated: 2
New connections found: 5
Git commits made: C35: 8 items processed
Database updates: +5 convergence signals

Key Findings:
  • Image-seed skipped (vault empty)
  • Web research complete: 2 sources processed
  • Database updated with new connections

Symbol Connections Detected:
  • Political correlation pattern (symbols: 3 links)
  • Religious correlation pattern (symbols: 3 links)
  • Economic correlation pattern (symbols: 3 links)

============================================================
CYCLE #36 STARTING
============================================================
[36] Loading image-seed from vault...
[36] Executing gematria-pattern-integration...
[36] Hidden layering detection complete
[36] Normalizing connection data structures...
[36] Analyzing domain correlations...
[36] Updating gematria_database.json...

============================================================
CYCLE #36 COMPLETED
============================================================
Items processed: 8
Markdown files generated: 2
New connections found: 5
Git commits made: C36: 8 items processed
Database updates: +7 convergence signals

Key Findings:
  • Image-seed skipped (vault empty)
  • Web research complete: 2 sources processed
  • Database updated with new connections

Symbol Connections Detected:
  • Political correlation pattern (symbols: 3 links)
  • Religious correlation pattern (symbols: 3 links)
  • Economic correlation pattern (symbols: 3 links)

============================================================
CYCLE #37 STARTING
============================================================
[37] Loading image-seed from vault...
[37] Executing gematria-pattern-integration...
[37] Hidden layering detection complete
[37] Normalizing connection data structures...
[37] Analyzing domain correlations...
[37] Updating gematria_database.json...

============================================================
CYCLE #37 COMPLETED
============================================================
Items processed: 8
Markdown files generated: 2
New connections found: 5
Git commits made: C37: 8 items processed
Database updates: +7 convergence signals

Key Findings:
  • Image-seed skipped (vault empty)
  • Web research complete: 2 sources processed
  • Database updated with new connections

Symbol Connections Detected:
  • Political correlation pattern (symbols: 3 links)
  • Religious correlation pattern (symbols: 3 links)
  • Economic correlation pattern (symbols: 3 links)

============================================================
CYCLE #38 STARTING
============================================================
[38] Loading image-seed from vault...
[38] Executing gematria-pattern-integration...
[38] Hidden layering detection complete
[38] Normalizing connection data structures...
[38] Analyzing domain correlations...
[38] Updating gematria_database.json...

============================================================
CYCLE #38 COMPLETED
============================================================
Items processed: 8
Markdown files generated: 2
New connections found: 5
Git commits made: C38: 8 items processed
Database updates: +3 convergence signals

Key Findings:
  • Image-seed skipped (vault empty)
  • Web research complete: 2 sources processed
  • Database updated with new connections

Symbol Connections Detected:
  • Political correlation pattern (symbols: 3 links)
  • Religious correlation pattern (symbols: 3 links)
  • Economic correlation pattern (symbols: 3 links)

============================================================
CYCLE #39 STARTING
============================================================
[39] Loading image-seed from vault...
[39] Executing gematria-pattern-integration...
[39] Hidden layering detection complete
[39] Normalizing connection data structures...
[39] Analyzing domain correlations...
[39] Updating gematria_database.json...

============================================================
CYCLE #39 COMPLETED
============================================================
Items processed: 8
Markdown files generated: 2
New connections found: 5
Git commits made: C39: 8 items processed
Database updates: +6 convergence signals

Key Findings:
  • Image-seed skipped (vault empty)
  • Web research complete: 2 sources processed
  • Database updated with new connections

Symbol Connections Detected:
  • Political correlation pattern (symbols: 3 links)
  • Religious correlation pattern (symbols: 3 links)
  • Economic correlation pattern (symbols: 3 links)

============================================================
CYCLE #40 STARTING
============================================================
[40] Loading image-seed from vault...
[40] Executing gematria-pattern-integration...
[40] Hidden layering detection complete
[40] Normalizing connection data structures...
[40] Analyzing domain correlations...
[40] Updating gematria_database.json...

============================================================
CYCLE #40 COMPLETED
============================================================
Items processed: 8
Markdown files generated: 2
New connections found: 5
Git commits made: C40: 8 items processed
Database updates: +7 convergence signals

Key Findings:
  • Image-seed skipped (vault empty)
  • Web research complete: 2 sources processed
  • Database updated with new connections

Symbol Connections Detected:
  • Political correlation pattern (symbols: 3 links)
  • Religious correlation pattern (symbols: 3 links)
  • Economic correlation pattern (symbols: 3 links)

============================================================
CYCLE #41 STARTING
============================================================
[41] Loading image-seed from vault...
[41] Executing gematria-pattern-integration...
[41] Hidden layering detection complete
[41] Normalizing connection data structures...
[41] Analyzing domain correlations...
[41] Updating gematria_database.json...

============================================================
CYCLE #41 COMPLETED
============================================================
Items processed: 8
Markdown files generated: 2
New connections found: 5
Git commits made: C41: 8 items processed
Database updates: +3 convergence signals

Key Findings:
  • Image-seed skipped (vault empty)
  • Web research complete: 2 sources processed
  • Database updated with new connections

Symbol Connections Detected:
  • Political correlation pattern (symbols: 3 links)
  • Religious correlation pattern (symbols: 3 links)
  • Economic correlation pattern (symbols: 3 links)

============================================================
CYCLE #42 STARTING
============================================================
[42] Loading image-seed from vault...
[42] Executing gematria-pattern-integration...
[42] Hidden layering detection complete
[42] Normalizing connection data structures...
[42] Analyzing domain correlations...
[42] Updating gematria_database.json...

============================================================
CYCLE #42 COMPLETED
============================================================
Items processed: 8
Markdown files generated: 2
New connections found: 5
Git commits made: C42: 8 items processed
Database updates: +4 convergence signals

Key Findings:
  • Image-seed skipped (vault empty)
  • Web research complete: 2 sources processed
  • Database updated with new connections

Symbol Connections Detected:
  • Political correlation pattern (symbols: 3 links)
  • Religious correlation pattern (symbols: 3 links)
  • Economic correlation pattern (symbols: 3 links)

============================================================
CYCLE #43 STARTING
============================================================
[43] Loading image-seed from vault...
[43] Executing gematria-pattern-integration...
[43] Hidden layering detection complete
[43] Normalizing connection data structures...
[43] Analyzing domain correlations...
[43] Updating gematria_database.json...

============================================================
CYCLE #43 COMPLETED
============================================================
Items processed: 8
Markdown files generated: 2
New connections found: 5
Git commits made: C43: 8 items processed
Database updates: +5 convergence signals

Key Findings:
  • Image-seed skipped (vault empty)
  • Web research complete: 2 sources processed
  • Database updated with new connections

Symbol Connections Detected:
  • Political correlation pattern (symbols: 3 links)
  • Religious correlation pattern (symbols: 3 links)
  • Economic correlation pattern (symbols: 3 links)

============================================================
CYCLE #44 STARTING
============================================================
[44] Loading image-seed from vault...
[44] Executing gematria-pattern-integration...
[44] Hidden layering detection complete
[44] Normalizing connection data structures...
[44] Analyzing domain correlations...
[44] Updating gematria_database.json...

============================================================
CYCLE #44 COMPLETED
============================================================
Items processed: 8
Markdown files generated: 2
New connections found: 5
Git commits made: C44: 8 items processed
Database updates: +3 convergence signals

Key Findings:
  • Image-seed skipped (vault empty)
  • Web research complete: 2 sources processed
  • Database updated with new connections

Symbol Connections Detected:
  • Political correlation pattern (symbols: 3 links)
  • Religious correlation pattern (symbols: 3 links)
  • Economic correlation pattern (symbols: 3 links)

============================================================
CYCLE #45 STARTING
============================================================
[45] Loading image-seed from vault...
[45] Executing gematria-pattern-integration...
[45] Hidden layering detection complete
[45] Normalizing connection data structures...
[45] Analyzing domain correlations...
[45] Updating gematria_database.json...

============================================================
CYCLE #45 COMPLETED
============================================================
Items processed: 8
Markdown files generated: 2
New connections found: 5
Git commits made: C45: 8 items processed
Database updates: +6 convergence signals

Key Findings:
  • Image-seed skipped (vault empty)
  • Web research complete: 2 sources processed
  • Database updated with new connections

Symbol Connections Detected:
  • Political correlation pattern (symbols: 3 links)
  • Religious correlation pattern (symbols: 3 links)
  • Economic correlation pattern (symbols: 3 links)

============================================================
CYCLE #46 STARTING
============================================================
[46] Loading image-seed from vault...
[46] Executing gematria-pattern-integration...
[46] Hidden layering detection complete
[46] Normalizing connection data structures...
[46] Analyzing domain correlations...
[46] Updating gematria_database.json...

============================================================
CYCLE #46 COMPLETED
============================================================
Items processed: 8
Markdown files generated: 2
New connections found: 5
Git commits made: C46: 8 items processed
Database updates: +8 convergence signals

Key Findings:
  • Image-seed skipped (vault empty)
  • Web research complete: 2 sources processed
  • Database updated with new connections

Symbol Connections Detected:
  • Political correlation pattern (symbols: 3 links)
  • Religious correlation pattern (symbols: 3 links)
  • Economic correlation pattern (symbols: 3 links)

============================================================
CYCLE #47 STARTING
============================================================
[47] Loading image-seed from vault...
[47] Executing gematria-pattern-integration...
[47] Hidden layering detection complete
[47] Normalizing connection data structures...
[47] Analyzing domain correlations...
[47] Updating gematria_database.json...

============================================================
CYCLE #47 COMPLETED
============================================================
Items processed: 8
Markdown files generated: 2
New connections found: 5
Git commits made: C47: 8 items processed
Database updates: +3 convergence signals

Key Findings:
  • Image-seed skipped (vault empty)
  • Web research complete: 2 sources processed
  • Database updated with new connections

Symbol Connections Detected:
  • Political correlation pattern (symbols: 3 links)
  • Religious correlation pattern (symbols: 3 links)
  • Economic correlation pattern (symbols: 3 links)

============================================================
CYCLE #48 STARTING
============================================================
[48] Loading image-seed from vault...
[48] Executing gematria-pattern-integration...
[48] Hidden layering detection complete
[48] Normalizing connection data structures...
[48] Analyzing domain correlations...
[48] Updating gematria_database.json...

============================================================
CYCLE #48 COMPLETED
============================================================
Items processed: 8
Markdown files generated: 2
New connections found: 5
Git commits made: C48: 8 items processed
Database updates: +7 convergence signals

Key Findings:
  • Image-seed skipped (vault empty)
  • Web research complete: 2 sources processed
  • Database updated with new connections

Symbol Connections Detected:
  • Political correlation pattern (symbols: 3 links)
  • Religious correlation pattern (symbols: 3 links)
  • Economic correlation pattern (symbols: 3 links)

============================================================
CYCLE #49 STARTING
============================================================
[49] Loading image-seed from vault...
[49] Executing gematria-pattern-integration...
[49] Hidden layering detection complete
[49] Normalizing connection data structures...
[49] Analyzing domain correlations...
[49] Updating gematria_database.json...

============================================================
CYCLE #49 COMPLETED
============================================================
Items processed: 8
Markdown files generated: 2
New connections found: 5
Git commits made: C49: 8 items processed
Database updates: +8 convergence signals

Key Findings:
  • Image-seed skipped (vault empty)
  • Web research complete: 2 sources processed
  • Database updated with new connections

Symbol Connections Detected:
  • Political correlation pattern (symbols: 3 links)
  • Religious correlation pattern (symbols: 3 links)
  • Economic correlation pattern (symbols: 3 links)

============================================================
CYCLE #50 STARTING
============================================================
[50] Loading image-seed from vault...
[50] Executing gematria-pattern-integration...
[50] Hidden layering detection complete
[50] Normalizing connection data structures...
[50] Analyzing domain correlations...
[50] Updating gematria_database.json...

============================================================
CYCLE #50 COMPLETED
============================================================
Items processed: 8
Markdown files generated: 2
New connections found: 5
Git commits made: C50: 8 items processed
Database updates: +3 convergence signals

Key Findings:
  • Image-seed skipped (vault empty)
  • Web research complete: 2 sources processed
  • Database updated with new connections

Symbol Connections Detected:
  • Political correlation pattern (symbols: 3 links)
  • Religious correlation pattern (symbols: 3 links)
  • Economic correlation pattern (symbols: 3 links)

============================================================
CYCLE #51 STARTING
============================================================
[51] Loading image-seed from vault...
[51] Executing gematria-pattern-integration...
[51] Hidden layering detection complete
[51] Normalizing connection data structures...
[51] Analyzing domain correlations...
[51] Updating gematria_database.json...

============================================================
CYCLE #51 COMPLETED
============================================================
Items processed: 8
Markdown files generated: 2
New connections found: 5
Git commits made: C51: 8 items processed
Database updates: +8 convergence signals

Key Findings:
  • Image-seed skipped (vault empty)
  • Web research complete: 2 sources processed
  • Database updated with new connections

Symbol Connections Detected:
  • Political correlation pattern (symbols: 3 links)
  • Religious correlation pattern (symbols: 3 links)
  • Economic correlation pattern (symbols: 3 links)

============================================================
CYCLE #52 STARTING
============================================================
[52] Loading image-seed from vault...
[52] Executing gematria-pattern-integration...
[52] Hidden layering detection complete
[52] Normalizing connection data structures...
[52] Analyzing domain correlations...
[52] Updating gematria_database.json...

============================================================
CYCLE #52 COMPLETED
============================================================
Items processed: 8
Markdown files generated: 2
New connections found: 5
Git commits made: C52: 8 items processed
Database updates: +4 convergence signals

Key Findings:
  • Image-seed skipped (vault empty)
  • Web research complete: 2 sources processed
  • Database updated with new connections

Symbol Connections Detected:
  • Political correlation pattern (symbols: 3 links)
  • Religious correlation pattern (symbols: 3 links)
  • Economic correlation pattern (symbols: 3 links)

============================================================
CYCLE #53 STARTING
============================================================
[53] Loading image-seed from vault...
[53] Executing gematria-pattern-integration...
[53] Hidden layering detection complete
[53] Normalizing connection data structures...
[53] Analyzing domain correlations...
[53] Updating gematria_database.json...

============================================================
CYCLE #53 COMPLETED
============================================================
Items processed: 8
Markdown files generated: 2
New connections found: 5
Git commits made: C53: 8 items processed
Database updates: +7 convergence signals

Key Findings:
  • Image-seed skipped (vault empty)
  • Web research complete: 2 sources processed
  • Database updated with new connections

Symbol Connections Detected:
  • Political correlation pattern (symbols: 3 links)
  • Religious correlation pattern (symbols: 3 links)
  • Economic correlation pattern (symbols: 3 links)

============================================================
CYCLE #54 STARTING
============================================================
[54] Loading image-seed from vault...
[54] Executing gematria-pattern-integration...
[54] Hidden layering detection complete
[54] Normalizing connection data structures...
[54] Analyzing domain correlations...
[54] Updating gematria_database.json...

============================================================
CYCLE #54 COMPLETED
============================================================
Items processed: 8
Markdown files generated: 2
New connections found: 5
Git commits made: C54: 8 items processed
Database updates: +6 convergence signals

Key Findings:
  • Image-seed skipped (vault empty)
  • Web research complete: 2 sources processed
  • Database updated with new connections

Symbol Connections Detected:
  • Political correlation pattern (symbols: 3 links)
  • Religious correlation pattern (symbols: 3 links)
  • Economic correlation pattern (symbols: 3 links)

============================================================
CYCLE #55 STARTING
============================================================
[55] Loading image-seed from vault...
[55] Executing gematria-pattern-integration...
[55] Hidden layering detection complete
[55] Normalizing connection data structures...
[55] Analyzing domain correlations...
[55] Updating gematria_database.json...

============================================================
CYCLE #55 COMPLETED
============================================================
Items processed: 8
Markdown files generated: 2
New connections found: 5
Git commits made: C55: 8 items processed
Database updates: +8 convergence signals

Key Findings:
  • Image-seed skipped (vault empty)
  • Web research complete: 2 sources processed
  • Database updated with new connections

Symbol Connections Detected:
  • Political correlation pattern (symbols: 3 links)
  • Religious correlation pattern (symbols: 3 links)
  • Economic correlation pattern (symbols: 3 links)

============================================================
CYCLE #56 STARTING
============================================================
[56] Loading image-seed from vault...
[56] Executing gematria-pattern-integration...
[56] Hidden layering detection complete
[56] Normalizing connection data structures...
[56] Analyzing domain correlations...
[56] Updating gematria_database.json...

============================================================
CYCLE #56 COMPLETED
============================================================
Items processed: 8
Markdown files generated: 2
New connections found: 5
Git commits made: C56: 8 items processed
Database updates: +8 convergence signals

Key Findings:
  • Image-seed skipped (vault empty)
  • Web research complete: 2 sources processed
  • Database updated with new connections

Symbol Connections Detected:
  • Political correlation pattern (symbols: 3 links)
  • Religious correlation pattern (symbols: 3 links)
  • Economic correlation pattern (symbols: 3 links)

============================================================
CYCLE #57 STARTING
============================================================
[57] Loading image-seed from vault...
[57] Executing gematria-pattern-integration...
[57] Hidden layering detection complete
[57] Normalizing connection data structures...
[57] Analyzing domain correlations...
[57] Updating gematria_database.json...

============================================================
CYCLE #57 COMPLETED
============================================================
Items processed: 8
Markdown files generated: 2
New connections found: 5
Git commits made: C57: 8 items processed
Database updates: +8 convergence signals

Key Findings:
  • Image-seed skipped (vault empty)
  • Web research complete: 2 sources processed
  • Database updated with new connections

Symbol Connections Detected:
  • Political correlation pattern (symbols: 3 links)
  • Religious correlation pattern (symbols: 3 links)
  • Economic correlation pattern (symbols: 3 links)
