🎯 STEVE'S GEMATRIA UNIFIED OVERNIGHT RESEARCH PIPELINE
   Executing with continuous loop mode - all 6 core symbols
🚀 STEVE'S GEMATRIA UNIFIED OVERNIGHT RESEARCH PIPELINE INITIALIZED
   Base Path: /home/avalonas/.hermes/gematria
   Observidian Exports: /home/avalonas/.hermes/gematria/unified_overnight_research/obsidian_exports
   OUR Vault: /home/avalonas/.hermes/gematria/unified_overnight_research/OUR
   Database: /home/avalonas/.hermes/gematria/database/gematria_database.json

================================================================================
🌀 OVERNIGHT RESEARCH CYCLE #1 - FULL SYMBOL ANALYSIS
================================================================================

🔍 Processing Core Symbol: `124` - Universal Bridge / Threshold
   ✅ Symbol 124: Pattern strength 0.908, Cross-refs: 963, 111...

🔍 Processing Core Symbol: `963` - Air Activation Phrase
   ✅ Symbol 963: Pattern strength 0.708, Cross-refs: 124, 55, 666...

🔍 Processing Core Symbol: `55` - International Diplomacy
   ✅ Symbol 55: Pattern strength 0.694, Cross-refs: 666...

🔍 Processing Core Symbol: `111` - Activation / Spirit Manifestation
   ✅ Symbol 111: Pattern strength 0.876, Cross-refs: 963, 55, 279, 666...

🔍 Processing Core Symbol: `279` - Fire Force Integration
   ✅ Symbol 279: Pattern strength 0.813, Cross-refs: 111, 666...

🔍 Processing Core Symbol: `666` - Completion / Wholeness Cycles
   ✅ Symbol 666: Pattern strength 0.818, Cross-refs: 124, 963...
Traceback (most recent call last):
  File "/home/avalonas/.hermes/gematria/unified_overnight_research/execute_overnight_research.py", line 824, in <module>
    results, matrix = engine.run_full_research_cycle()
                      ^^^^^^^^^^^^^^^^^^^^^^^^^^^^^^^^
  File "/home/avalonas/.hermes/gematria/unified_overnight_research/execute_overnight_research.py", line 145, in run_full_research_cycle
    self.update_database(results)
  File "/home/avalonas/.hermes/gematria/unified_overnight_research/execute_overnight_research.py", line 174, in update_database
    "id": len(db["entries"]) + 1,
              ~~^^^^^^^^^^^
KeyError: 'entries'
