================================================================================
🚀 STEVE'S GEMATRIA UNIFIED OVERNIGHT RESEARCH PIPELINE
   🔄 Continuous Loop Mode - repeat: 9999
   ⭐ Core Symbols: 124, 666, 963/279/55, 111, All 6 symbols ACTIVE
   🔗 Hidden Layering Detection Enabled
================================================================================

🌙 === OVERNIGHT RESEARCH PIPELINE - CYCLE #1 ===
   📝 Obsidian export: cycle_0001_report.md
Git commit error (crash recovery): Command '['git', '-C', '/home/avalonas/.hermes/gematria/unified_overnight_research', 'add', '.']' returned non-zero exit status 128.
Database update error (crash recovery): object of type 'int' has no len()

🌙 === OVERNIGHT RESEARCH PIPELINE - CYCLE #2 ===
   📝 Obsidian export: cycle_0002_report.md
Git commit error (crash recovery): Command '['git', '-C', '/home/avalonas/.hermes/gematria/unified_overnight_research', 'add', '.']' returned non-zero exit status 128.
Database update error (crash recovery): object of type 'int' has no len()

🌙 === OVERNIGHT RESEARCH PIPELINE - CYCLE #3 ===
   📝 Obsidian export: cycle_0003_report.md
Git commit warning (cycle 3): error: invalid object 100644 2153edc3a47f33b2bb6b2d48b1d9f3f42e21fb25 for 'unified_overnight_researc
Database update error (crash recovery): object of type 'int' has no len()

🌙 === OVERNIGHT RESEARCH PIPELINE - CYCLE #4 ===
   📝 Obsidian export: cycle_0004_report.md
Git commit warning (cycle 4): error: invalid object 100644 2153edc3a47f33b2bb6b2d48b1d9f3f42e21fb25 for 'unified_overnight_researc
Database update error (crash recovery): object of type 'int' has no len()

🌙 === OVERNIGHT RESEARCH PIPELINE - CYCLE #5 ===
   📝 Obsidian export: cycle_0005_report.md
Git commit warning (cycle 5): error: invalid object 100644 2153edc3a47f33b2bb6b2d48b1d9f3f42e21fb25 for 'unified_overnight_researc
Database update error (crash recovery): object of type 'int' has no len()

🌙 === OVERNIGHT RESEARCH PIPELINE - CYCLE #6 ===
   📝 Obsidian export: cycle_0006_report.md
Git commit error (crash recovery): Command '['git', '-C', '/home/avalonas/.hermes/gematria/unified_overnight_research', 'add', '.']' returned non-zero exit status 128.
Database update error (crash recovery): object of type 'int' has no len()

🌙 === OVERNIGHT RESEARCH PIPELINE - CYCLE #7 ===
   📝 Obsidian export: cycle_0007_report.md
Git commit warning (cycle 7): error: invalid object 100644 2153edc3a47f33b2bb6b2d48b1d9f3f42e21fb25 for 'unified_overnight_researc
Database update error (crash recovery): object of type 'int' has no len()

🌙 === OVERNIGHT RESEARCH PIPELINE - CYCLE #8 ===
   📝 Obsidian export: cycle_0008_report.md
Git commit warning (cycle 8): error: invalid object 100644 2153edc3a47f33b2bb6b2d48b1d9f3f42e21fb25 for 'unified_overnight_researc
Database update error (crash recovery): object of type 'int' has no len()

🌙 === OVERNIGHT RESEARCH PIPELINE - CYCLE #9 ===
   📝 Obsidian export: cycle_0009_report.md
Git commit warning (cycle 9): error: invalid object 100644 2153edc3a47f33b2bb6b2d48b1d9f3f42e21fb25 for 'unified_overnight_researc
Database update error (crash recovery): object of type 'int' has no len()

🌙 === OVERNIGHT RESEARCH PIPELINE - CYCLE #10 ===
   📝 Obsidian export: cycle_0010_report.md
Git commit error (crash recovery): Command '['git', '-C', '/home/avalonas/.hermes/gematria/unified_overnight_research', 'add', '.']' returned non-zero exit status 128.
Database update error (crash recovery): object of type 'int' has no len()

🌙 === OVERNIGHT RESEARCH PIPELINE - CYCLE #11 ===
   📝 Obsidian export: cycle_0011_report.md
Git commit warning (cycle 11): error: invalid object 100644 2153edc3a47f33b2bb6b2d48b1d9f3f42e21fb25 for 'unified_overnight_researc
Database update error (crash recovery): object of type 'int' has no len()

🌙 === OVERNIGHT RESEARCH PIPELINE - CYCLE #12 ===
   📝 Obsidian export: cycle_0012_report.md
Git commit warning (cycle 12): error: invalid object 100644 2153edc3a47f33b2bb6b2d48b1d9f3f42e21fb25 for 'unified_overnight_researc
Database update error (crash recovery): object of type 'int' has no len()

🌙 === OVERNIGHT RESEARCH PIPELINE - CYCLE #13 ===
   📝 Obsidian export: cycle_0013_report.md
Git commit error (crash recovery): Command '['git', '-C', '/home/avalonas/.hermes/gematria/unified_overnight_research', 'add', '.']' returned non-zero exit status 128.
Database update error (crash recovery): object of type 'int' has no len()

🌙 === OVERNIGHT RESEARCH PIPELINE - CYCLE #14 ===
   📝 Obsidian export: cycle_0014_report.md
Git commit warning (cycle 14): error: invalid object 100644 2153edc3a47f33b2bb6b2d48b1d9f3f42e21fb25 for 'unified_overnight_researc
Database update error (crash recovery): object of type 'int' has no len()

🌙 === OVERNIGHT RESEARCH PIPELINE - CYCLE #15 ===
   📝 Obsidian export: cycle_0015_report.md
Git commit error (crash recovery): Command '['git', '-C', '/home/avalonas/.hermes/gematria/unified_overnight_research', 'add', '.']' returned non-zero exit status 128.
Database update error (crash recovery): object of type 'int' has no len()

🌙 === OVERNIGHT RESEARCH PIPELINE - CYCLE #16 ===
   📝 Obsidian export: cycle_0016_report.md
Git commit error (crash recovery): Command '['git', '-C', '/home/avalonas/.hermes/gematria/unified_overnight_research', 'add', '.']' returned non-zero exit status 128.
Database update error (crash recovery): object of type 'int' has no len()

🌙 === OVERNIGHT RESEARCH PIPELINE - CYCLE #17 ===
   📝 Obsidian export: cycle_0017_report.md
Git commit warning (cycle 17): error: invalid object 100644 2153edc3a47f33b2bb6b2d48b1d9f3f42e21fb25 for 'unified_overnight_researc
Database update error (crash recovery): object of type 'int' has no len()

🌙 === OVERNIGHT RESEARCH PIPELINE - CYCLE #18 ===
   📝 Obsidian export: cycle_0018_report.md
Git commit warning (cycle 18): error: invalid object 100644 2153edc3a47f33b2bb6b2d48b1d9f3f42e21fb25 for 'unified_overnight_researc
Database update error (crash recovery): object of type 'int' has no len()

🌙 === OVERNIGHT RESEARCH PIPELINE - CYCLE #19 ===
   📝 Obsidian export: cycle_0019_report.md
Git commit error (crash recovery): Command '['git', '-C', '/home/avalonas/.hermes/gematria/unified_overnight_research', 'add', '.']' returned non-zero exit status 128.
Database update error (crash recovery): object of type 'int' has no len()

🌙 === OVERNIGHT RESEARCH PIPELINE - CYCLE #20 ===
   📝 Obsidian export: cycle_0020_report.md
Git commit warning (cycle 20): error: invalid object 100644 2153edc3a47f33b2bb6b2d48b1d9f3f42e21fb25 for 'unified_overnight_researc
Database update error (crash recovery): object of type 'int' has no len()

🌙 === OVERNIGHT RESEARCH PIPELINE - CYCLE #21 ===
   📝 Obsidian export: cycle_0021_report.md
Git commit error (crash recovery): Command '['git', '-C', '/home/avalonas/.hermes/gematria/unified_overnight_research', 'add', '.']' returned non-zero exit status 128.
Database update error (crash recovery): object of type 'int' has no len()

🌙 === OVERNIGHT RESEARCH PIPELINE - CYCLE #22 ===
   📝 Obsidian export: cycle_0022_report.md
Git commit warning (cycle 22): error: invalid object 100644 2153edc3a47f33b2bb6b2d48b1d9f3f42e21fb25 for 'unified_overnight_researc
Database update error (crash recovery): object of type 'int' has no len()

🌙 === OVERNIGHT RESEARCH PIPELINE - CYCLE #23 ===
   📝 Obsidian export: cycle_0023_report.md
Git commit error (crash recovery): Command '['git', '-C', '/home/avalonas/.hermes/gematria/unified_overnight_research', 'add', '.']' returned non-zero exit status 128.
Database update error (crash recovery): object of type 'int' has no len()

🌙 === OVERNIGHT RESEARCH PIPELINE - CYCLE #24 ===
   📝 Obsidian export: cycle_0024_report.md
Git commit warning (cycle 24): fatal: Unable to create '/home/avalonas/.hermes/gematria/unified_overnight_research/.git/index.lock'
Database update error (crash recovery): object of type 'int' has no len()

🌙 === OVERNIGHT RESEARCH PIPELINE - CYCLE #25 ===
   📝 Obsidian export: cycle_0025_report.md
Git commit warning (cycle 25): error: invalid object 100644 2153edc3a47f33b2bb6b2d48b1d9f3f42e21fb25 for 'unified_overnight_researc
Database update error (crash recovery): object of type 'int' has no len()

🌙 === OVERNIGHT RESEARCH PIPELINE - CYCLE #26 ===
   📝 Obsidian export: cycle_0026_report.md
Git commit error (crash recovery): Command '['git', '-C', '/home/avalonas/.hermes/gematria/unified_overnight_research', 'add', '.']' returned non-zero exit status 128.
Database update error (crash recovery): object of type 'int' has no len()

🌙 === OVERNIGHT RESEARCH PIPELINE - CYCLE #27 ===
   📝 Obsidian export: cycle_0027_report.md
Git commit error (crash recovery): Command '['git', '-C', '/home/avalonas/.hermes/gematria/unified_overnight_research', 'add', '.']' returned non-zero exit status 128.
Database update error (crash recovery): object of type 'int' has no len()

🌙 === OVERNIGHT RESEARCH PIPELINE - CYCLE #28 ===
   📝 Obsidian export: cycle_0028_report.md
Git commit error (crash recovery): Command '['git', '-C', '/home/avalonas/.hermes/gematria/unified_overnight_research', 'add', '.']' returned non-zero exit status 128.
Database update error (crash recovery): object of type 'int' has no len()

🌙 === OVERNIGHT RESEARCH PIPELINE - CYCLE #29 ===
   📝 Obsidian export: cycle_0029_report.md
Git commit warning (cycle 29): error: invalid object 100644 2153edc3a47f33b2bb6b2d48b1d9f3f42e21fb25 for 'unified_overnight_researc
Database update error (crash recovery): object of type 'int' has no len()

🌙 === OVERNIGHT RESEARCH PIPELINE - CYCLE #30 ===
   📝 Obsidian export: cycle_0030_report.md
Git commit error (crash recovery): Command '['git', '-C', '/home/avalonas/.hermes/gematria/unified_overnight_research', 'add', '.']' returned non-zero exit status 128.
Database update error (crash recovery): object of type 'int' has no len()

🌙 === OVERNIGHT RESEARCH PIPELINE - CYCLE #31 ===
   📝 Obsidian export: cycle_0031_report.md
Git commit warning (cycle 31): fatal: .git/index: index file smaller than expected

Database update error (crash recovery): object of type 'int' has no len()

🌙 === OVERNIGHT RESEARCH PIPELINE - CYCLE #32 ===
   📝 Obsidian export: cycle_0032_report.md
Git commit error (crash recovery): Command '['git', '-C', '/home/avalonas/.hermes/gematria/unified_overnight_research', 'add', '.']' returned non-zero exit status 128.
Database update error (crash recovery): object of type 'int' has no len()

🌙 === OVERNIGHT RESEARCH PIPELINE - CYCLE #33 ===
   📝 Obsidian export: cycle_0033_report.md
Git commit error (crash recovery): Command '['git', '-C', '/home/avalonas/.hermes/gematria/unified_overnight_research', 'add', '.']' returned non-zero exit status 128.
Database update error (crash recovery): object of type 'int' has no len()

🌙 === OVERNIGHT RESEARCH PIPELINE - CYCLE #34 ===
   📝 Obsidian export: cycle_0034_report.md
Git commit error (crash recovery): Command '['git', '-C', '/home/avalonas/.hermes/gematria/unified_overnight_research', 'add', '.']' returned non-zero exit status 128.
Database update error (crash recovery): object of type 'int' has no len()

🌙 === OVERNIGHT RESEARCH PIPELINE - CYCLE #35 ===
   📝 Obsidian export: cycle_0035_report.md
Git commit error (crash recovery): Command '['git', '-C', '/home/avalonas/.hermes/gematria/unified_overnight_research', 'add', '.']' returned non-zero exit status 128.
Database update error (crash recovery): object of type 'int' has no len()

🌙 === OVERNIGHT RESEARCH PIPELINE - CYCLE #36 ===
   📝 Obsidian export: cycle_0036_report.md
Git commit error (crash recovery): Command '['git', '-C', '/home/avalonas/.hermes/gematria/unified_overnight_research', 'add', '.']' returned non-zero exit status 128.
Database update error (crash recovery): object of type 'int' has no len()

🌙 === OVERNIGHT RESEARCH PIPELINE - CYCLE #37 ===
   📝 Obsidian export: cycle_0037_report.md
Git commit error (crash recovery): Command '['git', '-C', '/home/avalonas/.hermes/gematria/unified_overnight_research', 'add', '.']' returned non-zero exit status 128.
Database update error (crash recovery): object of type 'int' has no len()

🌙 === OVERNIGHT RESEARCH PIPELINE - CYCLE #38 ===
   📝 Obsidian export: cycle_0038_report.md
Git commit error (crash recovery): Command '['git', '-C', '/home/avalonas/.hermes/gematria/unified_overnight_research', 'add', '.']' returned non-zero exit status 128.
Database update error (crash recovery): object of type 'int' has no len()

🌙 === OVERNIGHT RESEARCH PIPELINE - CYCLE #39 ===
   📝 Obsidian export: cycle_0039_report.md
Git commit error (crash recovery): Command '['git', '-C', '/home/avalonas/.hermes/gematria/unified_overnight_research', 'add', '.']' returned non-zero exit status 128.
Database update error (crash recovery): object of type 'int' has no len()

🌙 === OVERNIGHT RESEARCH PIPELINE - CYCLE #40 ===
   📝 Obsidian export: cycle_0040_report.md
Git commit error (crash recovery): Command '['git', '-C', '/home/avalonas/.hermes/gematria/unified_overnight_research', 'add', '.']' returned non-zero exit status 128.
Database update error (crash recovery): object of type 'int' has no len()

🌙 === OVERNIGHT RESEARCH PIPELINE - CYCLE #41 ===
   📝 Obsidian export: cycle_0041_report.md
Git commit error (crash recovery): Command '['git', '-C', '/home/avalonas/.hermes/gematria/unified_overnight_research', 'add', '.']' returned non-zero exit status 128.
Database update error (crash recovery): object of type 'int' has no len()

🌙 === OVERNIGHT RESEARCH PIPELINE - CYCLE #42 ===
   📝 Obsidian export: cycle_0042_report.md
Git commit error (crash recovery): Command '['git', '-C', '/home/avalonas/.hermes/gematria/unified_overnight_research', 'add', '.']' returned non-zero exit status 128.
Database update error (crash recovery): object of type 'int' has no len()

🌙 === OVERNIGHT RESEARCH PIPELINE - CYCLE #43 ===
   📝 Obsidian export: cycle_0043_report.md
Git commit error (crash recovery): Command '['git', '-C', '/home/avalonas/.hermes/gematria/unified_overnight_research', 'add', '.']' returned non-zero exit status 128.
Database update error (crash recovery): object of type 'int' has no len()

🌙 === OVERNIGHT RESEARCH PIPELINE - CYCLE #44 ===
   📝 Obsidian export: cycle_0044_report.md
Git commit error (crash recovery): Command '['git', '-C', '/home/avalonas/.hermes/gematria/unified_overnight_research', 'add', '.']' returned non-zero exit status 128.
Database update error (crash recovery): object of type 'int' has no len()

🌙 === OVERNIGHT RESEARCH PIPELINE - CYCLE #45 ===
   📝 Obsidian export: cycle_0045_report.md
Git commit error (crash recovery): Command '['git', '-C', '/home/avalonas/.hermes/gematria/unified_overnight_research', 'add', '.']' returned non-zero exit status 128.
Database update error (crash recovery): object of type 'int' has no len()

🌙 === OVERNIGHT RESEARCH PIPELINE - CYCLE #46 ===
   📝 Obsidian export: cycle_0046_report.md
Git commit error (crash recovery): Command '['git', '-C', '/home/avalonas/.hermes/gematria/unified_overnight_research', 'add', '.']' returned non-zero exit status 128.
Database update error (crash recovery): object of type 'int' has no len()

🌙 === OVERNIGHT RESEARCH PIPELINE - CYCLE #47 ===
   📝 Obsidian export: cycle_0047_report.md
Git commit error (crash recovery): Command '['git', '-C', '/home/avalonas/.hermes/gematria/unified_overnight_research', 'add', '.']' returned non-zero exit status 128.
Database update error (crash recovery): object of type 'int' has no len()

🌙 === OVERNIGHT RESEARCH PIPELINE - CYCLE #48 ===
   📝 Obsidian export: cycle_0048_report.md
Git commit error (crash recovery): Command '['git', '-C', '/home/avalonas/.hermes/gematria/unified_overnight_research', 'add', '.']' returned non-zero exit status 128.
Database update error (crash recovery): object of type 'int' has no len()

🌙 === OVERNIGHT RESEARCH PIPELINE - CYCLE #49 ===
   📝 Obsidian export: cycle_0049_report.md
Git commit error (crash recovery): Command '['git', '-C', '/home/avalonas/.hermes/gematria/unified_overnight_research', 'add', '.']' returned non-zero exit status 128.
Database update error (crash recovery): object of type 'int' has no len()

📊 Progress: Cycle 50 / 9999

🌙 === OVERNIGHT RESEARCH PIPELINE - CYCLE #50 ===
   📝 Obsidian export: cycle_0050_report.md
Git commit error (crash recovery): Command '['git', '-C', '/home/avalonas/.hermes/gematria/unified_overnight_research', 'add', '.']' returned non-zero exit status 128.
Database update error (crash recovery): object of type 'int' has no len()

🌙 === OVERNIGHT RESEARCH PIPELINE - CYCLE #51 ===
   📝 Obsidian export: cycle_0051_report.md
Git commit error (crash recovery): Command '['git', '-C', '/home/avalonas/.hermes/gematria/unified_overnight_research', 'add', '.']' returned non-zero exit status 128.
Database update error (crash recovery): object of type 'int' has no len()

🌙 === OVERNIGHT RESEARCH PIPELINE - CYCLE #52 ===
   📝 Obsidian export: cycle_0052_report.md
Git commit error (crash recovery): Command '['git', '-C', '/home/avalonas/.hermes/gematria/unified_overnight_research', 'add', '.']' returned non-zero exit status 128.
Database update error (crash recovery): object of type 'int' has no len()

🌙 === OVERNIGHT RESEARCH PIPELINE - CYCLE #53 ===
   📝 Obsidian export: cycle_0053_report.md
Git commit error (crash recovery): Command '['git', '-C', '/home/avalonas/.hermes/gematria/unified_overnight_research', 'add', '.']' returned non-zero exit status 128.
Database update error (crash recovery): object of type 'int' has no len()

🌙 === OVERNIGHT RESEARCH PIPELINE - CYCLE #54 ===
   📝 Obsidian export: cycle_0054_report.md
Git commit error (crash recovery): Command '['git', '-C', '/home/avalonas/.hermes/gematria/unified_overnight_research', 'add', '.']' returned non-zero exit status 128.
Database update error (crash recovery): object of type 'int' has no len()

🌙 === OVERNIGHT RESEARCH PIPELINE - CYCLE #55 ===
   📝 Obsidian export: cycle_0055_report.md
Git commit error (crash recovery): Command '['git', '-C', '/home/avalonas/.hermes/gematria/unified_overnight_research', 'add', '.']' returned non-zero exit status 128.
Database update error (crash recovery): object of type 'int' has no len()

🌙 === OVERNIGHT RESEARCH PIPELINE - CYCLE #56 ===
   📝 Obsidian export: cycle_0056_report.md
Git commit error (crash recovery): Command '['git', '-C', '/home/avalonas/.hermes/gematria/unified_overnight_research', 'add', '.']' returned non-zero exit status 128.
Database update error (crash recovery): object of type 'int' has no len()

🌙 === OVERNIGHT RESEARCH PIPELINE - CYCLE #57 ===
   📝 Obsidian export: cycle_0057_report.md
Git commit error (crash recovery): Command '['git', '-C', '/home/avalonas/.hermes/gematria/unified_overnight_research', 'add', '.']' returned non-zero exit status 128.
Database update error (crash recovery): object of type 'int' has no len()

🌙 === OVERNIGHT RESEARCH PIPELINE - CYCLE #58 ===
   📝 Obsidian export: cycle_0058_report.md
Git commit error (crash recovery): Command '['git', '-C', '/home/avalonas/.hermes/gematria/unified_overnight_research', 'add', '.']' returned non-zero exit status 128.
Database update error (crash recovery): object of type 'int' has no len()

🌙 === OVERNIGHT RESEARCH PIPELINE - CYCLE #59 ===
   📝 Obsidian export: cycle_0059_report.md
Git commit error (crash recovery): Command '['git', '-C', '/home/avalonas/.hermes/gematria/unified_overnight_research', 'add', '.']' returned non-zero exit status 128.
Database update error (crash recovery): object of type 'int' has no len()

🌙 === OVERNIGHT RESEARCH PIPELINE - CYCLE #60 ===
   📝 Obsidian export: cycle_0060_report.md
Git commit error (crash recovery): Command '['git', '-C', '/home/avalonas/.hermes/gematria/unified_overnight_research', 'add', '.']' returned non-zero exit status 128.
Database update error (crash recovery): object of type 'int' has no len()

🌙 === OVERNIGHT RESEARCH PIPELINE - CYCLE #61 ===
   📝 Obsidian export: cycle_0061_report.md
Git commit error (crash recovery): Command '['git', '-C', '/home/avalonas/.hermes/gematria/unified_overnight_research', 'add', '.']' returned non-zero exit status 128.
Database update error (crash recovery): object of type 'int' has no len()

🌙 === OVERNIGHT RESEARCH PIPELINE - CYCLE #62 ===
   📝 Obsidian export: cycle_0062_report.md
Git commit error (crash recovery): Command '['git', '-C', '/home/avalonas/.hermes/gematria/unified_overnight_research', 'add', '.']' returned non-zero exit status 128.
Database update error (crash recovery): object of type 'int' has no len()

🌙 === OVERNIGHT RESEARCH PIPELINE - CYCLE #63 ===
   📝 Obsidian export: cycle_0063_report.md
Git commit error (crash recovery): Command '['git', '-C', '/home/avalonas/.hermes/gematria/unified_overnight_research', 'add', '.']' returned non-zero exit status 128.
Database update error (crash recovery): object of type 'int' has no len()

🌙 === OVERNIGHT RESEARCH PIPELINE - CYCLE #64 ===
   📝 Obsidian export: cycle_0064_report.md
Git commit error (crash recovery): Command '['git', '-C', '/home/avalonas/.hermes/gematria/unified_overnight_research', 'add', '.']' returned non-zero exit status 128.
Database update error (crash recovery): object of type 'int' has no len()

🌙 === OVERNIGHT RESEARCH PIPELINE - CYCLE #65 ===
   📝 Obsidian export: cycle_0065_report.md
Git commit error (crash recovery): Command '['git', '-C', '/home/avalonas/.hermes/gematria/unified_overnight_research', 'add', '.']' returned non-zero exit status 128.
Database update error (crash recovery): object of type 'int' has no len()

🌙 === OVERNIGHT RESEARCH PIPELINE - CYCLE #66 ===
   📝 Obsidian export: cycle_0066_report.md
Git commit error (crash recovery): Command '['git', '-C', '/home/avalonas/.hermes/gematria/unified_overnight_research', 'add', '.']' returned non-zero exit status 128.
Database update error (crash recovery): object of type 'int' has no len()

🌙 === OVERNIGHT RESEARCH PIPELINE - CYCLE #67 ===
   📝 Obsidian export: cycle_0067_report.md
Git commit error (crash recovery): Command '['git', '-C', '/home/avalonas/.hermes/gematria/unified_overnight_research', 'add', '.']' returned non-zero exit status 128.
Database update error (crash recovery): object of type 'int' has no len()

🌙 === OVERNIGHT RESEARCH PIPELINE - CYCLE #68 ===
   📝 Obsidian export: cycle_0068_report.md
Git commit error (crash recovery): Command '['git', '-C', '/home/avalonas/.hermes/gematria/unified_overnight_research', 'add', '.']' returned non-zero exit status 128.
Database update error (crash recovery): object of type 'int' has no len()

🌙 === OVERNIGHT RESEARCH PIPELINE - CYCLE #69 ===
   📝 Obsidian export: cycle_0069_report.md
Git commit error (crash recovery): Command '['git', '-C', '/home/avalonas/.hermes/gematria/unified_overnight_research', 'add', '.']' returned non-zero exit status 128.
Database update error (crash recovery): object of type 'int' has no len()

🌙 === OVERNIGHT RESEARCH PIPELINE - CYCLE #70 ===
   📝 Obsidian export: cycle_0070_report.md
Git commit error (crash recovery): Command '['git', '-C', '/home/avalonas/.hermes/gematria/unified_overnight_research', 'add', '.']' returned non-zero exit status 128.
Database update error (crash recovery): object of type 'int' has no len()

🌙 === OVERNIGHT RESEARCH PIPELINE - CYCLE #71 ===
   📝 Obsidian export: cycle_0071_report.md
Git commit error (crash recovery): Command '['git', '-C', '/home/avalonas/.hermes/gematria/unified_overnight_research', 'add', '.']' returned non-zero exit status 128.
Database update error (crash recovery): object of type 'int' has no len()

🌙 === OVERNIGHT RESEARCH PIPELINE - CYCLE #72 ===
   📝 Obsidian export: cycle_0072_report.md
Git commit error (crash recovery): Command '['git', '-C', '/home/avalonas/.hermes/gematria/unified_overnight_research', 'add', '.']' returned non-zero exit status 128.
Database update error (crash recovery): object of type 'int' has no len()

🌙 === OVERNIGHT RESEARCH PIPELINE - CYCLE #73 ===
   📝 Obsidian export: cycle_0073_report.md
Git commit error (crash recovery): Command '['git', '-C', '/home/avalonas/.hermes/gematria/unified_overnight_research', 'add', '.']' returned non-zero exit status 128.
Database update error (crash recovery): object of type 'int' has no len()

🌙 === OVERNIGHT RESEARCH PIPELINE - CYCLE #74 ===
   📝 Obsidian export: cycle_0074_report.md
Git commit error (crash recovery): Command '['git', '-C', '/home/avalonas/.hermes/gematria/unified_overnight_research', 'add', '.']' returned non-zero exit status 128.
Database update error (crash recovery): object of type 'int' has no len()

🌙 === OVERNIGHT RESEARCH PIPELINE - CYCLE #75 ===
   📝 Obsidian export: cycle_0075_report.md
Git commit error (crash recovery): Command '['git', '-C', '/home/avalonas/.hermes/gematria/unified_overnight_research', 'add', '.']' returned non-zero exit status 128.
Database update error (crash recovery): object of type 'int' has no len()

🌙 === OVERNIGHT RESEARCH PIPELINE - CYCLE #76 ===
   📝 Obsidian export: cycle_0076_report.md
Git commit error (crash recovery): Command '['git', '-C', '/home/avalonas/.hermes/gematria/unified_overnight_research', 'add', '.']' returned non-zero exit status 128.
Database update error (crash recovery): object of type 'int' has no len()

🌙 === OVERNIGHT RESEARCH PIPELINE - CYCLE #77 ===
   📝 Obsidian export: cycle_0077_report.md
Git commit error (crash recovery): Command '['git', '-C', '/home/avalonas/.hermes/gematria/unified_overnight_research', 'add', '.']' returned non-zero exit status 128.
Database update error (crash recovery): object of type 'int' has no len()

🌙 === OVERNIGHT RESEARCH PIPELINE - CYCLE #78 ===
   📝 Obsidian export: cycle_0078_report.md
Git commit error (crash recovery): Command '['git', '-C', '/home/avalonas/.hermes/gematria/unified_overnight_research', 'add', '.']' returned non-zero exit status 128.
Database update error (crash recovery): object of type 'int' has no len()

🌙 === OVERNIGHT RESEARCH PIPELINE - CYCLE #79 ===
   📝 Obsidian export: cycle_0079_report.md
Git commit error (crash recovery): Command '['git', '-C', '/home/avalonas/.hermes/gematria/unified_overnight_research', 'add', '.']' returned non-zero exit status 128.
Database update error (crash recovery): object of type 'int' has no len()

🌙 === OVERNIGHT RESEARCH PIPELINE - CYCLE #80 ===
   📝 Obsidian export: cycle_0080_report.md
Git commit error (crash recovery): Command '['git', '-C', '/home/avalonas/.hermes/gematria/unified_overnight_research', 'add', '.']' returned non-zero exit status 128.
Database update error (crash recovery): object of type 'int' has no len()

🌙 === OVERNIGHT RESEARCH PIPELINE - CYCLE #81 ===
   📝 Obsidian export: cycle_0081_report.md
Git commit error (crash recovery): Command '['git', '-C', '/home/avalonas/.hermes/gematria/unified_overnight_research', 'add', '.']' returned non-zero exit status 128.
Database update error (crash recovery): object of type 'int' has no len()

🌙 === OVERNIGHT RESEARCH PIPELINE - CYCLE #82 ===
   📝 Obsidian export: cycle_0082_report.md
Git commit error (crash recovery): Command '['git', '-C', '/home/avalonas/.hermes/gematria/unified_overnight_research', 'add', '.']' returned non-zero exit status 128.
Database update error (crash recovery): object of type 'int' has no len()

🌙 === OVERNIGHT RESEARCH PIPELINE - CYCLE #83 ===
   📝 Obsidian export: cycle_0083_report.md
Git commit error (crash recovery): Command '['git', '-C', '/home/avalonas/.hermes/gematria/unified_overnight_research', 'add', '.']' returned non-zero exit status 128.
Database update error (crash recovery): object of type 'int' has no len()

🌙 === OVERNIGHT RESEARCH PIPELINE - CYCLE #84 ===
   📝 Obsidian export: cycle_0084_report.md
Git commit error (crash recovery): Command '['git', '-C', '/home/avalonas/.hermes/gematria/unified_overnight_research', 'add', '.']' returned non-zero exit status 128.
Database update error (crash recovery): object of type 'int' has no len()

🌙 === OVERNIGHT RESEARCH PIPELINE - CYCLE #85 ===
   📝 Obsidian export: cycle_0085_report.md
Git commit error (crash recovery): Command '['git', '-C', '/home/avalonas/.hermes/gematria/unified_overnight_research', 'add', '.']' returned non-zero exit status 128.
Database update error (crash recovery): object of type 'int' has no len()

🌙 === OVERNIGHT RESEARCH PIPELINE - CYCLE #86 ===
   📝 Obsidian export: cycle_0086_report.md
Git commit error (crash recovery): Command '['git', '-C', '/home/avalonas/.hermes/gematria/unified_overnight_research', 'add', '.']' returned non-zero exit status 128.
Database update error (crash recovery): object of type 'int' has no len()

🌙 === OVERNIGHT RESEARCH PIPELINE - CYCLE #87 ===
   📝 Obsidian export: cycle_0087_report.md
Git commit error (crash recovery): Command '['git', '-C', '/home/avalonas/.hermes/gematria/unified_overnight_research', 'add', '.']' returned non-zero exit status 128.
Database update error (crash recovery): object of type 'int' has no len()

🌙 === OVERNIGHT RESEARCH PIPELINE - CYCLE #88 ===
   📝 Obsidian export: cycle_0088_report.md
Git commit error (crash recovery): Command '['git', '-C', '/home/avalonas/.hermes/gematria/unified_overnight_research', 'add', '.']' returned non-zero exit status 128.
Database update error (crash recovery): object of type 'int' has no len()

🌙 === OVERNIGHT RESEARCH PIPELINE - CYCLE #89 ===
   📝 Obsidian export: cycle_0089_report.md
Git commit error (crash recovery): Command '['git', '-C', '/home/avalonas/.hermes/gematria/unified_overnight_research', 'add', '.']' returned non-zero exit status 128.
Database update error (crash recovery): object of type 'int' has no len()

🌙 === OVERNIGHT RESEARCH PIPELINE - CYCLE #90 ===
   📝 Obsidian export: cycle_0090_report.md
Git commit error (crash recovery): Command '['git', '-C', '/home/avalonas/.hermes/gematria/unified_overnight_research', 'add', '.']' returned non-zero exit status 128.
Database update error (crash recovery): object of type 'int' has no len()

🌙 === OVERNIGHT RESEARCH PIPELINE - CYCLE #91 ===
   📝 Obsidian export: cycle_0091_report.md
Git commit error (crash recovery): Command '['git', '-C', '/home/avalonas/.hermes/gematria/unified_overnight_research', 'add', '.']' returned non-zero exit status 128.
Database update error (crash recovery): object of type 'int' has no len()

🌙 === OVERNIGHT RESEARCH PIPELINE - CYCLE #92 ===
   📝 Obsidian export: cycle_0092_report.md
Git commit error (crash recovery): Command '['git', '-C', '/home/avalonas/.hermes/gematria/unified_overnight_research', 'add', '.']' returned non-zero exit status 128.
Database update error (crash recovery): object of type 'int' has no len()

🌙 === OVERNIGHT RESEARCH PIPELINE - CYCLE #93 ===
   📝 Obsidian export: cycle_0093_report.md
Git commit error (crash recovery): Command '['git', '-C', '/home/avalonas/.hermes/gematria/unified_overnight_research', 'add', '.']' returned non-zero exit status 128.
Database update error (crash recovery): object of type 'int' has no len()

🌙 === OVERNIGHT RESEARCH PIPELINE - CYCLE #94 ===
   📝 Obsidian export: cycle_0094_report.md
Git commit error (crash recovery): Command '['git', '-C', '/home/avalonas/.hermes/gematria/unified_overnight_research', 'add', '.']' returned non-zero exit status 128.
Database update error (crash recovery): object of type 'int' has no len()

🌙 === OVERNIGHT RESEARCH PIPELINE - CYCLE #95 ===
   📝 Obsidian export: cycle_0095_report.md
Git commit error (crash recovery): Command '['git', '-C', '/home/avalonas/.hermes/gematria/unified_overnight_research', 'add', '.']' returned non-zero exit status 128.
Database update error (crash recovery): object of type 'int' has no len()

🌙 === OVERNIGHT RESEARCH PIPELINE - CYCLE #96 ===
   📝 Obsidian export: cycle_0096_report.md
Git commit error (crash recovery): Command '['git', '-C', '/home/avalonas/.hermes/gematria/unified_overnight_research', 'add', '.']' returned non-zero exit status 128.
Database update error (crash recovery): object of type 'int' has no len()

🌙 === OVERNIGHT RESEARCH PIPELINE - CYCLE #97 ===
   📝 Obsidian export: cycle_0097_report.md
Git commit error (crash recovery): Command '['git', '-C', '/home/avalonas/.hermes/gematria/unified_overnight_research', 'add', '.']' returned non-zero exit status 128.
Database update error (crash recovery): object of type 'int' has no len()

🌙 === OVERNIGHT RESEARCH PIPELINE - CYCLE #98 ===
   📝 Obsidian export: cycle_0098_report.md
Git commit error (crash recovery): Command '['git', '-C', '/home/avalonas/.hermes/gematria/unified_overnight_research', 'add', '.']' returned non-zero exit status 128.
Database update error (crash recovery): object of type 'int' has no len()

🌙 === OVERNIGHT RESEARCH PIPELINE - CYCLE #99 ===
   📝 Obsidian export: cycle_0099_report.md
Git commit error (crash recovery): Command '['git', '-C', '/home/avalonas/.hermes/gematria/unified_overnight_research', 'add', '.']' returned non-zero exit status 128.
Database update error (crash recovery): object of type 'int' has no len()

📊 Progress: Cycle 100 / 9999

🌙 === OVERNIGHT RESEARCH PIPELINE - CYCLE #100 ===
   📝 Obsidian export: cycle_0100_report.md
Git commit error (crash recovery): Command '['git', '-C', '/home/avalonas/.hermes/gematria/unified_overnight_research', 'add', '.']' returned non-zero exit status 128.
Database update error (crash recovery): object of type 'int' has no len()

🌙 === OVERNIGHT RESEARCH PIPELINE - CYCLE #101 ===
   📝 Obsidian export: cycle_0101_report.md
Git commit error (crash recovery): Command '['git', '-C', '/home/avalonas/.hermes/gematria/unified_overnight_research', 'add', '.']' returned non-zero exit status 128.
Database update error (crash recovery): object of type 'int' has no len()

🌙 === OVERNIGHT RESEARCH PIPELINE - CYCLE #102 ===
   📝 Obsidian export: cycle_0102_report.md
Git commit error (crash recovery): Command '['git', '-C', '/home/avalonas/.hermes/gematria/unified_overnight_research', 'add', '.']' returned non-zero exit status 128.
Database update error (crash recovery): object of type 'int' has no len()

🌙 === OVERNIGHT RESEARCH PIPELINE - CYCLE #103 ===
   📝 Obsidian export: cycle_0103_report.md
Git commit error (crash recovery): Command '['git', '-C', '/home/avalonas/.hermes/gematria/unified_overnight_research', 'add', '.']' returned non-zero exit status 128.
Database update error (crash recovery): object of type 'int' has no len()

🌙 === OVERNIGHT RESEARCH PIPELINE - CYCLE #104 ===
   📝 Obsidian export: cycle_0104_report.md
Git commit error (crash recovery): Command '['git', '-C', '/home/avalonas/.hermes/gematria/unified_overnight_research', 'add', '.']' returned non-zero exit status 128.
Database update error (crash recovery): object of type 'int' has no len()

🌙 === OVERNIGHT RESEARCH PIPELINE - CYCLE #105 ===
   📝 Obsidian export: cycle_0105_report.md
Git commit error (crash recovery): Command '['git', '-C', '/home/avalonas/.hermes/gematria/unified_overnight_research', 'add', '.']' returned non-zero exit status 128.
Database update error (crash recovery): object of type 'int' has no len()

🌙 === OVERNIGHT RESEARCH PIPELINE - CYCLE #106 ===
   📝 Obsidian export: cycle_0106_report.md
Git commit error (crash recovery): Command '['git', '-C', '/home/avalonas/.hermes/gematria/unified_overnight_research', 'add', '.']' returned non-zero exit status 128.
Database update error (crash recovery): object of type 'int' has no len()

🌙 === OVERNIGHT RESEARCH PIPELINE - CYCLE #107 ===
   📝 Obsidian export: cycle_0107_report.md
Git commit error (crash recovery): Command '['git', '-C', '/home/avalonas/.hermes/gematria/unified_overnight_research', 'add', '.']' returned non-zero exit status 128.
Database update error (crash recovery): object of type 'int' has no len()

🌙 === OVERNIGHT RESEARCH PIPELINE - CYCLE #108 ===
   📝 Obsidian export: cycle_0108_report.md
Git commit error (crash recovery): Command '['git', '-C', '/home/avalonas/.hermes/gematria/unified_overnight_research', 'add', '.']' returned non-zero exit status 128.
Database update error (crash recovery): object of type 'int' has no len()

🌙 === OVERNIGHT RESEARCH PIPELINE - CYCLE #109 ===
   📝 Obsidian export: cycle_0109_report.md
Git commit error (crash recovery): Command '['git', '-C', '/home/avalonas/.hermes/gematria/unified_overnight_research', 'add', '.']' returned non-zero exit status 128.
Database update error (crash recovery): object of type 'int' has no len()

🌙 === OVERNIGHT RESEARCH PIPELINE - CYCLE #110 ===
   📝 Obsidian export: cycle_0110_report.md
Git commit error (crash recovery): Command '['git', '-C', '/home/avalonas/.hermes/gematria/unified_overnight_research', 'add', '.']' returned non-zero exit status 128.
Database update error (crash recovery): object of type 'int' has no len()

🌙 === OVERNIGHT RESEARCH PIPELINE - CYCLE #111 ===
   📝 Obsidian export: cycle_0111_report.md
Git commit error (crash recovery): Command '['git', '-C', '/home/avalonas/.hermes/gematria/unified_overnight_research', 'add', '.']' returned non-zero exit status 128.
Database update error (crash recovery): object of type 'int' has no len()

🌙 === OVERNIGHT RESEARCH PIPELINE - CYCLE #112 ===
   📝 Obsidian export: cycle_0112_report.md
Git commit error (crash recovery): Command '['git', '-C', '/home/avalonas/.hermes/gematria/unified_overnight_research', 'add', '.']' returned non-zero exit status 128.
Database update error (crash recovery): object of type 'int' has no len()

🌙 === OVERNIGHT RESEARCH PIPELINE - CYCLE #113 ===
   📝 Obsidian export: cycle_0113_report.md
Git commit error (crash recovery): Command '['git', '-C', '/home/avalonas/.hermes/gematria/unified_overnight_research', 'add', '.']' returned non-zero exit status 128.
Database update error (crash recovery): object of type 'int' has no len()

🌙 === OVERNIGHT RESEARCH PIPELINE - CYCLE #114 ===
   📝 Obsidian export: cycle_0114_report.md
Git commit error (crash recovery): Command '['git', '-C', '/home/avalonas/.hermes/gematria/unified_overnight_research', 'add', '.']' returned non-zero exit status 128.
Database update error (crash recovery): object of type 'int' has no len()

🌙 === OVERNIGHT RESEARCH PIPELINE - CYCLE #115 ===
   📝 Obsidian export: cycle_0115_report.md
Git commit error (crash recovery): Command '['git', '-C', '/home/avalonas/.hermes/gematria/unified_overnight_research', 'add', '.']' returned non-zero exit status 128.
Database update error (crash recovery): object of type 'int' has no len()

🌙 === OVERNIGHT RESEARCH PIPELINE - CYCLE #116 ===
   📝 Obsidian export: cycle_0116_report.md
Git commit error (crash recovery): Command '['git', '-C', '/home/avalonas/.hermes/gematria/unified_overnight_research', 'add', '.']' returned non-zero exit status 128.
Database update error (crash recovery): object of type 'int' has no len()

🌙 === OVERNIGHT RESEARCH PIPELINE - CYCLE #117 ===
   📝 Obsidian export: cycle_0117_report.md
Git commit error (crash recovery): Command '['git', '-C', '/home/avalonas/.hermes/gematria/unified_overnight_research', 'add', '.']' returned non-zero exit status 128.
Database update error (crash recovery): object of type 'int' has no len()

🌙 === OVERNIGHT RESEARCH PIPELINE - CYCLE #118 ===
   📝 Obsidian export: cycle_0118_report.md
Git commit error (crash recovery): Command '['git', '-C', '/home/avalonas/.hermes/gematria/unified_overnight_research', 'add', '.']' returned non-zero exit status 128.
Database update error (crash recovery): object of type 'int' has no len()

🌙 === OVERNIGHT RESEARCH PIPELINE - CYCLE #119 ===
   📝 Obsidian export: cycle_0119_report.md
Git commit error (crash recovery): Command '['git', '-C', '/home/avalonas/.hermes/gematria/unified_overnight_research', 'add', '.']' returned non-zero exit status 128.
Database update error (crash recovery): object of type 'int' has no len()

🌙 === OVERNIGHT RESEARCH PIPELINE - CYCLE #120 ===
   📝 Obsidian export: cycle_0120_report.md
Git commit error (crash recovery): Command '['git', '-C', '/home/avalonas/.hermes/gematria/unified_overnight_research', 'add', '.']' returned non-zero exit status 128.
Database update error (crash recovery): object of type 'int' has no len()

🌙 === OVERNIGHT RESEARCH PIPELINE - CYCLE #121 ===
   📝 Obsidian export: cycle_0121_report.md
Git commit error (crash recovery): Command '['git', '-C', '/home/avalonas/.hermes/gematria/unified_overnight_research', 'add', '.']' returned non-zero exit status 128.
Database update error (crash recovery): object of type 'int' has no len()

🌙 === OVERNIGHT RESEARCH PIPELINE - CYCLE #122 ===
   📝 Obsidian export: cycle_0122_report.md
Git commit error (crash recovery): Command '['git', '-C', '/home/avalonas/.hermes/gematria/unified_overnight_research', 'add', '.']' returned non-zero exit status 128.
Database update error (crash recovery): object of type 'int' has no len()

🌙 === OVERNIGHT RESEARCH PIPELINE - CYCLE #123 ===
   📝 Obsidian export: cycle_0123_report.md
Git commit error (crash recovery): Command '['git', '-C', '/home/avalonas/.hermes/gematria/unified_overnight_research', 'add', '.']' returned non-zero exit status 128.
Database update error (crash recovery): object of type 'int' has no len()

🌙 === OVERNIGHT RESEARCH PIPELINE - CYCLE #124 ===
   📝 Obsidian export: cycle_0124_report.md
Git commit error (crash recovery): Command '['git', '-C', '/home/avalonas/.hermes/gematria/unified_overnight_research', 'add', '.']' returned non-zero exit status 128.
Database update error (crash recovery): object of type 'int' has no len()

🌙 === OVERNIGHT RESEARCH PIPELINE - CYCLE #125 ===
   📝 Obsidian export: cycle_0125_report.md
Git commit error (crash recovery): Command '['git', '-C', '/home/avalonas/.hermes/gematria/unified_overnight_research', 'add', '.']' returned non-zero exit status 128.
Database update error (crash recovery): object of type 'int' has no len()

🌙 === OVERNIGHT RESEARCH PIPELINE - CYCLE #126 ===
   📝 Obsidian export: cycle_0126_report.md
Git commit error (crash recovery): Command '['git', '-C', '/home/avalonas/.hermes/gematria/unified_overnight_research', 'add', '.']' returned non-zero exit status 128.
Database update error (crash recovery): object of type 'int' has no len()

🌙 === OVERNIGHT RESEARCH PIPELINE - CYCLE #127 ===
   📝 Obsidian export: cycle_0127_report.md
Git commit error (crash recovery): Command '['git', '-C', '/home/avalonas/.hermes/gematria/unified_overnight_research', 'add', '.']' returned non-zero exit status 128.
Database update error (crash recovery): object of type 'int' has no len()

🌙 === OVERNIGHT RESEARCH PIPELINE - CYCLE #128 ===
   📝 Obsidian export: cycle_0128_report.md
Git commit error (crash recovery): Command '['git', '-C', '/home/avalonas/.hermes/gematria/unified_overnight_research', 'add', '.']' returned non-zero exit status 128.
Database update error (crash recovery): object of type 'int' has no len()

🌙 === OVERNIGHT RESEARCH PIPELINE - CYCLE #129 ===
   📝 Obsidian export: cycle_0129_report.md
Git commit error (crash recovery): Command '['git', '-C', '/home/avalonas/.hermes/gematria/unified_overnight_research', 'add', '.']' returned non-zero exit status 128.
Database update error (crash recovery): object of type 'int' has no len()

🌙 === OVERNIGHT RESEARCH PIPELINE - CYCLE #130 ===
   📝 Obsidian export: cycle_0130_report.md
Git commit error (crash recovery): Command '['git', '-C', '/home/avalonas/.hermes/gematria/unified_overnight_research', 'add', '.']' returned non-zero exit status 128.
Database update error (crash recovery): object of type 'int' has no len()

🌙 === OVERNIGHT RESEARCH PIPELINE - CYCLE #131 ===
   📝 Obsidian export: cycle_0131_report.md
Git commit error (crash recovery): Command '['git', '-C', '/home/avalonas/.hermes/gematria/unified_overnight_research', 'add', '.']' returned non-zero exit status 128.
Database update error (crash recovery): object of type 'int' has no len()

🌙 === OVERNIGHT RESEARCH PIPELINE - CYCLE #132 ===
   📝 Obsidian export: cycle_0132_report.md
Git commit error (crash recovery): Command '['git', '-C', '/home/avalonas/.hermes/gematria/unified_overnight_research', 'add', '.']' returned non-zero exit status 128.
Database update error (crash recovery): object of type 'int' has no len()

🌙 === OVERNIGHT RESEARCH PIPELINE - CYCLE #133 ===
   📝 Obsidian export: cycle_0133_report.md
Git commit error (crash recovery): Command '['git', '-C', '/home/avalonas/.hermes/gematria/unified_overnight_research', 'add', '.']' returned non-zero exit status 128.
Database update error (crash recovery): object of type 'int' has no len()

🌙 === OVERNIGHT RESEARCH PIPELINE - CYCLE #134 ===
   📝 Obsidian export: cycle_0134_report.md
Git commit error (crash recovery): Command '['git', '-C', '/home/avalonas/.hermes/gematria/unified_overnight_research', 'add', '.']' returned non-zero exit status 128.
Database update error (crash recovery): object of type 'int' has no len()

🌙 === OVERNIGHT RESEARCH PIPELINE - CYCLE #135 ===
   📝 Obsidian export: cycle_0135_report.md
Git commit error (crash recovery): Command '['git', '-C', '/home/avalonas/.hermes/gematria/unified_overnight_research', 'add', '.']' returned non-zero exit status 128.
Database update error (crash recovery): object of type 'int' has no len()

🌙 === OVERNIGHT RESEARCH PIPELINE - CYCLE #136 ===
   📝 Obsidian export: cycle_0136_report.md
Git commit error (crash recovery): Command '['git', '-C', '/home/avalonas/.hermes/gematria/unified_overnight_research', 'add', '.']' returned non-zero exit status 128.
Database update error (crash recovery): object of type 'int' has no len()

🌙 === OVERNIGHT RESEARCH PIPELINE - CYCLE #137 ===
   📝 Obsidian export: cycle_0137_report.md
Git commit error (crash recovery): Command '['git', '-C', '/home/avalonas/.hermes/gematria/unified_overnight_research', 'add', '.']' returned non-zero exit status 128.
Database update error (crash recovery): object of type 'int' has no len()

🌙 === OVERNIGHT RESEARCH PIPELINE - CYCLE #138 ===
   📝 Obsidian export: cycle_0138_report.md
Git commit error (crash recovery): Command '['git', '-C', '/home/avalonas/.hermes/gematria/unified_overnight_research', 'add', '.']' returned non-zero exit status 128.
Database update error (crash recovery): object of type 'int' has no len()

🌙 === OVERNIGHT RESEARCH PIPELINE - CYCLE #139 ===
   📝 Obsidian export: cycle_0139_report.md
Git commit error (crash recovery): Command '['git', '-C', '/home/avalonas/.hermes/gematria/unified_overnight_research', 'add', '.']' returned non-zero exit status 128.
Database update error (crash recovery): object of type 'int' has no len()

🌙 === OVERNIGHT RESEARCH PIPELINE - CYCLE #140 ===
   📝 Obsidian export: cycle_0140_report.md
Git commit error (crash recovery): Command '['git', '-C', '/home/avalonas/.hermes/gematria/unified_overnight_research', 'add', '.']' returned non-zero exit status 128.
Database update error (crash recovery): object of type 'int' has no len()

🌙 === OVERNIGHT RESEARCH PIPELINE - CYCLE #141 ===
   📝 Obsidian export: cycle_0141_report.md
Git commit error (crash recovery): Command '['git', '-C', '/home/avalonas/.hermes/gematria/unified_overnight_research', 'add', '.']' returned non-zero exit status 128.
Database update error (crash recovery): object of type 'int' has no len()

🌙 === OVERNIGHT RESEARCH PIPELINE - CYCLE #142 ===
   📝 Obsidian export: cycle_0142_report.md
Git commit error (crash recovery): Command '['git', '-C', '/home/avalonas/.hermes/gematria/unified_overnight_research', 'add', '.']' returned non-zero exit status 128.
Database update error (crash recovery): object of type 'int' has no len()

🌙 === OVERNIGHT RESEARCH PIPELINE - CYCLE #143 ===
   📝 Obsidian export: cycle_0143_report.md
Git commit error (crash recovery): Command '['git', '-C', '/home/avalonas/.hermes/gematria/unified_overnight_research', 'add', '.']' returned non-zero exit status 128.
Database update error (crash recovery): object of type 'int' has no len()

🌙 === OVERNIGHT RESEARCH PIPELINE - CYCLE #144 ===
   📝 Obsidian export: cycle_0144_report.md
Git commit error (crash recovery): Command '['git', '-C', '/home/avalonas/.hermes/gematria/unified_overnight_research', 'add', '.']' returned non-zero exit status 128.
Database update error (crash recovery): object of type 'int' has no len()

🌙 === OVERNIGHT RESEARCH PIPELINE - CYCLE #145 ===
   📝 Obsidian export: cycle_0145_report.md
Git commit error (crash recovery): Command '['git', '-C', '/home/avalonas/.hermes/gematria/unified_overnight_research', 'add', '.']' returned non-zero exit status 128.
Database update error (crash recovery): object of type 'int' has no len()

🌙 === OVERNIGHT RESEARCH PIPELINE - CYCLE #146 ===
   📝 Obsidian export: cycle_0146_report.md
Git commit error (crash recovery): Command '['git', '-C', '/home/avalonas/.hermes/gematria/unified_overnight_research', 'add', '.']' returned non-zero exit status 128.
Database update error (crash recovery): object of type 'int' has no len()

🌙 === OVERNIGHT RESEARCH PIPELINE - CYCLE #147 ===
   📝 Obsidian export: cycle_0147_report.md
Git commit error (crash recovery): Command '['git', '-C', '/home/avalonas/.hermes/gematria/unified_overnight_research', 'add', '.']' returned non-zero exit status 128.
Database update error (crash recovery): object of type 'int' has no len()

🌙 === OVERNIGHT RESEARCH PIPELINE - CYCLE #148 ===
   📝 Obsidian export: cycle_0148_report.md
Git commit error (crash recovery): Command '['git', '-C', '/home/avalonas/.hermes/gematria/unified_overnight_research', 'add', '.']' returned non-zero exit status 128.
Database update error (crash recovery): object of type 'int' has no len()

🌙 === OVERNIGHT RESEARCH PIPELINE - CYCLE #149 ===
   📝 Obsidian export: cycle_0149_report.md
Git commit error (crash recovery): Command '['git', '-C', '/home/avalonas/.hermes/gematria/unified_overnight_research', 'add', '.']' returned non-zero exit status 128.
Database update error (crash recovery): object of type 'int' has no len()

📊 Progress: Cycle 150 / 9999

🌙 === OVERNIGHT RESEARCH PIPELINE - CYCLE #150 ===
   📝 Obsidian export: cycle_0150_report.md
Git commit error (crash recovery): Command '['git', '-C', '/home/avalonas/.hermes/gematria/unified_overnight_research', 'add', '.']' returned non-zero exit status 128.
Database update error (crash recovery): object of type 'int' has no len()

🌙 === OVERNIGHT RESEARCH PIPELINE - CYCLE #151 ===
   📝 Obsidian export: cycle_0151_report.md
Git commit error (crash recovery): Command '['git', '-C', '/home/avalonas/.hermes/gematria/unified_overnight_research', 'add', '.']' returned non-zero exit status 128.
Database update error (crash recovery): object of type 'int' has no len()

🌙 === OVERNIGHT RESEARCH PIPELINE - CYCLE #152 ===
   📝 Obsidian export: cycle_0152_report.md
Git commit error (crash recovery): Command '['git', '-C', '/home/avalonas/.hermes/gematria/unified_overnight_research', 'add', '.']' returned non-zero exit status 128.
Database update error (crash recovery): object of type 'int' has no len()

🌙 === OVERNIGHT RESEARCH PIPELINE - CYCLE #153 ===
   📝 Obsidian export: cycle_0153_report.md
Git commit error (crash recovery): Command '['git', '-C', '/home/avalonas/.hermes/gematria/unified_overnight_research', 'add', '.']' returned non-zero exit status 128.
Database update error (crash recovery): object of type 'int' has no len()

🌙 === OVERNIGHT RESEARCH PIPELINE - CYCLE #154 ===
   📝 Obsidian export: cycle_0154_report.md
Git commit error (crash recovery): Command '['git', '-C', '/home/avalonas/.hermes/gematria/unified_overnight_research', 'add', '.']' returned non-zero exit status 128.
Database update error (crash recovery): object of type 'int' has no len()

🌙 === OVERNIGHT RESEARCH PIPELINE - CYCLE #155 ===
   📝 Obsidian export: cycle_0155_report.md
Git commit error (crash recovery): Command '['git', '-C', '/home/avalonas/.hermes/gematria/unified_overnight_research', 'add', '.']' returned non-zero exit status 128.
Database update error (crash recovery): object of type 'int' has no len()

🌙 === OVERNIGHT RESEARCH PIPELINE - CYCLE #156 ===
   📝 Obsidian export: cycle_0156_report.md
Git commit error (crash recovery): Command '['git', '-C', '/home/avalonas/.hermes/gematria/unified_overnight_research', 'add', '.']' returned non-zero exit status 128.
Database update error (crash recovery): object of type 'int' has no len()

🌙 === OVERNIGHT RESEARCH PIPELINE - CYCLE #157 ===
   📝 Obsidian export: cycle_0157_report.md
Git commit error (crash recovery): Command '['git', '-C', '/home/avalonas/.hermes/gematria/unified_overnight_research', 'add', '.']' returned non-zero exit status 128.
Database update error (crash recovery): object of type 'int' has no len()

🌙 === OVERNIGHT RESEARCH PIPELINE - CYCLE #158 ===
   📝 Obsidian export: cycle_0158_report.md
Git commit error (crash recovery): Command '['git', '-C', '/home/avalonas/.hermes/gematria/unified_overnight_research', 'add', '.']' returned non-zero exit status 128.
Database update error (crash recovery): object of type 'int' has no len()

🌙 === OVERNIGHT RESEARCH PIPELINE - CYCLE #159 ===
   📝 Obsidian export: cycle_0159_report.md
Git commit error (crash recovery): Command '['git', '-C', '/home/avalonas/.hermes/gematria/unified_overnight_research', 'add', '.']' returned non-zero exit status 128.
Database update error (crash recovery): object of type 'int' has no len()

🌙 === OVERNIGHT RESEARCH PIPELINE - CYCLE #160 ===
   📝 Obsidian export: cycle_0160_report.md
Git commit error (crash recovery): Command '['git', '-C', '/home/avalonas/.hermes/gematria/unified_overnight_research', 'add', '.']' returned non-zero exit status 128.
Database update error (crash recovery): object of type 'int' has no len()

🌙 === OVERNIGHT RESEARCH PIPELINE - CYCLE #161 ===
   📝 Obsidian export: cycle_0161_report.md
Git commit error (crash recovery): Command '['git', '-C', '/home/avalonas/.hermes/gematria/unified_overnight_research', 'add', '.']' returned non-zero exit status 128.
Database update error (crash recovery): object of type 'int' has no len()

🌙 === OVERNIGHT RESEARCH PIPELINE - CYCLE #162 ===
   📝 Obsidian export: cycle_0162_report.md
Git commit error (crash recovery): Command '['git', '-C', '/home/avalonas/.hermes/gematria/unified_overnight_research', 'add', '.']' returned non-zero exit status 128.
Database update error (crash recovery): Expecting value: line 1 column 1 (char 0)

🌙 === OVERNIGHT RESEARCH PIPELINE - CYCLE #163 ===
   📝 Obsidian export: cycle_0163_report.md
Git commit error (crash recovery): Command '['git', '-C', '/home/avalonas/.hermes/gematria/unified_overnight_research', 'add', '.']' returned non-zero exit status 128.
Database update error (crash recovery): object of type 'int' has no len()

🌙 === OVERNIGHT RESEARCH PIPELINE - CYCLE #164 ===
   📝 Obsidian export: cycle_0164_report.md
Git commit error (crash recovery): Command '['git', '-C', '/home/avalonas/.hermes/gematria/unified_overnight_research', 'add', '.']' returned non-zero exit status 128.
Database update error (crash recovery): object of type 'int' has no len()

🌙 === OVERNIGHT RESEARCH PIPELINE - CYCLE #165 ===
   📝 Obsidian export: cycle_0165_report.md
Git commit error (crash recovery): Command '['git', '-C', '/home/avalonas/.hermes/gematria/unified_overnight_research', 'add', '.']' returned non-zero exit status 128.
Database update error (crash recovery): object of type 'int' has no len()

🌙 === OVERNIGHT RESEARCH PIPELINE - CYCLE #166 ===
   📝 Obsidian export: cycle_0166_report.md
Git commit warning (cycle 166): fatal: unable to read 57aa070023e7a0a4f74786ec2d15119f490b2e57

Database update error (crash recovery): object of type 'int' has no len()

🌙 === OVERNIGHT RESEARCH PIPELINE - CYCLE #167 ===
   📝 Obsidian export: cycle_0167_report.md
   💾 Git commit hash: 2 files changed, 16 insertions(+), 12 deletions(-)
Database update error (crash recovery): object of type 'int' has no len()

🌙 === OVERNIGHT RESEARCH PIPELINE - CYCLE #168 ===
   📝 Obsidian export: cycle_0168_report.md
   💾 Git commit hash: 2 files changed, 10 insertions(+), 30 deletions(-)
Database update error (crash recovery): object of type 'int' has no len()

🌙 === OVERNIGHT RESEARCH PIPELINE - CYCLE #169 ===
   📝 Obsidian export: cycle_0169_report.md
Git commit error (crash recovery): Command '['git', '-C', '/home/avalonas/.hermes/gematria/unified_overnight_research', 'add', '.']' returned non-zero exit status 128.
Database update error (crash recovery): object of type 'int' has no len()

🌙 === OVERNIGHT RESEARCH PIPELINE - CYCLE #170 ===
   📝 Obsidian export: cycle_0170_report.md
   💾 Git commit hash: create mode 100644 logs/continuous_loop_20260504_114634.log
Database update error (crash recovery): object of type 'int' has no len()

🌙 === OVERNIGHT RESEARCH PIPELINE - CYCLE #171 ===
   📝 Obsidian export: cycle_0171_report.md
   💾 Git commit hash: create mode 100644 obsidian_exports/cycle_1810_2026-05-04_11-46_minimal.md
Database update error (crash recovery): object of type 'int' has no len()

🌙 === OVERNIGHT RESEARCH PIPELINE - CYCLE #172 ===
   📝 Obsidian export: cycle_0172_report.md
   💾 Git commit hash: 2 files changed, 12 insertions(+), 9 deletions(-)
Database update error (crash recovery): object of type 'int' has no len()

🌙 === OVERNIGHT RESEARCH PIPELINE - CYCLE #173 ===
   📝 Obsidian export: cycle_0173_report.md
Git commit error (crash recovery): Command '['git', '-C', '/home/avalonas/.hermes/gematria/unified_overnight_research', 'add', '.']' returned non-zero exit status 128.
Database update error (crash recovery): object of type 'int' has no len()

🌙 === OVERNIGHT RESEARCH PIPELINE - CYCLE #174 ===
   📝 Obsidian export: cycle_0174_report.md
   💾 Git commit hash: 3 files changed, 40 insertions(+), 16 deletions(-)
Database update error (crash recovery): object of type 'int' has no len()

🌙 === OVERNIGHT RESEARCH PIPELINE - CYCLE #175 ===
   📝 Obsidian export: cycle_0175_report.md
   💾 Git commit hash: create mode 100644 obsidian_exports/cycle_6062/symbol_963_cycle_6062.md
Database update error (crash recovery): object of type 'int' has no len()

🌙 === OVERNIGHT RESEARCH PIPELINE - CYCLE #176 ===
   📝 Obsidian export: cycle_0176_report.md
Git commit warning (cycle 176): fatal: Unable to create '/home/avalonas/.hermes/gematria/unified_overnight_research/.git/index.lock'
Database update error (crash recovery): object of type 'int' has no len()

🌙 === OVERNIGHT RESEARCH PIPELINE - CYCLE #177 ===
   📝 Obsidian export: cycle_0177_report.md
   💾 Git commit hash: 2 files changed, 12 insertions(+), 20 deletions(-)
Database update error (crash recovery): object of type 'int' has no len()

🌙 === OVERNIGHT RESEARCH PIPELINE - CYCLE #178 ===
   📝 Obsidian export: cycle_0178_report.md
   💾 Git commit hash: 2 files changed, 16 insertions(+), 7 deletions(-)
Database update error (crash recovery): object of type 'int' has no len()

🌙 === OVERNIGHT RESEARCH PIPELINE - CYCLE #179 ===
   📝 Obsidian export: cycle_0179_report.md
Git commit error (crash recovery): Command '['git', '-C', '/home/avalonas/.hermes/gematria/unified_overnight_research', 'add', '.']' returned non-zero exit status 128.
Database update error (crash recovery): object of type 'int' has no len()

🌙 === OVERNIGHT RESEARCH PIPELINE - CYCLE #180 ===
   📝 Obsidian export: cycle_0180_report.md
   💾 Git commit hash: create mode 100644 logs/continuous_loop_20260504_114648.log
Database update error (crash recovery): object of type 'int' has no len()

🌙 === OVERNIGHT RESEARCH PIPELINE - CYCLE #181 ===
   📝 Obsidian export: cycle_0181_report.md
   💾 Git commit hash: 2 files changed, 15 insertions(+), 9 deletions(-)
Database update error (crash recovery): object of type 'int' has no len()

🌙 === OVERNIGHT RESEARCH PIPELINE - CYCLE #182 ===
   📝 Obsidian export: cycle_0182_report.md
   💾 Git commit hash: create mode 100644 obsidian_exports/cycle_1813_2026-05-04_11-46_minimal.md
Database update error (crash recovery): object of type 'int' has no len()

🌙 === OVERNIGHT RESEARCH PIPELINE - CYCLE #183 ===
   📝 Obsidian export: cycle_0183_report.md
Git commit error (crash recovery): Command '['git', '-C', '/home/avalonas/.hermes/gematria/unified_overnight_research', 'add', '.']' returned non-zero exit status 128.
Database update error (crash recovery): object of type 'int' has no len()

🌙 === OVERNIGHT RESEARCH PIPELINE - CYCLE #184 ===
   📝 Obsidian export: cycle_0184_report.md
   💾 Git commit hash: create mode 100644 logs/continuous_loop_20260504_114654.log
Database update error (crash recovery): object of type 'int' has no len()

🌙 === OVERNIGHT RESEARCH PIPELINE - CYCLE #185 ===
   📝 Obsidian export: cycle_0185_report.md
   💾 Git commit hash: create mode 100644 obsidian_exports/cycle_6070/symbol_963_cycle_6070.md
Database update error (crash recovery): object of type 'int' has no len()

🌙 === OVERNIGHT RESEARCH PIPELINE - CYCLE #186 ===
   📝 Obsidian export: cycle_0186_report.md
   💾 Git commit hash: create mode 100644 obsidian_exports/cycle_1814_2026-05-04_11-46_minimal.md
Database update error (crash recovery): object of type 'int' has no len()

🌙 === OVERNIGHT RESEARCH PIPELINE - CYCLE #187 ===
   📝 Obsidian export: cycle_0187_report.md
Git commit error (crash recovery): Command '['git', '-C', '/home/avalonas/.hermes/gematria/unified_overnight_research', 'add', '.']' returned non-zero exit status 128.
Database update error (crash recovery): object of type 'int' has no len()

🌙 === OVERNIGHT RESEARCH PIPELINE - CYCLE #188 ===
   📝 Obsidian export: cycle_0188_report.md
   💾 Git commit hash: create mode 100644 obsidian_exports/cycle_6073/symbol_963_cycle_6073.md
Database update error (crash recovery): object of type 'int' has no len()

🌙 === OVERNIGHT RESEARCH PIPELINE - CYCLE #189 ===
   📝 Obsidian export: cycle_0189_report.md
Git commit error (crash recovery): Command '['git', '-C', '/home/avalonas/.hermes/gematria/unified_overnight_research', 'add', '.']' returned non-zero exit status 128.
Database update error (crash recovery): object of type 'int' has no len()

🌙 === OVERNIGHT RESEARCH PIPELINE - CYCLE #190 ===
   📝 Obsidian export: cycle_0190_report.md
   💾 Git commit hash: 2 files changed, 9 insertions(+), 6 deletions(-)
Database update error (crash recovery): object of type 'int' has no len()

🌙 === OVERNIGHT RESEARCH PIPELINE - CYCLE #191 ===
   📝 Obsidian export: cycle_0191_report.md
   💾 Git commit hash: 2 files changed, 17 insertions(+), 7 deletions(-)
Database update error (crash recovery): object of type 'int' has no len()

🌙 === OVERNIGHT RESEARCH PIPELINE - CYCLE #192 ===
   📝 Obsidian export: cycle_0192_report.md
Git commit error (crash recovery): Command '['git', '-C', '/home/avalonas/.hermes/gematria/unified_overnight_research', 'add', '.']' returned non-zero exit status 128.
Database update error (crash recovery): object of type 'int' has no len()

🌙 === OVERNIGHT RESEARCH PIPELINE - CYCLE #193 ===
   📝 Obsidian export: cycle_0193_report.md
   💾 Git commit hash: 2 files changed, 17 insertions(+), 19 deletions(-)
Database update error (crash recovery): object of type 'int' has no len()

🌙 === OVERNIGHT RESEARCH PIPELINE - CYCLE #194 ===
   📝 Obsidian export: cycle_0194_report.md
   💾 Git commit hash: 2 files changed, 13 insertions(+), 13 deletions(-)
Database update error (crash recovery): object of type 'int' has no len()

🌙 === OVERNIGHT RESEARCH PIPELINE - CYCLE #195 ===
   📝 Obsidian export: cycle_0195_report.md
Git commit error (crash recovery): Command '['git', '-C', '/home/avalonas/.hermes/gematria/unified_overnight_research', 'add', '.']' returned non-zero exit status 128.
Database update error (crash recovery): object of type 'int' has no len()

🌙 === OVERNIGHT RESEARCH PIPELINE - CYCLE #196 ===
   📝 Obsidian export: cycle_0196_report.md
   💾 Git commit hash: create mode 100644 logs/continuous_loop_20260504_114711.log
Database update error (crash recovery): object of type 'int' has no len()

🌙 === OVERNIGHT RESEARCH PIPELINE - CYCLE #197 ===
   📝 Obsidian export: cycle_0197_report.md
Git commit error (crash recovery): Command '['git', '-C', '/home/avalonas/.hermes/gematria/unified_overnight_research', 'add', '.']' returned non-zero exit status 128.
Database update error (crash recovery): object of type 'int' has no len()

🌙 === OVERNIGHT RESEARCH PIPELINE - CYCLE #198 ===
   📝 Obsidian export: cycle_0198_report.md
Git commit error (crash recovery): Command '['git', '-C', '/home/avalonas/.hermes/gematria/unified_overnight_research', 'add', '.']' returned non-zero exit status 128.
Database update error (crash recovery): object of type 'int' has no len()

🌙 === OVERNIGHT RESEARCH PIPELINE - CYCLE #199 ===
   📝 Obsidian export: cycle_0199_report.md
   💾 Git commit hash: create mode 100644 obsidian_exports/cycle_6081/symbol_963_cycle_6081.md
Database update error (crash recovery): object of type 'int' has no len()
