[2026-05-02T14:41:02Z] [HEADER] ================================================================================
[2026-05-02T14:41:02Z] [INFO] 🔄 OVERNIGHT RESEARCH PIPELINE - CYCLE #2
[2026-05-02T14:41:02Z] [INFO] ================================================================================
[2026-05-02T14:41:02Z] [HEADER] ============================================================
[2026-05-02T14:41:02Z] [INFO] 🌙 STARTING OVERNIGHT RESEARCH CYCLE #2
[2026-05-02T14:41:02Z] [INFO] 🔍 Running overnight research protocol (web scraping + cross-symbol analysis)...
[2026-05-02T14:41:02Z] [INFO] 📊 Cycle duration: 0.11s, Files generated: 0
[2026-05-02T14:41:02Z] [WARNING] ⚠️ Database not initialized for cycle counting
[2026-05-02T14:41:02Z] [INFO] 💾 Database updated with cycle results
[2026-05-02T14:41:02Z] [SECTION] ============================================================
[2026-05-02T14:41:02Z] [INFO] 🔮 PHASE: HIDDEN LAYERING DETECTION
[2026-05-02T14:41:02Z] [INFO] 🔗 Hidden layering detection complete. Connections identified: 2
[2026-05-02T14:41:02Z] [SECTION] ============================================================
[2026-05-02T14:41:02Z] [INFO] 🔬 PHASE: DOMAIN CORRELATION ANALYSIS
[2026-05-02T14:41:02Z] [INFO] 📊 Domain correlation matrices created: 1
[2026-05-02T14:41:02Z] [SECTION] ============================================================
[2026-05-02T14:41:02Z] [INFO] 🖼️  PHASE: IMAGE-SEED ANALYSIS
[2026-05-02T14:41:02Z] [INFO] 📂 Image seed analysis bootstrapping from 7 images...
[2026-05-02T14:41:02Z] [SECTION] ============================================================
[2026-05-02T14:41:02Z] [INFO] 📤 PHASE: PUSH COMPONENTS TO TOLARIA
[2026-05-02T14:41:03Z] [INFO] 📦 Components pushed to Tolaria: 5
[2026-05-02T14:41:03Z] [SECTION] ============================================================
[2026-05-02T14:41:03Z] [INFO] 🧩 PHASE: COMPOSER - DOMAIN INTEGRATION SYNTHESIS
[2026-05-02T14:41:03Z] [INFO] 🎨 Domain integrations synthesized: 0
[2026-05-02T14:41:03Z] [SECTION] ============================================================
[2026-05-02T14:41:03Z] [INFO] 🚀 PHASE: ADVANCED OVERNIGHT LOOP
[2026-05-02T14:41:08Z] [INFO] 🔬 Advanced loop completed cycles: 0
[2026-05-02T14:41:08Z] [WARNING] ⚠️  Git commit skipped or failed (git not initialized?): Command '['git', '-C', '/home/avalonas/.hermes/gematria/unified_overnight_research', 'add', '.']' returned non-zero exit status 128.
[2026-05-02T14:41:08Z] [INFO] 
📊 CYCLE #2 SUMMARY
[2026-05-02T14:41:08Z] [INFO] ✅ Successful tasks: 7/7
[2026-05-02T14:41:08Z] [INFO] ⏱️  Cycle duration: 6.32s
[2026-05-02T14:41:08Z] [INFO]    ⚠️ task: result
[2026-05-02T14:41:08Z] [INFO]    ⚠️ task: result
[2026-05-02T14:41:08Z] [INFO]    ⚠️ task: result
[2026-05-02T14:41:08Z] [INFO]    ⚠️ task: result
[2026-05-02T14:41:08Z] [INFO]    ⚠️ task: result
[2026-05-02T14:41:08Z] [INFO]    ⚠️ task: result
[2026-05-02T14:41:08Z] [INFO]    ⚠️ task: result
[2026-05-02T14:41:08Z] [INFO] 🏁 Loop completed after 1 cycles
