[2026-05-03T06:31:40Z] [HEADER] ================================================================================
[2026-05-03T06:31:40Z] [INFO] 🔄 OVERNIGHT RESEARCH PIPELINE - CYCLE #2
[2026-05-03T06:31:40Z] [INFO] ================================================================================
[2026-05-03T06:31:40Z] [HEADER] ============================================================
[2026-05-03T06:31:40Z] [INFO] 🌙 STARTING OVERNIGHT RESEARCH CYCLE #2
[2026-05-03T06:31:40Z] [INFO] 🔍 Running overnight research protocol (web scraping + cross-symbol analysis)...
[2026-05-03T06:31:40Z] [INFO] 📊 Cycle duration: 0.17s, Files generated: 0
[2026-05-03T06:31:40Z] [WARNING] ⚠️ Database not initialized for cycle counting
[2026-05-03T06:31:40Z] [INFO] 💾 Database updated with cycle results
[2026-05-03T06:31:40Z] [SECTION] ============================================================
[2026-05-03T06:31:40Z] [INFO] 🔮 PHASE: HIDDEN LAYERING DETECTION
[2026-05-03T06:41:40Z] [WARNING] ⏰ Hidden layering task timed out
[2026-05-03T06:41:40Z] [SECTION] ============================================================
[2026-05-03T06:41:40Z] [INFO] 🔬 PHASE: DOMAIN CORRELATION ANALYSIS
[2026-05-03T06:41:40Z] [INFO] 📊 Domain correlation matrices created: 1
[2026-05-03T06:41:40Z] [SECTION] ============================================================
[2026-05-03T06:41:40Z] [INFO] 🖼️  PHASE: IMAGE-SEED ANALYSIS
[2026-05-03T06:41:40Z] [INFO] 📂 Image seed analysis bootstrapping from 8 images...
[2026-05-03T06:41:41Z] [SECTION] ============================================================
[2026-05-03T06:41:41Z] [INFO] 📤 PHASE: PUSH COMPONENTS TO TOLARIA
[2026-05-03T06:41:41Z] [INFO] 📦 Components pushed to Tolaria: 5
[2026-05-03T06:41:41Z] [SECTION] ============================================================
[2026-05-03T06:41:41Z] [INFO] 🧩 PHASE: COMPOSER - DOMAIN INTEGRATION SYNTHESIS
[2026-05-03T06:41:41Z] [INFO] 🎨 Domain integrations synthesized: 0
[2026-05-03T06:41:41Z] [SECTION] ============================================================
[2026-05-03T06:41:41Z] [INFO] 🚀 PHASE: ADVANCED OVERNIGHT LOOP
[2026-05-03T07:11:42Z] [WARNING] ⏰ Advanced overnight loop timed out
