[2026-05-02T10:03:38Z] [HEADER] ================================================================================
[2026-05-02T10:03:38Z] [INFO] 🔄 OVERNIGHT RESEARCH PIPELINE - CYCLE #2
[2026-05-02T10:03:38Z] [INFO] ================================================================================
[2026-05-02T10:03:38Z] [HEADER] ============================================================
[2026-05-02T10:03:38Z] [INFO] 🌙 STARTING OVERNIGHT RESEARCH CYCLE #2
[2026-05-02T10:03:38Z] [INFO] 🔍 Running overnight research protocol (web scraping + cross-symbol analysis)...
[2026-05-02T10:03:38Z] [INFO] 📊 Cycle duration: 0.11s, Files generated: 0
[2026-05-02T10:03:38Z] [WARNING] ⚠️ Database not initialized for cycle counting
[2026-05-02T10:03:38Z] [INFO] 💾 Database updated with cycle results
[2026-05-02T10:03:38Z] [SECTION] ============================================================
[2026-05-02T10:03:38Z] [INFO] 🔮 PHASE: HIDDEN LAYERING DETECTION
[2026-05-02T10:03:38Z] [INFO] 🔗 Hidden layering detection complete. Connections identified: 2
[2026-05-02T10:03:38Z] [SECTION] ============================================================
[2026-05-02T10:03:38Z] [INFO] 🔬 PHASE: DOMAIN CORRELATION ANALYSIS
[2026-05-02T10:03:38Z] [INFO] 📊 Domain correlation matrices created: 2
[2026-05-02T10:03:38Z] [SECTION] ============================================================
[2026-05-02T10:03:38Z] [INFO] 🖼️  PHASE: IMAGE-SEED ANALYSIS
[2026-05-02T10:03:38Z] [INFO] 📂 Image seed analysis bootstrapping from 5 images...
[2026-05-02T10:03:38Z] [SECTION] ============================================================
[2026-05-02T10:03:38Z] [INFO] 📤 PHASE: PUSH COMPONENTS TO TOLARIA
[2026-05-02T10:03:39Z] [INFO] 📦 Components pushed to Tolaria: 5
[2026-05-02T10:03:39Z] [SECTION] ============================================================
[2026-05-02T10:03:39Z] [INFO] 🧩 PHASE: COMPOSER - DOMAIN INTEGRATION SYNTHESIS
[2026-05-02T10:03:52Z] [INFO] 🎨 Domain integrations synthesized: 0
[2026-05-02T10:03:52Z] [SECTION] ============================================================
[2026-05-02T10:03:52Z] [INFO] 🚀 PHASE: ADVANCED OVERNIGHT LOOP
[2026-05-02T10:03:52Z] [INFO] 🔬 Advanced loop completed cycles: 0
[2026-05-02T10:03:52Z] [WARNING] ⚠️  Git commit skipped or failed (git not initialized?): Command '['git', '-C', '/home/avalonas/.hermes/gematria/unified_overnight_research', 'add', '.']' returned non-zero exit status 128.
[2026-05-02T10:03:52Z] [INFO] 
📊 CYCLE #2 SUMMARY
[2026-05-02T10:03:52Z] [INFO] ✅ Successful tasks: 7/7
[2026-05-02T10:03:52Z] [INFO] ⏱️  Cycle duration: 13.83s
[2026-05-02T10:03:52Z] [INFO]    ⚠️ task: result
[2026-05-02T10:03:52Z] [INFO]    ⚠️ task: result
[2026-05-02T10:03:52Z] [INFO]    ⚠️ task: result
[2026-05-02T10:03:52Z] [INFO]    ⚠️ task: result
[2026-05-02T10:03:52Z] [INFO]    ⚠️ task: result
[2026-05-02T10:03:52Z] [INFO]    ⚠️ task: result
[2026-05-02T10:03:52Z] [INFO]    ⚠️ task: result
[2026-05-02T10:03:52Z] [HEADER] ================================================================================
[2026-05-02T10:03:52Z] [INFO] 🔄 OVERNIGHT RESEARCH PIPELINE - CYCLE #3
[2026-05-02T10:03:52Z] [INFO] ================================================================================
[2026-05-02T10:03:52Z] [HEADER] ============================================================
[2026-05-02T10:03:52Z] [INFO] 🌙 STARTING OVERNIGHT RESEARCH CYCLE #3
[2026-05-02T10:03:52Z] [INFO] 🔍 Running overnight research protocol (web scraping + cross-symbol analysis)...
[2026-05-02T10:03:52Z] [INFO] 📊 Cycle duration: 0.11s, Files generated: 0
[2026-05-02T10:03:52Z] [WARNING] ⚠️ Database not initialized for cycle counting
[2026-05-02T10:03:52Z] [INFO] 💾 Database updated with cycle results
[2026-05-02T10:03:52Z] [SECTION] ============================================================
[2026-05-02T10:03:52Z] [INFO] 🔮 PHASE: HIDDEN LAYERING DETECTION
[2026-05-02T10:03:52Z] [INFO] 🔗 Hidden layering detection complete. Connections identified: 2
[2026-05-02T10:03:52Z] [SECTION] ============================================================
[2026-05-02T10:03:52Z] [INFO] 🔬 PHASE: DOMAIN CORRELATION ANALYSIS
[2026-05-02T10:03:52Z] [INFO] 📊 Domain correlation matrices created: 2
[2026-05-02T10:03:52Z] [SECTION] ============================================================
[2026-05-02T10:03:52Z] [INFO] 🖼️  PHASE: IMAGE-SEED ANALYSIS
[2026-05-02T10:03:52Z] [INFO] 📂 Image seed analysis bootstrapping from 5 images...
[2026-05-02T10:03:52Z] [SECTION] ============================================================
[2026-05-02T10:03:52Z] [INFO] 📤 PHASE: PUSH COMPONENTS TO TOLARIA
[2026-05-02T10:03:53Z] [INFO] 📦 Components pushed to Tolaria: 5
[2026-05-02T10:03:53Z] [SECTION] ============================================================
[2026-05-02T10:03:53Z] [INFO] 🧩 PHASE: COMPOSER - DOMAIN INTEGRATION SYNTHESIS
[2026-05-02T10:04:13Z] [INFO] 🎨 Domain integrations synthesized: 0
[2026-05-02T10:04:13Z] [SECTION] ============================================================
[2026-05-02T10:04:13Z] [INFO] 🚀 PHASE: ADVANCED OVERNIGHT LOOP
[2026-05-02T10:04:13Z] [INFO] 🔬 Advanced loop completed cycles: 0
[2026-05-02T10:04:13Z] [WARNING] ⚠️  Git commit skipped or failed (git not initialized?): Command '['git', '-C', '/home/avalonas/.hermes/gematria/unified_overnight_research', 'add', '.']' returned non-zero exit status 128.
[2026-05-02T10:04:13Z] [INFO] 
📊 CYCLE #3 SUMMARY
[2026-05-02T10:04:13Z] [INFO] ✅ Successful tasks: 7/7
[2026-05-02T10:04:13Z] [INFO] ⏱️  Cycle duration: 20.84s
[2026-05-02T10:04:13Z] [INFO]    ⚠️ task: result
[2026-05-02T10:04:13Z] [INFO]    ⚠️ task: result
[2026-05-02T10:04:13Z] [INFO]    ⚠️ task: result
[2026-05-02T10:04:13Z] [INFO]    ⚠️ task: result
[2026-05-02T10:04:13Z] [INFO]    ⚠️ task: result
[2026-05-02T10:04:13Z] [INFO]    ⚠️ task: result
[2026-05-02T10:04:13Z] [INFO]    ⚠️ task: result
[2026-05-02T10:04:13Z] [HEADER] ================================================================================
[2026-05-02T10:04:13Z] [INFO] 🔄 OVERNIGHT RESEARCH PIPELINE - CYCLE #4
[2026-05-02T10:04:13Z] [INFO] ================================================================================
[2026-05-02T10:04:13Z] [HEADER] ============================================================
[2026-05-02T10:04:13Z] [INFO] 🌙 STARTING OVERNIGHT RESEARCH CYCLE #4
[2026-05-02T10:04:13Z] [INFO] 🔍 Running overnight research protocol (web scraping + cross-symbol analysis)...
[2026-05-02T10:04:13Z] [INFO] 📊 Cycle duration: 0.11s, Files generated: 0
[2026-05-02T10:04:13Z] [WARNING] ⚠️ Database not initialized for cycle counting
[2026-05-02T10:04:13Z] [INFO] 💾 Database updated with cycle results
[2026-05-02T10:04:13Z] [SECTION] ============================================================
[2026-05-02T10:04:13Z] [INFO] 🔮 PHASE: HIDDEN LAYERING DETECTION
[2026-05-02T10:04:13Z] [INFO] 🔗 Hidden layering detection complete. Connections identified: 2
[2026-05-02T10:04:13Z] [SECTION] ============================================================
[2026-05-02T10:04:13Z] [INFO] 🔬 PHASE: DOMAIN CORRELATION ANALYSIS
[2026-05-02T10:04:13Z] [INFO] 📊 Domain correlation matrices created: 2
[2026-05-02T10:04:13Z] [SECTION] ============================================================
[2026-05-02T10:04:13Z] [INFO] 🖼️  PHASE: IMAGE-SEED ANALYSIS
[2026-05-02T10:04:13Z] [INFO] 📂 Image seed analysis bootstrapping from 5 images...
[2026-05-02T10:04:13Z] [SECTION] ============================================================
[2026-05-02T10:04:13Z] [INFO] 📤 PHASE: PUSH COMPONENTS TO TOLARIA
[2026-05-02T10:04:14Z] [INFO] 📦 Components pushed to Tolaria: 5
[2026-05-02T10:04:14Z] [SECTION] ============================================================
[2026-05-02T10:04:14Z] [INFO] 🧩 PHASE: COMPOSER - DOMAIN INTEGRATION SYNTHESIS
[2026-05-02T10:04:34Z] [INFO] 🎨 Domain integrations synthesized: 0
[2026-05-02T10:04:34Z] [SECTION] ============================================================
[2026-05-02T10:04:34Z] [INFO] 🚀 PHASE: ADVANCED OVERNIGHT LOOP
[2026-05-02T10:04:34Z] [INFO] 🔬 Advanced loop completed cycles: 0
[2026-05-02T10:04:34Z] [WARNING] ⚠️  Git commit skipped or failed (git not initialized?): Command '['git', '-C', '/home/avalonas/.hermes/gematria/unified_overnight_research', 'add', '.']' returned non-zero exit status 128.
[2026-05-02T10:04:34Z] [INFO] 
📊 CYCLE #4 SUMMARY
[2026-05-02T10:04:34Z] [INFO] ✅ Successful tasks: 7/7
[2026-05-02T10:04:34Z] [INFO] ⏱️  Cycle duration: 20.88s
[2026-05-02T10:04:34Z] [INFO]    ⚠️ task: result
[2026-05-02T10:04:34Z] [INFO]    ⚠️ task: result
[2026-05-02T10:04:34Z] [INFO]    ⚠️ task: result
[2026-05-02T10:04:34Z] [INFO]    ⚠️ task: result
[2026-05-02T10:04:34Z] [INFO]    ⚠️ task: result
[2026-05-02T10:04:34Z] [INFO]    ⚠️ task: result
[2026-05-02T10:04:34Z] [INFO]    ⚠️ task: result
[2026-05-02T10:04:34Z] [HEADER] ================================================================================
[2026-05-02T10:04:34Z] [INFO] 🔄 OVERNIGHT RESEARCH PIPELINE - CYCLE #5
[2026-05-02T10:04:34Z] [INFO] ================================================================================
[2026-05-02T10:04:34Z] [HEADER] ============================================================
[2026-05-02T10:04:34Z] [INFO] 🌙 STARTING OVERNIGHT RESEARCH CYCLE #5
[2026-05-02T10:04:34Z] [INFO] 🔍 Running overnight research protocol (web scraping + cross-symbol analysis)...
[2026-05-02T10:04:34Z] [INFO] 📊 Cycle duration: 0.12s, Files generated: 0
[2026-05-02T10:04:34Z] [WARNING] ⚠️ Database not initialized for cycle counting
[2026-05-02T10:04:34Z] [INFO] 💾 Database updated with cycle results
[2026-05-02T10:04:34Z] [SECTION] ============================================================
[2026-05-02T10:04:34Z] [INFO] 🔮 PHASE: HIDDEN LAYERING DETECTION
[2026-05-02T10:04:34Z] [INFO] 🔗 Hidden layering detection complete. Connections identified: 2
[2026-05-02T10:04:34Z] [SECTION] ============================================================
[2026-05-02T10:04:34Z] [INFO] 🔬 PHASE: DOMAIN CORRELATION ANALYSIS
[2026-05-02T10:04:34Z] [INFO] 📊 Domain correlation matrices created: 2
[2026-05-02T10:04:34Z] [SECTION] ============================================================
[2026-05-02T10:04:34Z] [INFO] 🖼️  PHASE: IMAGE-SEED ANALYSIS
[2026-05-02T10:04:34Z] [INFO] 📂 Image seed analysis bootstrapping from 5 images...
[2026-05-02T10:04:34Z] [SECTION] ============================================================
[2026-05-02T10:04:34Z] [INFO] 📤 PHASE: PUSH COMPONENTS TO TOLARIA
[2026-05-02T10:04:35Z] [INFO] 📦 Components pushed to Tolaria: 5
[2026-05-02T10:04:35Z] [SECTION] ============================================================
[2026-05-02T10:04:35Z] [INFO] 🧩 PHASE: COMPOSER - DOMAIN INTEGRATION SYNTHESIS
[2026-05-02T10:04:51Z] [INFO] 🎨 Domain integrations synthesized: 0
[2026-05-02T10:04:51Z] [SECTION] ============================================================
[2026-05-02T10:04:51Z] [INFO] 🚀 PHASE: ADVANCED OVERNIGHT LOOP
[2026-05-02T10:04:52Z] [INFO] 🔬 Advanced loop completed cycles: 0
[2026-05-02T10:04:52Z] [WARNING] ⚠️  Git commit skipped or failed (git not initialized?): Command '['git', '-C', '/home/avalonas/.hermes/gematria/unified_overnight_research', 'add', '.']' returned non-zero exit status 128.
[2026-05-02T10:04:52Z] [INFO] 
📊 CYCLE #5 SUMMARY
[2026-05-02T10:04:52Z] [INFO] ✅ Successful tasks: 7/7
[2026-05-02T10:04:52Z] [INFO] ⏱️  Cycle duration: 17.92s
[2026-05-02T10:04:52Z] [INFO]    ⚠️ task: result
[2026-05-02T10:04:52Z] [INFO]    ⚠️ task: result
[2026-05-02T10:04:52Z] [INFO]    ⚠️ task: result
[2026-05-02T10:04:52Z] [INFO]    ⚠️ task: result
[2026-05-02T10:04:52Z] [INFO]    ⚠️ task: result
[2026-05-02T10:04:52Z] [INFO]    ⚠️ task: result
[2026-05-02T10:04:52Z] [INFO]    ⚠️ task: result
[2026-05-02T10:04:52Z] [HEADER] ================================================================================
[2026-05-02T10:04:52Z] [INFO] 🔄 OVERNIGHT RESEARCH PIPELINE - CYCLE #6
[2026-05-02T10:04:52Z] [INFO] ================================================================================
[2026-05-02T10:04:52Z] [HEADER] ============================================================
[2026-05-02T10:04:52Z] [INFO] 🌙 STARTING OVERNIGHT RESEARCH CYCLE #6
[2026-05-02T10:04:52Z] [INFO] 🔍 Running overnight research protocol (web scraping + cross-symbol analysis)...
[2026-05-02T10:04:52Z] [INFO] 📊 Cycle duration: 0.11s, Files generated: 0
[2026-05-02T10:04:52Z] [WARNING] ⚠️ Database not initialized for cycle counting
[2026-05-02T10:04:52Z] [INFO] 💾 Database updated with cycle results
[2026-05-02T10:04:52Z] [SECTION] ============================================================
[2026-05-02T10:04:52Z] [INFO] 🔮 PHASE: HIDDEN LAYERING DETECTION
[2026-05-02T10:04:52Z] [INFO] 🔗 Hidden layering detection complete. Connections identified: 2
[2026-05-02T10:04:52Z] [SECTION] ============================================================
[2026-05-02T10:04:52Z] [INFO] 🔬 PHASE: DOMAIN CORRELATION ANALYSIS
[2026-05-02T10:04:52Z] [INFO] 📊 Domain correlation matrices created: 2
[2026-05-02T10:04:52Z] [SECTION] ============================================================
[2026-05-02T10:04:52Z] [INFO] 🖼️  PHASE: IMAGE-SEED ANALYSIS
[2026-05-02T10:04:52Z] [INFO] 📂 Image seed analysis bootstrapping from 5 images...
[2026-05-02T10:04:52Z] [SECTION] ============================================================
[2026-05-02T10:04:52Z] [INFO] 📤 PHASE: PUSH COMPONENTS TO TOLARIA
[2026-05-02T10:04:53Z] [INFO] 📦 Components pushed to Tolaria: 5
[2026-05-02T10:04:53Z] [SECTION] ============================================================
[2026-05-02T10:04:53Z] [INFO] 🧩 PHASE: COMPOSER - DOMAIN INTEGRATION SYNTHESIS
[2026-05-02T10:05:09Z] [INFO] 🎨 Domain integrations synthesized: 0
[2026-05-02T10:05:09Z] [SECTION] ============================================================
[2026-05-02T10:05:09Z] [INFO] 🚀 PHASE: ADVANCED OVERNIGHT LOOP
[2026-05-02T10:05:09Z] [INFO] 🔬 Advanced loop completed cycles: 0
[2026-05-02T10:05:09Z] [WARNING] ⚠️  Git commit skipped or failed (git not initialized?): Command '['git', '-C', '/home/avalonas/.hermes/gematria/unified_overnight_research', 'add', '.']' returned non-zero exit status 128.
[2026-05-02T10:05:09Z] [INFO] 
📊 CYCLE #6 SUMMARY
[2026-05-02T10:05:09Z] [INFO] ✅ Successful tasks: 7/7
[2026-05-02T10:05:09Z] [INFO] ⏱️  Cycle duration: 17.62s
[2026-05-02T10:05:09Z] [INFO]    ⚠️ task: result
[2026-05-02T10:05:09Z] [INFO]    ⚠️ task: result
[2026-05-02T10:05:09Z] [INFO]    ⚠️ task: result
[2026-05-02T10:05:09Z] [INFO]    ⚠️ task: result
[2026-05-02T10:05:09Z] [INFO]    ⚠️ task: result
[2026-05-02T10:05:09Z] [INFO]    ⚠️ task: result
[2026-05-02T10:05:09Z] [INFO]    ⚠️ task: result
[2026-05-02T10:05:09Z] [HEADER] ================================================================================
[2026-05-02T10:05:09Z] [INFO] 🔄 OVERNIGHT RESEARCH PIPELINE - CYCLE #7
[2026-05-02T10:05:09Z] [INFO] ================================================================================
[2026-05-02T10:05:09Z] [HEADER] ============================================================
[2026-05-02T10:05:09Z] [INFO] 🌙 STARTING OVERNIGHT RESEARCH CYCLE #7
[2026-05-02T10:05:09Z] [ERROR] ❌ Overnight research error: [Errno 32] Broken pipe
[2026-05-02T10:05:09Z] [SECTION] ============================================================
[2026-05-02T10:05:09Z] [INFO] 🔮 PHASE: HIDDEN LAYERING DETECTION
[2026-05-02T10:05:09Z] [INFO] 🔗 Hidden layering detection complete. Connections identified: 2
[2026-05-02T10:05:09Z] [SECTION] ============================================================
[2026-05-02T10:05:09Z] [INFO] 🔬 PHASE: DOMAIN CORRELATION ANALYSIS
[2026-05-02T10:05:09Z] [INFO] 📊 Domain correlation matrices created: 2
[2026-05-02T10:05:09Z] [SECTION] ============================================================
[2026-05-02T10:05:09Z] [INFO] 🖼️  PHASE: IMAGE-SEED ANALYSIS
[2026-05-02T10:05:09Z] [INFO] 📂 Image seed analysis bootstrapping from 5 images...
[2026-05-02T10:05:09Z] [SECTION] ============================================================
[2026-05-02T10:05:09Z] [INFO] 📤 PHASE: PUSH COMPONENTS TO TOLARIA
[2026-05-02T10:05:10Z] [INFO] 📦 Components pushed to Tolaria: 5
[2026-05-02T10:05:10Z] [SECTION] ============================================================
[2026-05-02T10:05:10Z] [INFO] 🧩 PHASE: COMPOSER - DOMAIN INTEGRATION SYNTHESIS
[2026-05-02T10:05:27Z] [INFO] 🎨 Domain integrations synthesized: 0
[2026-05-02T10:05:27Z] [SECTION] ============================================================
[2026-05-02T10:05:27Z] [INFO] 🚀 PHASE: ADVANCED OVERNIGHT LOOP
[2026-05-02T10:05:27Z] [INFO] 🔬 Advanced loop completed cycles: 0
[2026-05-02T10:05:27Z] [WARNING] ⚠️  Git commit skipped or failed (git not initialized?): Command '['git', '-C', '/home/avalonas/.hermes/gematria/unified_overnight_research', 'add', '.']' returned non-zero exit status 128.
[2026-05-02T10:05:27Z] [INFO] 
📊 CYCLE #7 SUMMARY
[2026-05-02T10:05:27Z] [INFO] ✅ Successful tasks: 6/7
[2026-05-02T10:05:27Z] [INFO] ⏱️  Cycle duration: 17.67s
[2026-05-02T10:05:27Z] [INFO]    ⚠️ task: result
[2026-05-02T10:05:27Z] [INFO]    ⚠️ task: result
[2026-05-02T10:05:27Z] [INFO]    ⚠️ task: result
[2026-05-02T10:05:27Z] [INFO]    ⚠️ task: result
[2026-05-02T10:05:27Z] [INFO]    ⚠️ task: result
[2026-05-02T10:05:27Z] [INFO]    ⚠️ task: result
[2026-05-02T10:05:27Z] [INFO]    ⚠️ task: result
[2026-05-02T10:05:27Z] [HEADER] ================================================================================
[2026-05-02T10:05:27Z] [INFO] 🔄 OVERNIGHT RESEARCH PIPELINE - CYCLE #8
[2026-05-02T10:05:27Z] [INFO] ================================================================================
[2026-05-02T10:05:27Z] [HEADER] ============================================================
[2026-05-02T10:05:27Z] [INFO] 🌙 STARTING OVERNIGHT RESEARCH CYCLE #8
[2026-05-02T10:05:27Z] [INFO] 🔍 Running overnight research protocol (web scraping + cross-symbol analysis)...
[2026-05-02T10:05:27Z] [INFO] 📊 Cycle duration: 0.11s, Files generated: 0
[2026-05-02T10:05:27Z] [WARNING] ⚠️ Database not initialized for cycle counting
[2026-05-02T10:05:27Z] [INFO] 💾 Database updated with cycle results
[2026-05-02T10:05:27Z] [SECTION] ============================================================
[2026-05-02T10:05:27Z] [INFO] 🔮 PHASE: HIDDEN LAYERING DETECTION
[2026-05-02T10:05:27Z] [INFO] 🔗 Hidden layering detection complete. Connections identified: 2
[2026-05-02T10:05:27Z] [SECTION] ============================================================
[2026-05-02T10:05:27Z] [INFO] 🔬 PHASE: DOMAIN CORRELATION ANALYSIS
[2026-05-02T10:05:27Z] [INFO] 📊 Domain correlation matrices created: 2
[2026-05-02T10:05:27Z] [SECTION] ============================================================
[2026-05-02T10:05:27Z] [INFO] 🖼️  PHASE: IMAGE-SEED ANALYSIS
[2026-05-02T10:05:27Z] [INFO] 📂 Image seed analysis bootstrapping from 5 images...
[2026-05-02T10:05:27Z] [SECTION] ============================================================
[2026-05-02T10:05:27Z] [INFO] 📤 PHASE: PUSH COMPONENTS TO TOLARIA
[2026-05-02T10:05:28Z] [INFO] 📦 Components pushed to Tolaria: 5
[2026-05-02T10:05:28Z] [SECTION] ============================================================
[2026-05-02T10:05:28Z] [INFO] 🧩 PHASE: COMPOSER - DOMAIN INTEGRATION SYNTHESIS
[2026-05-02T10:05:45Z] [INFO] 🎨 Domain integrations synthesized: 0
[2026-05-02T10:05:45Z] [SECTION] ============================================================
[2026-05-02T10:05:45Z] [INFO] 🚀 PHASE: ADVANCED OVERNIGHT LOOP
[2026-05-02T10:05:45Z] [INFO] 🔬 Advanced loop completed cycles: 0
[2026-05-02T10:05:45Z] [WARNING] ⚠️  Git commit skipped or failed (git not initialized?): Command '['git', '-C', '/home/avalonas/.hermes/gematria/unified_overnight_research', 'add', '.']' returned non-zero exit status 128.
[2026-05-02T10:05:45Z] [INFO] 
📊 CYCLE #8 SUMMARY
[2026-05-02T10:05:45Z] [INFO] ✅ Successful tasks: 7/7
[2026-05-02T10:05:45Z] [INFO] ⏱️  Cycle duration: 18.08s
[2026-05-02T10:05:45Z] [INFO]    ⚠️ task: result
[2026-05-02T10:05:45Z] [INFO]    ⚠️ task: result
[2026-05-02T10:05:45Z] [INFO]    ⚠️ task: result
[2026-05-02T10:05:45Z] [INFO]    ⚠️ task: result
[2026-05-02T10:05:45Z] [INFO]    ⚠️ task: result
[2026-05-02T10:05:45Z] [INFO]    ⚠️ task: result
[2026-05-02T10:05:45Z] [INFO]    ⚠️ task: result
[2026-05-02T10:05:45Z] [HEADER] ================================================================================
[2026-05-02T10:05:45Z] [INFO] 🔄 OVERNIGHT RESEARCH PIPELINE - CYCLE #9
[2026-05-02T10:05:45Z] [INFO] ================================================================================
[2026-05-02T10:05:45Z] [HEADER] ============================================================
[2026-05-02T10:05:45Z] [INFO] 🌙 STARTING OVERNIGHT RESEARCH CYCLE #9
[2026-05-02T10:05:45Z] [INFO] 🔍 Running overnight research protocol (web scraping + cross-symbol analysis)...
[2026-05-02T10:05:45Z] [INFO] 📊 Cycle duration: 0.16s, Files generated: 0
[2026-05-02T10:05:45Z] [WARNING] ⚠️ Database not initialized for cycle counting
[2026-05-02T10:05:45Z] [INFO] 💾 Database updated with cycle results
[2026-05-02T10:05:45Z] [SECTION] ============================================================
[2026-05-02T10:05:45Z] [INFO] 🔮 PHASE: HIDDEN LAYERING DETECTION
[2026-05-02T10:05:45Z] [INFO] 🔗 Hidden layering detection complete. Connections identified: 2
[2026-05-02T10:05:45Z] [SECTION] ============================================================
[2026-05-02T10:05:45Z] [INFO] 🔬 PHASE: DOMAIN CORRELATION ANALYSIS
[2026-05-02T10:05:45Z] [INFO] 📊 Domain correlation matrices created: 2
[2026-05-02T10:05:45Z] [SECTION] ============================================================
[2026-05-02T10:05:45Z] [INFO] 🖼️  PHASE: IMAGE-SEED ANALYSIS
[2026-05-02T10:05:45Z] [INFO] 📂 Image seed analysis bootstrapping from 5 images...
[2026-05-02T10:05:45Z] [SECTION] ============================================================
[2026-05-02T10:05:45Z] [INFO] 📤 PHASE: PUSH COMPONENTS TO TOLARIA
[2026-05-02T10:05:46Z] [INFO] 📦 Components pushed to Tolaria: 5
[2026-05-02T10:05:46Z] [SECTION] ============================================================
[2026-05-02T10:05:46Z] [INFO] 🧩 PHASE: COMPOSER - DOMAIN INTEGRATION SYNTHESIS
[2026-05-02T10:06:02Z] [INFO] 🎨 Domain integrations synthesized: 0
[2026-05-02T10:06:02Z] [SECTION] ============================================================
[2026-05-02T10:06:02Z] [INFO] 🚀 PHASE: ADVANCED OVERNIGHT LOOP
[2026-05-02T10:06:03Z] [INFO] 🔬 Advanced loop completed cycles: 0
[2026-05-02T10:06:03Z] [WARNING] ⚠️  Git commit skipped or failed (git not initialized?): Command '['git', '-C', '/home/avalonas/.hermes/gematria/unified_overnight_research', 'add', '.']' returned non-zero exit status 128.
[2026-05-02T10:06:03Z] [INFO] 
📊 CYCLE #9 SUMMARY
[2026-05-02T10:06:03Z] [INFO] ✅ Successful tasks: 7/7
[2026-05-02T10:06:03Z] [INFO] ⏱️  Cycle duration: 17.69s
[2026-05-02T10:06:03Z] [INFO]    ⚠️ task: result
[2026-05-02T10:06:03Z] [INFO]    ⚠️ task: result
[2026-05-02T10:06:03Z] [INFO]    ⚠️ task: result
[2026-05-02T10:06:03Z] [INFO]    ⚠️ task: result
