[2026-05-02T00:11:09Z] [HEADER] ================================================================================
[2026-05-02T00:11:09Z] [INFO] 🔄 OVERNIGHT RESEARCH PIPELINE - CYCLE #2
[2026-05-02T00:11:09Z] [INFO] ================================================================================
[2026-05-02T00:11:09Z] [HEADER] ============================================================
[2026-05-02T00:11:09Z] [INFO] 🌙 STARTING OVERNIGHT RESEARCH CYCLE #2
[2026-05-02T00:11:09Z] [INFO] 🔍 Running overnight research protocol (web scraping + cross-symbol analysis)...
[2026-05-02T00:11:10Z] [INFO] 📊 Cycle duration: 0.58s, Files generated: 0
[2026-05-02T00:11:10Z] [INFO] 💾 Database updated with cycle results
[2026-05-02T00:11:10Z] [SECTION] ============================================================
[2026-05-02T00:11:10Z] [INFO] 🔮 PHASE: HIDDEN LAYERING DETECTION
[2026-05-02T00:11:10Z] [INFO] 🔗 Hidden layering detection complete. Connections identified: 2
[2026-05-02T00:11:10Z] [SECTION] ============================================================
[2026-05-02T00:11:10Z] [INFO] 🔬 PHASE: DOMAIN CORRELATION ANALYSIS
[2026-05-02T00:11:10Z] [INFO] 📊 Domain correlation matrices created: 1
[2026-05-02T00:11:10Z] [SECTION] ============================================================
[2026-05-02T00:11:10Z] [INFO] 🖼️  PHASE: IMAGE-SEED ANALYSIS
[2026-05-02T00:11:10Z] [INFO] 📂 Image seed analysis bootstrapping from 0 images...
[2026-05-02T00:11:10Z] [SECTION] ============================================================
[2026-05-02T00:11:10Z] [INFO] 📤 PHASE: PUSH COMPONENTS TO TOLARIA
[2026-05-02T00:11:10Z] [INFO] 📦 Components pushed to Tolaria: 5
[2026-05-02T00:11:10Z] [SECTION] ============================================================
[2026-05-02T00:11:10Z] [INFO] 🧩 PHASE: COMPOSER - DOMAIN INTEGRATION SYNTHESIS
[2026-05-02T00:11:11Z] [INFO] 🎨 Domain integrations synthesized: 0
[2026-05-02T00:11:11Z] [SECTION] ============================================================
[2026-05-02T00:11:11Z] [INFO] 🚀 PHASE: ADVANCED OVERNIGHT LOOP
[2026-05-02T00:11:11Z] [INFO] 🔬 Advanced loop completed cycles: 0
[2026-05-02T00:11:11Z] [WARNING] ⚠️  Git commit skipped or failed (git not initialized?): Command '['git', '-C', '/home/avalonas/.hermes/gematria/unified_overnight_research', 'add', '.']' returned non-zero exit status 128.
[2026-05-02T00:11:11Z] [INFO] 
📊 CYCLE #2 SUMMARY
[2026-05-02T00:11:11Z] [INFO] ✅ Successful tasks: 7/7
[2026-05-02T00:11:11Z] [INFO] ⏱️  Cycle duration: 1.48s
[2026-05-02T00:11:11Z] [INFO]    ⚠️ task: result
[2026-05-02T00:11:11Z] [INFO]    ⚠️ task: result
[2026-05-02T00:11:11Z] [INFO]    ⚠️ task: result
[2026-05-02T00:11:11Z] [INFO]    ⚠️ task: result
[2026-05-02T00:11:11Z] [INFO]    ⚠️ task: result
[2026-05-02T00:11:11Z] [INFO]    ⚠️ task: result
[2026-05-02T00:11:11Z] [INFO]    ⚠️ task: result
[2026-05-02T00:11:11Z] [HEADER] ================================================================================
[2026-05-02T00:11:11Z] [INFO] 🔄 OVERNIGHT RESEARCH PIPELINE - CYCLE #3
[2026-05-02T00:11:11Z] [INFO] ================================================================================
[2026-05-02T00:11:11Z] [HEADER] ============================================================
[2026-05-02T00:11:11Z] [INFO] 🌙 STARTING OVERNIGHT RESEARCH CYCLE #3
[2026-05-02T00:11:11Z] [INFO] 🔍 Running overnight research protocol (web scraping + cross-symbol analysis)...
[2026-05-02T00:11:11Z] [INFO] 📊 Cycle duration: 0.58s, Files generated: 0
[2026-05-02T00:11:11Z] [INFO] 💾 Database updated with cycle results
[2026-05-02T00:11:11Z] [SECTION] ============================================================
[2026-05-02T00:11:11Z] [INFO] 🔮 PHASE: HIDDEN LAYERING DETECTION
[2026-05-02T00:11:11Z] [INFO] 🔗 Hidden layering detection complete. Connections identified: 2
[2026-05-02T00:11:11Z] [SECTION] ============================================================
[2026-05-02T00:11:11Z] [INFO] 🔬 PHASE: DOMAIN CORRELATION ANALYSIS
[2026-05-02T00:11:11Z] [INFO] 📊 Domain correlation matrices created: 1
[2026-05-02T00:11:11Z] [SECTION] ============================================================
[2026-05-02T00:11:11Z] [INFO] 🖼️  PHASE: IMAGE-SEED ANALYSIS
[2026-05-02T00:11:11Z] [INFO] 📂 Image seed analysis bootstrapping from 0 images...
[2026-05-02T00:11:11Z] [SECTION] ============================================================
[2026-05-02T00:11:11Z] [INFO] 📤 PHASE: PUSH COMPONENTS TO TOLARIA
[2026-05-02T00:11:12Z] [INFO] 📦 Components pushed to Tolaria: 5
[2026-05-02T00:11:12Z] [SECTION] ============================================================
[2026-05-02T00:11:12Z] [INFO] 🧩 PHASE: COMPOSER - DOMAIN INTEGRATION SYNTHESIS
[2026-05-02T00:11:12Z] [INFO] 🎨 Domain integrations synthesized: 0
[2026-05-02T00:11:12Z] [SECTION] ============================================================
[2026-05-02T00:11:12Z] [INFO] 🚀 PHASE: ADVANCED OVERNIGHT LOOP
[2026-05-02T00:11:12Z] [INFO] 🔬 Advanced loop completed cycles: 0
[2026-05-02T00:11:12Z] [WARNING] ⚠️  Git commit skipped or failed (git not initialized?): Command '['git', '-C', '/home/avalonas/.hermes/gematria/unified_overnight_research', 'add', '.']' returned non-zero exit status 128.
[2026-05-02T00:11:12Z] [INFO] 
📊 CYCLE #3 SUMMARY
[2026-05-02T00:11:12Z] [INFO] ✅ Successful tasks: 7/7
[2026-05-02T00:11:12Z] [INFO] ⏱️  Cycle duration: 1.74s
[2026-05-02T00:11:12Z] [INFO]    ⚠️ task: result
[2026-05-02T00:11:12Z] [INFO]    ⚠️ task: result
[2026-05-02T00:11:12Z] [INFO]    ⚠️ task: result
[2026-05-02T00:11:12Z] [INFO]    ⚠️ task: result
[2026-05-02T00:11:12Z] [INFO]    ⚠️ task: result
[2026-05-02T00:11:12Z] [INFO]    ⚠️ task: result
[2026-05-02T00:11:12Z] [INFO]    ⚠️ task: result
[2026-05-02T00:11:12Z] [HEADER] ================================================================================
[2026-05-02T00:11:12Z] [INFO] 🔄 OVERNIGHT RESEARCH PIPELINE - CYCLE #4
[2026-05-02T00:11:12Z] [INFO] ================================================================================
[2026-05-02T00:11:12Z] [HEADER] ============================================================
[2026-05-02T00:11:12Z] [INFO] 🌙 STARTING OVERNIGHT RESEARCH CYCLE #4
[2026-05-02T00:11:12Z] [INFO] 🔍 Running overnight research protocol (web scraping + cross-symbol analysis)...
[2026-05-02T00:11:13Z] [INFO] 📊 Cycle duration: 0.57s, Files generated: 0
[2026-05-02T00:11:13Z] [INFO] 💾 Database updated with cycle results
[2026-05-02T00:11:13Z] [SECTION] ============================================================
[2026-05-02T00:11:13Z] [INFO] 🔮 PHASE: HIDDEN LAYERING DETECTION
[2026-05-02T00:11:13Z] [INFO] 🔗 Hidden layering detection complete. Connections identified: 2
[2026-05-02T00:11:13Z] [SECTION] ============================================================
[2026-05-02T00:11:13Z] [INFO] 🔬 PHASE: DOMAIN CORRELATION ANALYSIS
[2026-05-02T00:11:13Z] [INFO] 📊 Domain correlation matrices created: 1
[2026-05-02T00:11:13Z] [SECTION] ============================================================
[2026-05-02T00:11:13Z] [INFO] 🖼️  PHASE: IMAGE-SEED ANALYSIS
[2026-05-02T00:11:13Z] [INFO] 📂 Image seed analysis bootstrapping from 0 images...
[2026-05-02T00:11:13Z] [SECTION] ============================================================
[2026-05-02T00:11:13Z] [INFO] 📤 PHASE: PUSH COMPONENTS TO TOLARIA
[2026-05-02T00:11:14Z] [INFO] 📦 Components pushed to Tolaria: 5
[2026-05-02T00:11:14Z] [SECTION] ============================================================
[2026-05-02T00:11:14Z] [INFO] 🧩 PHASE: COMPOSER - DOMAIN INTEGRATION SYNTHESIS
[2026-05-02T00:11:14Z] [INFO] 🎨 Domain integrations synthesized: 0
[2026-05-02T00:11:14Z] [SECTION] ============================================================
[2026-05-02T00:11:14Z] [INFO] 🚀 PHASE: ADVANCED OVERNIGHT LOOP
[2026-05-02T00:11:14Z] [INFO] 🔬 Advanced loop completed cycles: 0
[2026-05-02T00:11:14Z] [WARNING] ⚠️  Git commit skipped or failed (git not initialized?): Command '['git', '-C', '/home/avalonas/.hermes/gematria/unified_overnight_research', 'add', '.']' returned non-zero exit status 128.
[2026-05-02T00:11:14Z] [INFO] 
📊 CYCLE #4 SUMMARY
[2026-05-02T00:11:14Z] [INFO] ✅ Successful tasks: 7/7
[2026-05-02T00:11:14Z] [INFO] ⏱️  Cycle duration: 1.65s
[2026-05-02T00:11:14Z] [INFO]    ⚠️ task: result
[2026-05-02T00:11:14Z] [INFO]    ⚠️ task: result
[2026-05-02T00:11:14Z] [INFO]    ⚠️ task: result
[2026-05-02T00:11:14Z] [INFO]    ⚠️ task: result
[2026-05-02T00:11:14Z] [INFO]    ⚠️ task: result
[2026-05-02T00:11:14Z] [INFO]    ⚠️ task: result
[2026-05-02T00:11:14Z] [INFO]    ⚠️ task: result
[2026-05-02T00:11:14Z] [HEADER] ================================================================================
[2026-05-02T00:11:14Z] [INFO] 🔄 OVERNIGHT RESEARCH PIPELINE - CYCLE #5
[2026-05-02T00:11:14Z] [INFO] ================================================================================
[2026-05-02T00:11:14Z] [HEADER] ============================================================
[2026-05-02T00:11:14Z] [INFO] 🌙 STARTING OVERNIGHT RESEARCH CYCLE #5
[2026-05-02T00:11:14Z] [INFO] 🔍 Running overnight research protocol (web scraping + cross-symbol analysis)...
[2026-05-02T00:11:15Z] [INFO] 📊 Cycle duration: 0.57s, Files generated: 0
[2026-05-02T00:11:15Z] [INFO] 💾 Database updated with cycle results
[2026-05-02T00:11:15Z] [SECTION] ============================================================
[2026-05-02T00:11:15Z] [INFO] 🔮 PHASE: HIDDEN LAYERING DETECTION
[2026-05-02T00:11:15Z] [INFO] 🔗 Hidden layering detection complete. Connections identified: 2
[2026-05-02T00:11:15Z] [SECTION] ============================================================
[2026-05-02T00:11:15Z] [INFO] 🔬 PHASE: DOMAIN CORRELATION ANALYSIS
[2026-05-02T00:11:15Z] [INFO] 📊 Domain correlation matrices created: 1
[2026-05-02T00:11:15Z] [SECTION] ============================================================
[2026-05-02T00:11:15Z] [INFO] 🖼️  PHASE: IMAGE-SEED ANALYSIS
[2026-05-02T00:11:15Z] [INFO] 📂 Image seed analysis bootstrapping from 0 images...
[2026-05-02T00:11:15Z] [SECTION] ============================================================
[2026-05-02T00:11:15Z] [INFO] 📤 PHASE: PUSH COMPONENTS TO TOLARIA
[2026-05-02T00:11:15Z] [INFO] 📦 Components pushed to Tolaria: 5
[2026-05-02T00:11:15Z] [SECTION] ============================================================
[2026-05-02T00:11:15Z] [INFO] 🧩 PHASE: COMPOSER - DOMAIN INTEGRATION SYNTHESIS
[2026-05-02T00:11:15Z] [INFO] 🎨 Domain integrations synthesized: 0
[2026-05-02T00:11:15Z] [SECTION] ============================================================
[2026-05-02T00:11:15Z] [INFO] 🚀 PHASE: ADVANCED OVERNIGHT LOOP
[2026-05-02T00:11:16Z] [INFO] 🔬 Advanced loop completed cycles: 0
[2026-05-02T00:11:16Z] [WARNING] ⚠️  Git commit skipped or failed (git not initialized?): Command '['git', '-C', '/home/avalonas/.hermes/gematria/unified_overnight_research', 'add', '.']' returned non-zero exit status 128.
[2026-05-02T00:11:16Z] [INFO] 
📊 CYCLE #5 SUMMARY
[2026-05-02T00:11:16Z] [INFO] ✅ Successful tasks: 7/7
[2026-05-02T00:11:16Z] [INFO] ⏱️  Cycle duration: 1.65s
[2026-05-02T00:11:16Z] [INFO]    ⚠️ task: result
[2026-05-02T00:11:16Z] [INFO]    ⚠️ task: result
[2026-05-02T00:11:16Z] [INFO]    ⚠️ task: result
[2026-05-02T00:11:16Z] [INFO]    ⚠️ task: result
[2026-05-02T00:11:16Z] [INFO]    ⚠️ task: result
[2026-05-02T00:11:16Z] [INFO]    ⚠️ task: result
[2026-05-02T00:11:16Z] [INFO]    ⚠️ task: result
[2026-05-02T00:11:16Z] [HEADER] ================================================================================
[2026-05-02T00:11:16Z] [INFO] 🔄 OVERNIGHT RESEARCH PIPELINE - CYCLE #6
[2026-05-02T00:11:16Z] [INFO] ================================================================================
[2026-05-02T00:11:16Z] [HEADER] ============================================================
[2026-05-02T00:11:16Z] [INFO] 🌙 STARTING OVERNIGHT RESEARCH CYCLE #6
[2026-05-02T00:11:16Z] [INFO] 🔍 Running overnight research protocol (web scraping + cross-symbol analysis)...
[2026-05-02T00:11:16Z] [INFO] 📊 Cycle duration: 0.57s, Files generated: 0
[2026-05-02T00:11:16Z] [INFO] 💾 Database updated with cycle results
[2026-05-02T00:11:16Z] [SECTION] ============================================================
[2026-05-02T00:11:16Z] [INFO] 🔮 PHASE: HIDDEN LAYERING DETECTION
[2026-05-02T00:11:16Z] [INFO] 🔗 Hidden layering detection complete. Connections identified: 2
[2026-05-02T00:11:16Z] [SECTION] ============================================================
[2026-05-02T00:11:16Z] [INFO] 🔬 PHASE: DOMAIN CORRELATION ANALYSIS
[2026-05-02T00:11:16Z] [INFO] 📊 Domain correlation matrices created: 1
[2026-05-02T00:11:16Z] [SECTION] ============================================================
[2026-05-02T00:11:16Z] [INFO] 🖼️  PHASE: IMAGE-SEED ANALYSIS
[2026-05-02T00:11:16Z] [INFO] 📂 Image seed analysis bootstrapping from 0 images...
[2026-05-02T00:11:16Z] [SECTION] ============================================================
[2026-05-02T00:11:16Z] [INFO] 📤 PHASE: PUSH COMPONENTS TO TOLARIA
[2026-05-02T00:11:17Z] [INFO] 📦 Components pushed to Tolaria: 5
[2026-05-02T00:11:17Z] [SECTION] ============================================================
[2026-05-02T00:11:17Z] [INFO] 🧩 PHASE: COMPOSER - DOMAIN INTEGRATION SYNTHESIS
[2026-05-02T00:11:17Z] [INFO] 🎨 Domain integrations synthesized: 0
[2026-05-02T00:11:17Z] [SECTION] ============================================================
[2026-05-02T00:11:17Z] [INFO] 🚀 PHASE: ADVANCED OVERNIGHT LOOP
[2026-05-02T00:11:17Z] [INFO] 🔬 Advanced loop completed cycles: 0
[2026-05-02T00:11:17Z] [WARNING] ⚠️  Git commit skipped or failed (git not initialized?): Command '['git', '-C', '/home/avalonas/.hermes/gematria/unified_overnight_research', 'add', '.']' returned non-zero exit status 128.
