[2026-04-30T10:37:35Z] [HEADER] ================================================================================
[2026-04-30T10:37:35Z] [INFO] 🔄 OVERNIGHT RESEARCH PIPELINE - CYCLE #2
[2026-04-30T10:37:35Z] [INFO] ================================================================================
[2026-04-30T10:37:35Z] [HEADER] ============================================================
[2026-04-30T10:37:35Z] [INFO] 🌙 STARTING OVERNIGHT RESEARCH CYCLE #2
[2026-04-30T10:37:35Z] [INFO] 🔍 Running overnight research protocol (web scraping + cross-symbol analysis)...
[2026-04-30T10:37:35Z] [INFO] 📊 Cycle duration: 0.04s, Files generated: 0
[2026-04-30T10:37:35Z] [WARNING] ⚠️ Database not initialized for cycle counting
[2026-04-30T10:37:35Z] [INFO] 💾 Database updated with cycle results
[2026-04-30T10:37:35Z] [SECTION] ============================================================
[2026-04-30T10:37:35Z] [INFO] 🔮 PHASE: HIDDEN LAYERING DETECTION
[2026-04-30T10:37:35Z] [INFO] 🔗 Hidden layering detection complete. Connections identified: 2
[2026-04-30T10:37:35Z] [SECTION] ============================================================
[2026-04-30T10:37:35Z] [INFO] 🔬 PHASE: DOMAIN CORRELATION ANALYSIS
[2026-04-30T10:37:35Z] [INFO] 📊 Domain correlation matrices created: 2
[2026-04-30T10:37:35Z] [SECTION] ============================================================
[2026-04-30T10:37:35Z] [INFO] 🖼️  PHASE: IMAGE-SEED ANALYSIS
[2026-04-30T10:37:35Z] [INFO] 📂 Image seed analysis bootstrapping from 0 images...
[2026-04-30T10:37:35Z] [SECTION] ============================================================
[2026-04-30T10:37:35Z] [INFO] 📤 PHASE: PUSH COMPONENTS TO TOLARIA
[2026-04-30T10:37:36Z] [INFO] 📦 Components pushed to Tolaria: 5
[2026-04-30T10:37:36Z] [SECTION] ============================================================
[2026-04-30T10:37:36Z] [INFO] 🧩 PHASE: COMPOSER - DOMAIN INTEGRATION SYNTHESIS
[2026-04-30T10:37:36Z] [INFO] 🎨 Domain integrations synthesized: 0
[2026-04-30T10:37:36Z] [SECTION] ============================================================
[2026-04-30T10:37:36Z] [INFO] 🚀 PHASE: ADVANCED OVERNIGHT LOOP
[2026-04-30T10:37:37Z] [INFO] 🔬 Advanced loop completed cycles: 0
[2026-04-30T10:37:37Z] [WARNING] ⚠️  Git commit skipped or failed (git not initialized?): Command '['git', '-C', '/home/avalonas/.hermes/gematria/unified_overnight_research', 'add', '.']' returned non-zero exit status 128.
[2026-04-30T10:37:37Z] [INFO] 
📊 CYCLE #2 SUMMARY
[2026-04-30T10:37:37Z] [INFO] ✅ Successful tasks: 7/7
[2026-04-30T10:37:37Z] [INFO] ⏱️  Cycle duration: 1.28s
[2026-04-30T10:37:37Z] [INFO]    ⚠️ task: result
[2026-04-30T10:37:37Z] [INFO]    ⚠️ task: result
[2026-04-30T10:37:37Z] [INFO]    ⚠️ task: result
[2026-04-30T10:37:37Z] [INFO]    ⚠️ task: result
[2026-04-30T10:37:37Z] [INFO]    ⚠️ task: result
[2026-04-30T10:37:37Z] [INFO]    ⚠️ task: result
[2026-04-30T10:37:37Z] [INFO]    ⚠️ task: result
[2026-04-30T10:37:37Z] [HEADER] ================================================================================
[2026-04-30T10:37:37Z] [INFO] 🔄 OVERNIGHT RESEARCH PIPELINE - CYCLE #3
[2026-04-30T10:37:37Z] [INFO] ================================================================================
[2026-04-30T10:37:37Z] [HEADER] ============================================================
[2026-04-30T10:37:37Z] [INFO] 🌙 STARTING OVERNIGHT RESEARCH CYCLE #3
[2026-04-30T10:37:37Z] [INFO] 🔍 Running overnight research protocol (web scraping + cross-symbol analysis)...
[2026-04-30T10:37:37Z] [INFO] 📊 Cycle duration: 0.03s, Files generated: 0
[2026-04-30T10:37:37Z] [WARNING] ⚠️ Database not initialized for cycle counting
[2026-04-30T10:37:37Z] [INFO] 💾 Database updated with cycle results
[2026-04-30T10:37:37Z] [SECTION] ============================================================
[2026-04-30T10:37:37Z] [INFO] 🔮 PHASE: HIDDEN LAYERING DETECTION
[2026-04-30T10:37:37Z] [INFO] 🔗 Hidden layering detection complete. Connections identified: 2
[2026-04-30T10:37:37Z] [SECTION] ============================================================
[2026-04-30T10:37:37Z] [INFO] 🔬 PHASE: DOMAIN CORRELATION ANALYSIS
[2026-04-30T10:37:37Z] [INFO] 📊 Domain correlation matrices created: 2
[2026-04-30T10:37:37Z] [SECTION] ============================================================
[2026-04-30T10:37:37Z] [INFO] 🖼️  PHASE: IMAGE-SEED ANALYSIS
[2026-04-30T10:37:37Z] [INFO] 📂 Image seed analysis bootstrapping from 0 images...
[2026-04-30T10:37:37Z] [SECTION] ============================================================
[2026-04-30T10:37:37Z] [INFO] 📤 PHASE: PUSH COMPONENTS TO TOLARIA
[2026-04-30T10:37:37Z] [INFO] 📦 Components pushed to Tolaria: 5
[2026-04-30T10:37:37Z] [SECTION] ============================================================
[2026-04-30T10:37:37Z] [INFO] 🧩 PHASE: COMPOSER - DOMAIN INTEGRATION SYNTHESIS
[2026-04-30T10:37:38Z] [INFO] 🎨 Domain integrations synthesized: 0
[2026-04-30T10:37:38Z] [SECTION] ============================================================
[2026-04-30T10:37:38Z] [INFO] 🚀 PHASE: ADVANCED OVERNIGHT LOOP
[2026-04-30T10:37:38Z] [INFO] 🔬 Advanced loop completed cycles: 0
[2026-04-30T10:37:38Z] [WARNING] ⚠️  Git commit skipped or failed (git not initialized?): Command '['git', '-C', '/home/avalonas/.hermes/gematria/unified_overnight_research', 'add', '.']' returned non-zero exit status 128.
[2026-04-30T10:37:38Z] [INFO] 
📊 CYCLE #3 SUMMARY
[2026-04-30T10:37:38Z] [INFO] ✅ Successful tasks: 7/7
[2026-04-30T10:37:38Z] [INFO] ⏱️  Cycle duration: 1.24s
[2026-04-30T10:37:38Z] [INFO]    ⚠️ task: result
[2026-04-30T10:37:38Z] [INFO]    ⚠️ task: result
[2026-04-30T10:37:38Z] [INFO]    ⚠️ task: result
[2026-04-30T10:37:38Z] [INFO]    ⚠️ task: result
[2026-04-30T10:37:38Z] [INFO]    ⚠️ task: result
[2026-04-30T10:37:38Z] [INFO]    ⚠️ task: result
[2026-04-30T10:37:38Z] [INFO]    ⚠️ task: result
[2026-04-30T10:37:38Z] [HEADER] ================================================================================
[2026-04-30T10:37:38Z] [INFO] 🔄 OVERNIGHT RESEARCH PIPELINE - CYCLE #4
[2026-04-30T10:37:38Z] [INFO] ================================================================================
[2026-04-30T10:37:38Z] [HEADER] ============================================================
[2026-04-30T10:37:38Z] [INFO] 🌙 STARTING OVERNIGHT RESEARCH CYCLE #4
[2026-04-30T10:37:38Z] [INFO] 🔍 Running overnight research protocol (web scraping + cross-symbol analysis)...
[2026-04-30T10:37:38Z] [INFO] 📊 Cycle duration: 0.03s, Files generated: 0
[2026-04-30T10:37:38Z] [WARNING] ⚠️ Database not initialized for cycle counting
[2026-04-30T10:37:38Z] [INFO] 💾 Database updated with cycle results
[2026-04-30T10:37:38Z] [SECTION] ============================================================
[2026-04-30T10:37:38Z] [INFO] 🔮 PHASE: HIDDEN LAYERING DETECTION
[2026-04-30T10:37:38Z] [INFO] 🔗 Hidden layering detection complete. Connections identified: 2
[2026-04-30T10:37:38Z] [SECTION] ============================================================
[2026-04-30T10:37:38Z] [INFO] 🔬 PHASE: DOMAIN CORRELATION ANALYSIS
[2026-04-30T10:37:38Z] [INFO] 📊 Domain correlation matrices created: 2
[2026-04-30T10:37:38Z] [SECTION] ============================================================
[2026-04-30T10:37:38Z] [INFO] 🖼️  PHASE: IMAGE-SEED ANALYSIS
[2026-04-30T10:37:38Z] [INFO] 📂 Image seed analysis bootstrapping from 0 images...
[2026-04-30T10:37:38Z] [SECTION] ============================================================
[2026-04-30T10:37:38Z] [INFO] 📤 PHASE: PUSH COMPONENTS TO TOLARIA
[2026-04-30T10:37:39Z] [INFO] 📦 Components pushed to Tolaria: 5
[2026-04-30T10:37:39Z] [SECTION] ============================================================
[2026-04-30T10:37:39Z] [INFO] 🧩 PHASE: COMPOSER - DOMAIN INTEGRATION SYNTHESIS
[2026-04-30T10:37:39Z] [INFO] 🎨 Domain integrations synthesized: 0
[2026-04-30T10:37:39Z] [SECTION] ============================================================
[2026-04-30T10:37:39Z] [INFO] 🚀 PHASE: ADVANCED OVERNIGHT LOOP
[2026-04-30T10:37:39Z] [INFO] 🔬 Advanced loop completed cycles: 0
[2026-04-30T10:37:39Z] [WARNING] ⚠️  Git commit skipped or failed (git not initialized?): Command '['git', '-C', '/home/avalonas/.hermes/gematria/unified_overnight_research', 'add', '.']' returned non-zero exit status 128.
[2026-04-30T10:37:39Z] [INFO] 
📊 CYCLE #4 SUMMARY
[2026-04-30T10:37:39Z] [INFO] ✅ Successful tasks: 7/7
[2026-04-30T10:37:39Z] [INFO] ⏱️  Cycle duration: 1.26s
[2026-04-30T10:37:39Z] [INFO]    ⚠️ task: result
[2026-04-30T10:37:39Z] [INFO]    ⚠️ task: result
[2026-04-30T10:37:39Z] [INFO]    ⚠️ task: result
[2026-04-30T10:37:39Z] [INFO]    ⚠️ task: result
[2026-04-30T10:37:39Z] [INFO]    ⚠️ task: result
[2026-04-30T10:37:39Z] [INFO]    ⚠️ task: result
[2026-04-30T10:37:39Z] [INFO]    ⚠️ task: result
[2026-04-30T10:37:39Z] [HEADER] ================================================================================
[2026-04-30T10:37:39Z] [INFO] 🔄 OVERNIGHT RESEARCH PIPELINE - CYCLE #5
[2026-04-30T10:37:39Z] [INFO] ================================================================================
[2026-04-30T10:37:39Z] [HEADER] ============================================================
[2026-04-30T10:37:39Z] [INFO] 🌙 STARTING OVERNIGHT RESEARCH CYCLE #5
[2026-04-30T10:37:39Z] [INFO] 🔍 Running overnight research protocol (web scraping + cross-symbol analysis)...
[2026-04-30T10:37:39Z] [INFO] 📊 Cycle duration: 0.03s, Files generated: 0
[2026-04-30T10:37:39Z] [WARNING] ⚠️ Database not initialized for cycle counting
[2026-04-30T10:37:39Z] [INFO] 💾 Database updated with cycle results
[2026-04-30T10:37:39Z] [SECTION] ============================================================
[2026-04-30T10:37:39Z] [INFO] 🔮 PHASE: HIDDEN LAYERING DETECTION
[2026-04-30T10:37:39Z] [INFO] 🔗 Hidden layering detection complete. Connections identified: 2
[2026-04-30T10:37:39Z] [SECTION] ============================================================
[2026-04-30T10:37:39Z] [INFO] 🔬 PHASE: DOMAIN CORRELATION ANALYSIS
[2026-04-30T10:37:39Z] [INFO] 📊 Domain correlation matrices created: 2
[2026-04-30T10:37:39Z] [SECTION] ============================================================
[2026-04-30T10:37:39Z] [INFO] 🖼️  PHASE: IMAGE-SEED ANALYSIS
[2026-04-30T10:37:39Z] [INFO] 📂 Image seed analysis bootstrapping from 0 images...
[2026-04-30T10:37:39Z] [SECTION] ============================================================
[2026-04-30T10:37:39Z] [INFO] 📤 PHASE: PUSH COMPONENTS TO TOLARIA
[2026-04-30T10:37:40Z] [INFO] 📦 Components pushed to Tolaria: 5
[2026-04-30T10:37:40Z] [SECTION] ============================================================
[2026-04-30T10:37:40Z] [INFO] 🧩 PHASE: COMPOSER - DOMAIN INTEGRATION SYNTHESIS
[2026-04-30T10:37:40Z] [INFO] 🎨 Domain integrations synthesized: 0
[2026-04-30T10:37:40Z] [SECTION] ============================================================
[2026-04-30T10:37:40Z] [INFO] 🚀 PHASE: ADVANCED OVERNIGHT LOOP
[2026-04-30T10:37:40Z] [INFO] 🔬 Advanced loop completed cycles: 0
[2026-04-30T10:37:40Z] [WARNING] ⚠️  Git commit skipped or failed (git not initialized?): Command '['git', '-C', '/home/avalonas/.hermes/gematria/unified_overnight_research', 'add', '.']' returned non-zero exit status 128.
[2026-04-30T10:37:40Z] [INFO] 
📊 CYCLE #5 SUMMARY
[2026-04-30T10:37:40Z] [INFO] ✅ Successful tasks: 7/7
[2026-04-30T10:37:40Z] [INFO] ⏱️  Cycle duration: 1.20s
[2026-04-30T10:37:40Z] [INFO]    ⚠️ task: result
[2026-04-30T10:37:40Z] [INFO]    ⚠️ task: result
[2026-04-30T10:37:40Z] [INFO]    ⚠️ task: result
[2026-04-30T10:37:40Z] [INFO]    ⚠️ task: result
[2026-04-30T10:37:40Z] [INFO]    ⚠️ task: result
[2026-04-30T10:37:40Z] [INFO]    ⚠️ task: result
[2026-04-30T10:37:40Z] [INFO]    ⚠️ task: result
[2026-04-30T10:37:40Z] [HEADER] ================================================================================
[2026-04-30T10:37:40Z] [INFO] 🔄 OVERNIGHT RESEARCH PIPELINE - CYCLE #6
[2026-04-30T10:37:40Z] [INFO] ================================================================================
[2026-04-30T10:37:40Z] [HEADER] ============================================================
[2026-04-30T10:37:40Z] [INFO] 🌙 STARTING OVERNIGHT RESEARCH CYCLE #6
[2026-04-30T10:37:40Z] [INFO] 🔍 Running overnight research protocol (web scraping + cross-symbol analysis)...
[2026-04-30T10:37:40Z] [INFO] 📊 Cycle duration: 0.03s, Files generated: 0
[2026-04-30T10:37:40Z] [WARNING] ⚠️ Database not initialized for cycle counting
[2026-04-30T10:37:40Z] [INFO] 💾 Database updated with cycle results
[2026-04-30T10:37:40Z] [SECTION] ============================================================
[2026-04-30T10:37:40Z] [INFO] 🔮 PHASE: HIDDEN LAYERING DETECTION
[2026-04-30T10:37:40Z] [INFO] 🔗 Hidden layering detection complete. Connections identified: 2
[2026-04-30T10:37:40Z] [SECTION] ============================================================
[2026-04-30T10:37:40Z] [INFO] 🔬 PHASE: DOMAIN CORRELATION ANALYSIS
[2026-04-30T10:37:40Z] [INFO] 📊 Domain correlation matrices created: 2
[2026-04-30T10:37:40Z] [SECTION] ============================================================
[2026-04-30T10:37:40Z] [INFO] 🖼️  PHASE: IMAGE-SEED ANALYSIS
[2026-04-30T10:37:40Z] [INFO] 📂 Image seed analysis bootstrapping from 0 images...
[2026-04-30T10:37:40Z] [SECTION] ============================================================
[2026-04-30T10:37:40Z] [INFO] 📤 PHASE: PUSH COMPONENTS TO TOLARIA
[2026-04-30T10:37:41Z] [INFO] 📦 Components pushed to Tolaria: 5
[2026-04-30T10:37:41Z] [SECTION] ============================================================
[2026-04-30T10:37:41Z] [INFO] 🧩 PHASE: COMPOSER - DOMAIN INTEGRATION SYNTHESIS
[2026-04-30T10:37:41Z] [INFO] 🎨 Domain integrations synthesized: 0
[2026-04-30T10:37:41Z] [SECTION] ============================================================
[2026-04-30T10:37:41Z] [INFO] 🚀 PHASE: ADVANCED OVERNIGHT LOOP
[2026-04-30T10:37:41Z] [INFO] 🔬 Advanced loop completed cycles: 0
[2026-04-30T10:37:41Z] [WARNING] ⚠️  Git commit skipped or failed (git not initialized?): Command '['git', '-C', '/home/avalonas/.hermes/gematria/unified_overnight_research', 'add', '.']' returned non-zero exit status 128.
[2026-04-30T10:37:41Z] [INFO] 
📊 CYCLE #6 SUMMARY
[2026-04-30T10:37:41Z] [INFO] ✅ Successful tasks: 7/7
[2026-04-30T10:37:41Z] [INFO] ⏱️  Cycle duration: 1.23s
[2026-04-30T10:37:41Z] [INFO]    ⚠️ task: result
[2026-04-30T10:37:41Z] [INFO]    ⚠️ task: result
[2026-04-30T10:37:41Z] [INFO]    ⚠️ task: result
[2026-04-30T10:37:41Z] [INFO]    ⚠️ task: result
[2026-04-30T10:37:41Z] [INFO]    ⚠️ task: result
[2026-04-30T10:37:41Z] [INFO]    ⚠️ task: result
[2026-04-30T10:37:41Z] [INFO]    ⚠️ task: result
[2026-04-30T10:37:41Z] [HEADER] ================================================================================
[2026-04-30T10:37:41Z] [INFO] 🔄 OVERNIGHT RESEARCH PIPELINE - CYCLE #7
[2026-04-30T10:37:41Z] [INFO] ================================================================================
[2026-04-30T10:37:41Z] [HEADER] ============================================================
[2026-04-30T10:37:41Z] [INFO] 🌙 STARTING OVERNIGHT RESEARCH CYCLE #7
[2026-04-30T10:37:41Z] [INFO] 🔍 Running overnight research protocol (web scraping + cross-symbol analysis)...
[2026-04-30T10:37:41Z] [INFO] 📊 Cycle duration: 0.04s, Files generated: 0
[2026-04-30T10:37:41Z] [WARNING] ⚠️ Database not initialized for cycle counting
[2026-04-30T10:37:41Z] [INFO] 💾 Database updated with cycle results
