[2026-05-02T05:47:13Z] [HEADER] ================================================================================
[2026-05-02T05:47:13Z] [INFO] 🔄 OVERNIGHT RESEARCH PIPELINE - CYCLE #2
[2026-05-02T05:47:13Z] [INFO] ================================================================================
[2026-05-02T05:47:13Z] [HEADER] ============================================================
[2026-05-02T05:47:13Z] [INFO] 🌙 STARTING OVERNIGHT RESEARCH CYCLE #2
[2026-05-02T05:47:13Z] [INFO] 🔍 Running overnight research protocol (web scraping + cross-symbol analysis)...
[2026-05-02T05:47:13Z] [INFO] 📊 Cycle duration: 0.10s, Files generated: 0
[2026-05-02T05:47:13Z] [WARNING] ⚠️ Database not initialized for cycle counting
[2026-05-02T05:47:13Z] [INFO] 💾 Database updated with cycle results
[2026-05-02T05:47:13Z] [SECTION] ============================================================
[2026-05-02T05:47:13Z] [INFO] 🔮 PHASE: HIDDEN LAYERING DETECTION
[2026-05-02T05:47:13Z] [INFO] 🔗 Hidden layering detection complete. Connections identified: 2
[2026-05-02T05:47:13Z] [SECTION] ============================================================
[2026-05-02T05:47:13Z] [INFO] 🔬 PHASE: DOMAIN CORRELATION ANALYSIS
[2026-05-02T05:47:13Z] [INFO] 📊 Domain correlation matrices created: 2
[2026-05-02T05:47:13Z] [SECTION] ============================================================
[2026-05-02T05:47:13Z] [INFO] 🖼️  PHASE: IMAGE-SEED ANALYSIS
[2026-05-02T05:47:13Z] [INFO] 📂 Image seed analysis bootstrapping from 5 images...
[2026-05-02T05:47:13Z] [SECTION] ============================================================
[2026-05-02T05:47:13Z] [INFO] 📤 PHASE: PUSH COMPONENTS TO TOLARIA
[2026-05-02T05:47:14Z] [INFO] 📦 Components pushed to Tolaria: 5
[2026-05-02T05:47:14Z] [SECTION] ============================================================
[2026-05-02T05:47:14Z] [INFO] 🧩 PHASE: COMPOSER - DOMAIN INTEGRATION SYNTHESIS
[2026-05-02T05:47:34Z] [INFO] 🎨 Domain integrations synthesized: 0
[2026-05-02T05:47:34Z] [SECTION] ============================================================
[2026-05-02T05:47:34Z] [INFO] 🚀 PHASE: ADVANCED OVERNIGHT LOOP
