[2026-05-02T04:26:43Z] [HEADER] ================================================================================
[2026-05-02T04:26:43Z] [INFO] 🔄 OVERNIGHT RESEARCH PIPELINE - CYCLE #2
[2026-05-02T04:26:43Z] [INFO] ================================================================================
[2026-05-02T04:26:43Z] [HEADER] ============================================================
[2026-05-02T04:26:43Z] [INFO] 🌙 STARTING OVERNIGHT RESEARCH CYCLE #2
[2026-05-02T04:26:43Z] [INFO] 🔍 Running overnight research protocol (web scraping + cross-symbol analysis)...
[2026-05-02T04:26:43Z] [INFO] 📊 Cycle duration: 0.37s, Files generated: 1
[2026-05-02T04:26:43Z] [WARNING] ⚠️ Database not initialized for cycle counting
[2026-05-02T04:26:43Z] [INFO] 💾 Database updated with cycle results
[2026-05-02T04:26:43Z] [SECTION] ============================================================
[2026-05-02T04:26:43Z] [INFO] 🔮 PHASE: HIDDEN LAYERING DETECTION
[2026-05-02T04:26:43Z] [INFO] 🔗 Hidden layering detection complete. Connections identified: 2
[2026-05-02T04:26:43Z] [SECTION] ============================================================
[2026-05-02T04:26:43Z] [INFO] 🔬 PHASE: DOMAIN CORRELATION ANALYSIS
[2026-05-02T04:26:43Z] [INFO] 📊 Domain correlation matrices created: 2
[2026-05-02T04:26:43Z] [SECTION] ============================================================
[2026-05-02T04:26:43Z] [INFO] 🖼️  PHASE: IMAGE-SEED ANALYSIS
[2026-05-02T04:26:43Z] [INFO] 📂 Image seed analysis bootstrapping from 5 images...
[2026-05-02T04:26:43Z] [SECTION] ============================================================
[2026-05-02T04:26:43Z] [INFO] 📤 PHASE: PUSH COMPONENTS TO TOLARIA
[2026-05-02T04:26:44Z] [INFO] 📦 Components pushed to Tolaria: 5
[2026-05-02T04:26:44Z] [SECTION] ============================================================
[2026-05-02T04:26:44Z] [INFO] 🧩 PHASE: COMPOSER - DOMAIN INTEGRATION SYNTHESIS
[2026-05-02T04:27:01Z] [INFO] 🎨 Domain integrations synthesized: 0
[2026-05-02T04:27:01Z] [SECTION] ============================================================
[2026-05-02T04:27:01Z] [INFO] 🚀 PHASE: ADVANCED OVERNIGHT LOOP
[2026-05-02T04:28:08Z] [INFO] 🔬 Advanced loop completed cycles: 0
[2026-05-02T04:28:08Z] [WARNING] ⚠️  Git commit skipped or failed (git not initialized?): Command '['git', '-C', '/home/avalonas/.hermes/gematria/unified_overnight_research', 'add', '.']' returned non-zero exit status 128.
[2026-05-02T04:28:08Z] [INFO] 
📊 CYCLE #2 SUMMARY
[2026-05-02T04:28:08Z] [INFO] ✅ Successful tasks: 7/7
[2026-05-02T04:28:08Z] [INFO] ⏱️  Cycle duration: 84.76s
[2026-05-02T04:28:08Z] [INFO]    ⚠️ task: result
[2026-05-02T04:28:08Z] [INFO]    ⚠️ task: result
[2026-05-02T04:28:08Z] [INFO]    ⚠️ task: result
[2026-05-02T04:28:08Z] [INFO]    ⚠️ task: result
[2026-05-02T04:28:08Z] [INFO]    ⚠️ task: result
[2026-05-02T04:28:08Z] [INFO]    ⚠️ task: result
[2026-05-02T04:28:08Z] [INFO]    ⚠️ task: result
[2026-05-02T04:28:08Z] [HEADER] ================================================================================
[2026-05-02T04:28:08Z] [INFO] 🔄 OVERNIGHT RESEARCH PIPELINE - CYCLE #3
[2026-05-02T04:28:08Z] [INFO] ================================================================================
[2026-05-02T04:28:08Z] [HEADER] ============================================================
[2026-05-02T04:28:08Z] [INFO] 🌙 STARTING OVERNIGHT RESEARCH CYCLE #3
[2026-05-02T04:28:08Z] [INFO] 🔍 Running overnight research protocol (web scraping + cross-symbol analysis)...
[2026-05-02T04:28:08Z] [INFO] 📊 Cycle duration: 0.28s, Files generated: 1
[2026-05-02T04:28:08Z] [WARNING] ⚠️ Database not initialized for cycle counting
[2026-05-02T04:28:08Z] [INFO] 💾 Database updated with cycle results
[2026-05-02T04:28:08Z] [SECTION] ============================================================
[2026-05-02T04:28:08Z] [INFO] 🔮 PHASE: HIDDEN LAYERING DETECTION
[2026-05-02T04:28:08Z] [INFO] 🔗 Hidden layering detection complete. Connections identified: 2
[2026-05-02T04:28:08Z] [SECTION] ============================================================
[2026-05-02T04:28:08Z] [INFO] 🔬 PHASE: DOMAIN CORRELATION ANALYSIS
[2026-05-02T04:28:08Z] [INFO] 📊 Domain correlation matrices created: 2
[2026-05-02T04:28:08Z] [SECTION] ============================================================
[2026-05-02T04:28:08Z] [INFO] 🖼️  PHASE: IMAGE-SEED ANALYSIS
[2026-05-02T04:28:08Z] [INFO] 📂 Image seed analysis bootstrapping from 5 images...
[2026-05-02T04:28:08Z] [SECTION] ============================================================
[2026-05-02T04:28:08Z] [INFO] 📤 PHASE: PUSH COMPONENTS TO TOLARIA
[2026-05-02T04:28:09Z] [INFO] 📦 Components pushed to Tolaria: 5
[2026-05-02T04:28:09Z] [SECTION] ============================================================
[2026-05-02T04:28:09Z] [INFO] 🧩 PHASE: COMPOSER - DOMAIN INTEGRATION SYNTHESIS
[2026-05-02T04:28:30Z] [INFO] 🎨 Domain integrations synthesized: 0
[2026-05-02T04:28:30Z] [SECTION] ============================================================
[2026-05-02T04:28:30Z] [INFO] 🚀 PHASE: ADVANCED OVERNIGHT LOOP
[2026-05-02T04:29:36Z] [INFO] 🔬 Advanced loop completed cycles: 0
[2026-05-02T04:29:37Z] [WARNING] ⚠️  Git commit skipped or failed (git not initialized?): Command '['git', '-C', '/home/avalonas/.hermes/gematria/unified_overnight_research', 'add', '.']' returned non-zero exit status 128.
[2026-05-02T04:29:37Z] [INFO] 
📊 CYCLE #3 SUMMARY
[2026-05-02T04:29:37Z] [INFO] ✅ Successful tasks: 7/7
[2026-05-02T04:29:37Z] [INFO] ⏱️  Cycle duration: 88.73s
[2026-05-02T04:29:37Z] [INFO]    ⚠️ task: result
[2026-05-02T04:29:37Z] [INFO]    ⚠️ task: result
[2026-05-02T04:29:37Z] [INFO]    ⚠️ task: result
[2026-05-02T04:29:37Z] [INFO]    ⚠️ task: result
[2026-05-02T04:29:37Z] [INFO]    ⚠️ task: result
[2026-05-02T04:29:37Z] [INFO]    ⚠️ task: result
[2026-05-02T04:29:37Z] [INFO]    ⚠️ task: result
[2026-05-02T04:29:37Z] [HEADER] ================================================================================
[2026-05-02T04:29:37Z] [INFO] 🔄 OVERNIGHT RESEARCH PIPELINE - CYCLE #4
[2026-05-02T04:29:37Z] [INFO] ================================================================================
[2026-05-02T04:29:37Z] [HEADER] ============================================================
[2026-05-02T04:29:37Z] [INFO] 🌙 STARTING OVERNIGHT RESEARCH CYCLE #4
[2026-05-02T04:29:37Z] [INFO] 🔍 Running overnight research protocol (web scraping + cross-symbol analysis)...
[2026-05-02T04:29:37Z] [INFO] 📊 Cycle duration: 0.33s, Files generated: 1
[2026-05-02T04:29:37Z] [WARNING] ⚠️ Database not initialized for cycle counting
[2026-05-02T04:29:37Z] [INFO] 💾 Database updated with cycle results
[2026-05-02T04:29:37Z] [SECTION] ============================================================
[2026-05-02T04:29:37Z] [INFO] 🔮 PHASE: HIDDEN LAYERING DETECTION
[2026-05-02T04:29:37Z] [INFO] 🔗 Hidden layering detection complete. Connections identified: 2
[2026-05-02T04:29:37Z] [SECTION] ============================================================
[2026-05-02T04:29:37Z] [INFO] 🔬 PHASE: DOMAIN CORRELATION ANALYSIS
[2026-05-02T04:29:37Z] [INFO] 📊 Domain correlation matrices created: 2
[2026-05-02T04:29:37Z] [SECTION] ============================================================
[2026-05-02T04:29:37Z] [INFO] 🖼️  PHASE: IMAGE-SEED ANALYSIS
[2026-05-02T04:29:37Z] [INFO] 📂 Image seed analysis bootstrapping from 5 images...
[2026-05-02T04:29:37Z] [SECTION] ============================================================
[2026-05-02T04:29:37Z] [INFO] 📤 PHASE: PUSH COMPONENTS TO TOLARIA
[2026-05-02T04:29:38Z] [INFO] 📦 Components pushed to Tolaria: 5
[2026-05-02T04:29:38Z] [SECTION] ============================================================
[2026-05-02T04:29:38Z] [INFO] 🧩 PHASE: COMPOSER - DOMAIN INTEGRATION SYNTHESIS
