[2026-05-01T14:28:48Z] [HEADER] ================================================================================
[2026-05-01T14:28:48Z] [INFO] 🔄 OVERNIGHT RESEARCH PIPELINE - CYCLE #2
[2026-05-01T14:28:48Z] [INFO] ================================================================================
[2026-05-01T14:28:48Z] [HEADER] ============================================================
[2026-05-01T14:28:48Z] [INFO] 🌙 STARTING OVERNIGHT RESEARCH CYCLE #2
[2026-05-01T14:28:48Z] [INFO] 🔍 Running overnight research protocol (web scraping + cross-symbol analysis)...
[2026-05-01T14:28:49Z] [INFO] 📊 Cycle duration: 0.25s, Files generated: 1
[2026-05-01T14:28:49Z] [WARNING] ⚠️ Database not initialized for cycle counting
[2026-05-01T14:28:49Z] [INFO] 💾 Database updated with cycle results
[2026-05-01T14:28:49Z] [SECTION] ============================================================
[2026-05-01T14:28:49Z] [INFO] 🔮 PHASE: HIDDEN LAYERING DETECTION
[2026-05-01T14:28:49Z] [INFO] 🔗 Hidden layering detection complete. Connections identified: 2
[2026-05-01T14:28:49Z] [SECTION] ============================================================
[2026-05-01T14:28:49Z] [INFO] 🔬 PHASE: DOMAIN CORRELATION ANALYSIS
[2026-05-01T14:28:49Z] [INFO] 📊 Domain correlation matrices created: 2
[2026-05-01T14:28:49Z] [SECTION] ============================================================
[2026-05-01T14:28:49Z] [INFO] 🖼️  PHASE: IMAGE-SEED ANALYSIS
[2026-05-01T14:28:49Z] [INFO] 📂 Image seed analysis bootstrapping from 0 images...
[2026-05-01T14:28:49Z] [SECTION] ============================================================
[2026-05-01T14:28:49Z] [INFO] 📤 PHASE: PUSH COMPONENTS TO TOLARIA
[2026-05-01T14:28:50Z] [INFO] 📦 Components pushed to Tolaria: 5
[2026-05-01T14:28:50Z] [SECTION] ============================================================
[2026-05-01T14:28:50Z] [INFO] 🧩 PHASE: COMPOSER - DOMAIN INTEGRATION SYNTHESIS
[2026-05-01T14:29:12Z] [INFO] 🎨 Domain integrations synthesized: 0
[2026-05-01T14:29:12Z] [SECTION] ============================================================
[2026-05-01T14:29:12Z] [INFO] 🚀 PHASE: ADVANCED OVERNIGHT LOOP
[2026-05-01T14:30:19Z] [INFO] 🔬 Advanced loop completed cycles: 0
[2026-05-01T14:30:19Z] [WARNING] ⚠️  Git commit skipped or failed (git not initialized?): Command '['git', '-C', '/home/avalonas/.hermes/gematria/unified_overnight_research', 'commit', '-m', '[2026-05-01T14:30:19Z] Cycle 1: Cycle 2: Web research + hidden layering detection']' returned non-zero exit status 128.
[2026-05-01T14:30:19Z] [INFO] 
📊 CYCLE #2 SUMMARY
[2026-05-01T14:30:19Z] [INFO] ✅ Successful tasks: 7/7
[2026-05-01T14:30:19Z] [INFO] ⏱️  Cycle duration: 90.71s
[2026-05-01T14:30:19Z] [INFO]    ⚠️ task: result
[2026-05-01T14:30:19Z] [INFO]    ⚠️ task: result
[2026-05-01T14:30:19Z] [INFO]    ⚠️ task: result
[2026-05-01T14:30:19Z] [INFO]    ⚠️ task: result
[2026-05-01T14:30:19Z] [INFO]    ⚠️ task: result
[2026-05-01T14:30:19Z] [INFO]    ⚠️ task: result
[2026-05-01T14:30:19Z] [INFO]    ⚠️ task: result
[2026-05-01T14:30:19Z] [HEADER] ================================================================================
[2026-05-01T14:30:19Z] [INFO] 🔄 OVERNIGHT RESEARCH PIPELINE - CYCLE #3
[2026-05-01T14:30:19Z] [INFO] ================================================================================
[2026-05-01T14:30:19Z] [HEADER] ============================================================
[2026-05-01T14:30:19Z] [INFO] 🌙 STARTING OVERNIGHT RESEARCH CYCLE #3
[2026-05-01T14:30:19Z] [INFO] 🔍 Running overnight research protocol (web scraping + cross-symbol analysis)...
[2026-05-01T14:30:19Z] [INFO] 📊 Cycle duration: 0.26s, Files generated: 1
[2026-05-01T14:30:19Z] [WARNING] ⚠️ Database not initialized for cycle counting
[2026-05-01T14:30:19Z] [INFO] 💾 Database updated with cycle results
[2026-05-01T14:30:19Z] [SECTION] ============================================================
[2026-05-01T14:30:19Z] [INFO] 🔮 PHASE: HIDDEN LAYERING DETECTION
[2026-05-01T14:30:19Z] [INFO] 🔗 Hidden layering detection complete. Connections identified: 2
[2026-05-01T14:30:19Z] [SECTION] ============================================================
[2026-05-01T14:30:19Z] [INFO] 🔬 PHASE: DOMAIN CORRELATION ANALYSIS
[2026-05-01T14:30:19Z] [INFO] 📊 Domain correlation matrices created: 2
[2026-05-01T14:30:19Z] [SECTION] ============================================================
[2026-05-01T14:30:19Z] [INFO] 🖼️  PHASE: IMAGE-SEED ANALYSIS
[2026-05-01T14:30:19Z] [INFO] 📂 Image seed analysis bootstrapping from 0 images...
[2026-05-01T14:30:19Z] [SECTION] ============================================================
[2026-05-01T14:30:19Z] [INFO] 📤 PHASE: PUSH COMPONENTS TO TOLARIA
[2026-05-01T14:30:20Z] [INFO] 📦 Components pushed to Tolaria: 5
[2026-05-01T14:30:20Z] [SECTION] ============================================================
[2026-05-01T14:30:20Z] [INFO] 🧩 PHASE: COMPOSER - DOMAIN INTEGRATION SYNTHESIS
[2026-05-01T14:30:41Z] [INFO] 🎨 Domain integrations synthesized: 0
[2026-05-01T14:30:41Z] [SECTION] ============================================================
[2026-05-01T14:30:41Z] [INFO] 🚀 PHASE: ADVANCED OVERNIGHT LOOP
[2026-05-01T14:31:47Z] [INFO] 🔬 Advanced loop completed cycles: 0
[2026-05-01T14:31:47Z] [WARNING] ⚠️  Git commit skipped or failed (git not initialized?): Command '['git', '-C', '/home/avalonas/.hermes/gematria/unified_overnight_research', 'add', '.']' returned non-zero exit status 128.
[2026-05-01T14:31:47Z] [INFO] 
📊 CYCLE #3 SUMMARY
[2026-05-01T14:31:47Z] [INFO] ✅ Successful tasks: 7/7
[2026-05-01T14:31:47Z] [INFO] ⏱️  Cycle duration: 88.40s
[2026-05-01T14:31:47Z] [INFO]    ⚠️ task: result
[2026-05-01T14:31:47Z] [INFO]    ⚠️ task: result
[2026-05-01T14:31:47Z] [INFO]    ⚠️ task: result
[2026-05-01T14:31:47Z] [INFO]    ⚠️ task: result
[2026-05-01T14:31:47Z] [INFO]    ⚠️ task: result
[2026-05-01T14:31:47Z] [INFO]    ⚠️ task: result
[2026-05-01T14:31:47Z] [INFO]    ⚠️ task: result
[2026-05-01T14:31:47Z] [HEADER] ================================================================================
[2026-05-01T14:31:47Z] [INFO] 🔄 OVERNIGHT RESEARCH PIPELINE - CYCLE #4
[2026-05-01T14:31:47Z] [INFO] ================================================================================
[2026-05-01T14:31:47Z] [HEADER] ============================================================
[2026-05-01T14:31:47Z] [INFO] 🌙 STARTING OVERNIGHT RESEARCH CYCLE #4
[2026-05-01T14:31:47Z] [INFO] 🔍 Running overnight research protocol (web scraping + cross-symbol analysis)...
[2026-05-01T14:31:48Z] [INFO] 📊 Cycle duration: 0.33s, Files generated: 1
[2026-05-01T14:31:48Z] [WARNING] ⚠️ Database not initialized for cycle counting
[2026-05-01T14:31:48Z] [INFO] 💾 Database updated with cycle results
[2026-05-01T14:31:48Z] [SECTION] ============================================================
[2026-05-01T14:31:48Z] [INFO] 🔮 PHASE: HIDDEN LAYERING DETECTION
[2026-05-01T14:31:48Z] [INFO] 🔗 Hidden layering detection complete. Connections identified: 2
[2026-05-01T14:31:48Z] [SECTION] ============================================================
[2026-05-01T14:31:48Z] [INFO] 🔬 PHASE: DOMAIN CORRELATION ANALYSIS
[2026-05-01T14:31:48Z] [INFO] 📊 Domain correlation matrices created: 2
[2026-05-01T14:31:48Z] [SECTION] ============================================================
[2026-05-01T14:31:48Z] [INFO] 🖼️  PHASE: IMAGE-SEED ANALYSIS
[2026-05-01T14:31:48Z] [INFO] 📂 Image seed analysis bootstrapping from 0 images...
[2026-05-01T14:31:48Z] [SECTION] ============================================================
[2026-05-01T14:31:48Z] [INFO] 📤 PHASE: PUSH COMPONENTS TO TOLARIA
[2026-05-01T14:31:49Z] [INFO] 📦 Components pushed to Tolaria: 5
[2026-05-01T14:31:49Z] [SECTION] ============================================================
[2026-05-01T14:31:49Z] [INFO] 🧩 PHASE: COMPOSER - DOMAIN INTEGRATION SYNTHESIS
[2026-05-01T14:32:10Z] [INFO] 🎨 Domain integrations synthesized: 0
[2026-05-01T14:32:10Z] [SECTION] ============================================================
[2026-05-01T14:32:10Z] [INFO] 🚀 PHASE: ADVANCED OVERNIGHT LOOP
[2026-05-01T14:33:17Z] [INFO] 🔬 Advanced loop completed cycles: 0
[2026-05-01T14:33:17Z] [WARNING] ⚠️  Git commit skipped or failed (git not initialized?): Command '['git', '-C', '/home/avalonas/.hermes/gematria/unified_overnight_research', 'add', '.']' returned non-zero exit status 128.
[2026-05-01T14:33:17Z] [INFO] 
📊 CYCLE #4 SUMMARY
[2026-05-01T14:33:17Z] [INFO] ✅ Successful tasks: 7/7
[2026-05-01T14:33:17Z] [INFO] ⏱️  Cycle duration: 89.49s
[2026-05-01T14:33:17Z] [INFO]    ⚠️ task: result
[2026-05-01T14:33:17Z] [INFO]    ⚠️ task: result
[2026-05-01T14:33:17Z] [INFO]    ⚠️ task: result
[2026-05-01T14:33:17Z] [INFO]    ⚠️ task: result
[2026-05-01T14:33:17Z] [INFO]    ⚠️ task: result
[2026-05-01T14:33:17Z] [INFO]    ⚠️ task: result
[2026-05-01T14:33:17Z] [INFO]    ⚠️ task: result
[2026-05-01T14:33:17Z] [HEADER] ================================================================================
[2026-05-01T14:33:17Z] [INFO] 🔄 OVERNIGHT RESEARCH PIPELINE - CYCLE #5
[2026-05-01T14:33:17Z] [INFO] ================================================================================
[2026-05-01T14:33:17Z] [HEADER] ============================================================
[2026-05-01T14:33:17Z] [INFO] 🌙 STARTING OVERNIGHT RESEARCH CYCLE #5
[2026-05-01T14:33:17Z] [INFO] 🔍 Running overnight research protocol (web scraping + cross-symbol analysis)...
[2026-05-01T14:33:17Z] [INFO] 📊 Cycle duration: 0.18s, Files generated: 0
[2026-05-01T14:33:17Z] [WARNING] ⚠️ Database not initialized for cycle counting
[2026-05-01T14:33:17Z] [INFO] 💾 Database updated with cycle results
[2026-05-01T14:33:17Z] [SECTION] ============================================================
[2026-05-01T14:33:17Z] [INFO] 🔮 PHASE: HIDDEN LAYERING DETECTION
[2026-05-01T14:33:17Z] [INFO] 🔗 Hidden layering detection complete. Connections identified: 2
[2026-05-01T14:33:17Z] [SECTION] ============================================================
[2026-05-01T14:33:17Z] [INFO] 🔬 PHASE: DOMAIN CORRELATION ANALYSIS
[2026-05-01T14:33:17Z] [INFO] 📊 Domain correlation matrices created: 2
[2026-05-01T14:33:17Z] [SECTION] ============================================================
[2026-05-01T14:33:17Z] [INFO] 🖼️  PHASE: IMAGE-SEED ANALYSIS
[2026-05-01T14:33:17Z] [INFO] 📂 Image seed analysis bootstrapping from 0 images...
[2026-05-01T14:33:17Z] [SECTION] ============================================================
[2026-05-01T14:33:17Z] [INFO] 📤 PHASE: PUSH COMPONENTS TO TOLARIA
[2026-05-01T14:33:18Z] [INFO] 📦 Components pushed to Tolaria: 5
[2026-05-01T14:33:18Z] [SECTION] ============================================================
[2026-05-01T14:33:18Z] [INFO] 🧩 PHASE: COMPOSER - DOMAIN INTEGRATION SYNTHESIS
[2026-05-01T14:33:39Z] [INFO] 🎨 Domain integrations synthesized: 0
[2026-05-01T14:33:39Z] [SECTION] ============================================================
[2026-05-01T14:33:39Z] [INFO] 🚀 PHASE: ADVANCED OVERNIGHT LOOP
