[2026-04-30T08:53:12Z] [HEADER] ================================================================================
[2026-04-30T08:53:12Z] [INFO] 🔄 OVERNIGHT RESEARCH PIPELINE - CYCLE #2
[2026-04-30T08:53:12Z] [INFO] ================================================================================
[2026-04-30T08:53:12Z] [HEADER] ============================================================
[2026-04-30T08:53:12Z] [INFO] 🌙 STARTING OVERNIGHT RESEARCH CYCLE #2
[2026-04-30T08:53:12Z] [INFO] 🔍 Running overnight research protocol (web scraping + cross-symbol analysis)...
[2026-04-30T08:53:12Z] [INFO] 📊 Cycle duration: 0.02s, Files generated: 0
[2026-04-30T08:53:12Z] [WARNING] ⚠️ Database not initialized for cycle counting
[2026-04-30T08:53:12Z] [INFO] 💾 Database updated with cycle results
[2026-04-30T08:53:12Z] [SECTION] ============================================================
[2026-04-30T08:53:12Z] [INFO] 🔮 PHASE: HIDDEN LAYERING DETECTION
[2026-04-30T08:53:15Z] [INFO] 🔗 Hidden layering detection complete. Connections identified: 56
[2026-04-30T08:53:15Z] [SECTION] ============================================================
[2026-04-30T08:53:15Z] [INFO] 🔬 PHASE: DOMAIN CORRELATION ANALYSIS
[2026-04-30T08:53:15Z] [INFO] 📊 Domain correlation matrices created: 2
[2026-04-30T08:53:15Z] [SECTION] ============================================================
[2026-04-30T08:53:15Z] [INFO] 🖼️  PHASE: IMAGE-SEED ANALYSIS
[2026-04-30T08:53:15Z] [INFO] 📂 Image seed analysis bootstrapping from 0 images...
[2026-04-30T08:53:15Z] [SECTION] ============================================================
[2026-04-30T08:53:15Z] [INFO] 📤 PHASE: PUSH COMPONENTS TO TOLARIA
[2026-04-30T08:53:16Z] [INFO] 📦 Components pushed to Tolaria: 5
[2026-04-30T08:53:16Z] [SECTION] ============================================================
[2026-04-30T08:53:16Z] [INFO] 🧩 PHASE: COMPOSER - DOMAIN INTEGRATION SYNTHESIS
[2026-04-30T08:53:16Z] [INFO] 🎨 Domain integrations synthesized: 0
[2026-04-30T08:53:16Z] [SECTION] ============================================================
[2026-04-30T08:53:16Z] [INFO] 🚀 PHASE: ADVANCED OVERNIGHT LOOP
[2026-04-30T08:53:21Z] [INFO] 🔬 Advanced loop completed cycles: 0
[2026-04-30T08:53:21Z] [COMMIT] ✅ Git commit: 85ac04c39c951dfe95cf06405666971aec422d46 [2026-04-30T08:53:21Z] Cycle 1: Cycle 2: Web research + hidden layering detection
[2026-04-30T08:53:21Z] [INFO] 
📊 CYCLE #2 SUMMARY
[2026-04-30T08:53:21Z] [INFO] ✅ Successful tasks: 7/7
[2026-04-30T08:53:21Z] [INFO] ⏱️  Cycle duration: 8.86s
[2026-04-30T08:53:21Z] [INFO]    ⚠️ task: result
[2026-04-30T08:53:21Z] [INFO]    ⚠️ task: result
[2026-04-30T08:53:21Z] [INFO]    ⚠️ task: result
[2026-04-30T08:53:21Z] [INFO]    ⚠️ task: result
[2026-04-30T08:53:21Z] [INFO]    ⚠️ task: result
[2026-04-30T08:53:21Z] [INFO]    ⚠️ task: result
