[2026-05-02T05:39:29Z] [HEADER] ================================================================================
[2026-05-02T05:39:29Z] [INFO] 🔄 OVERNIGHT RESEARCH PIPELINE - CYCLE #2
[2026-05-02T05:39:29Z] [INFO] ================================================================================
[2026-05-02T05:39:29Z] [HEADER] ============================================================
[2026-05-02T05:39:29Z] [INFO] 🌙 STARTING OVERNIGHT RESEARCH CYCLE #2
[2026-05-02T05:39:29Z] [INFO] 🔍 Running overnight research protocol (web scraping + cross-symbol analysis)...
[2026-05-02T05:39:29Z] [INFO] 📊 Cycle duration: 0.36s, Files generated: 1
[2026-05-02T05:39:29Z] [WARNING] ⚠️ Database not initialized for cycle counting
[2026-05-02T05:39:29Z] [INFO] 💾 Database updated with cycle results
[2026-05-02T05:39:29Z] [SECTION] ============================================================
[2026-05-02T05:39:29Z] [INFO] 🔮 PHASE: HIDDEN LAYERING DETECTION
[2026-05-02T05:39:29Z] [INFO] 🔗 Hidden layering detection complete. Connections identified: 2
[2026-05-02T05:39:29Z] [SECTION] ============================================================
[2026-05-02T05:39:29Z] [INFO] 🔬 PHASE: DOMAIN CORRELATION ANALYSIS
[2026-05-02T05:39:29Z] [INFO] 📊 Domain correlation matrices created: 2
[2026-05-02T05:39:29Z] [SECTION] ============================================================
[2026-05-02T05:39:29Z] [INFO] 🖼️  PHASE: IMAGE-SEED ANALYSIS
[2026-05-02T05:39:29Z] [INFO] 📂 Image seed analysis bootstrapping from 5 images...
[2026-05-02T05:39:29Z] [SECTION] ============================================================
[2026-05-02T05:39:29Z] [INFO] 📤 PHASE: PUSH COMPONENTS TO TOLARIA
[2026-05-02T05:39:30Z] [INFO] 📦 Components pushed to Tolaria: 5
[2026-05-02T05:39:30Z] [SECTION] ============================================================
[2026-05-02T05:39:30Z] [INFO] 🧩 PHASE: COMPOSER - DOMAIN INTEGRATION SYNTHESIS
[2026-05-02T05:39:49Z] [INFO] 🎨 Domain integrations synthesized: 0
[2026-05-02T05:39:49Z] [SECTION] ============================================================
[2026-05-02T05:39:49Z] [INFO] 🚀 PHASE: ADVANCED OVERNIGHT LOOP
[2026-05-02T05:40:24Z] [INFO] 🔬 Advanced loop completed cycles: 0
[2026-05-02T05:40:24Z] [WARNING] ⚠️  Git commit skipped or failed (git not initialized?): Command '['git', '-C', '/home/avalonas/.hermes/gematria/unified_overnight_research', 'add', '.']' returned non-zero exit status 128.
[2026-05-02T05:40:24Z] [INFO] 
📊 CYCLE #2 SUMMARY
[2026-05-02T05:40:24Z] [INFO] ✅ Successful tasks: 7/7
[2026-05-02T05:40:24Z] [INFO] ⏱️  Cycle duration: 55.49s
[2026-05-02T05:40:24Z] [INFO]    ⚠️ task: result
[2026-05-02T05:40:24Z] [INFO]    ⚠️ task: result
[2026-05-02T05:40:24Z] [INFO]    ⚠️ task: result
[2026-05-02T05:40:24Z] [INFO]    ⚠️ task: result
[2026-05-02T05:40:24Z] [INFO]    ⚠️ task: result
[2026-05-02T05:40:24Z] [INFO]    ⚠️ task: result
[2026-05-02T05:40:24Z] [INFO]    ⚠️ task: result
[2026-05-02T05:40:24Z] [HEADER] ================================================================================
[2026-05-02T05:40:24Z] [INFO] 🔄 OVERNIGHT RESEARCH PIPELINE - CYCLE #3
[2026-05-02T05:40:24Z] [INFO] ================================================================================
[2026-05-02T05:40:24Z] [HEADER] ============================================================
[2026-05-02T05:40:24Z] [INFO] 🌙 STARTING OVERNIGHT RESEARCH CYCLE #3
[2026-05-02T05:40:24Z] [INFO] 🔍 Running overnight research protocol (web scraping + cross-symbol analysis)...
[2026-05-02T05:40:25Z] [INFO] 📊 Cycle duration: 0.31s, Files generated: 1
[2026-05-02T05:40:25Z] [WARNING] ⚠️ Database not initialized for cycle counting
[2026-05-02T05:40:25Z] [INFO] 💾 Database updated with cycle results
[2026-05-02T05:40:25Z] [SECTION] ============================================================
[2026-05-02T05:40:25Z] [INFO] 🔮 PHASE: HIDDEN LAYERING DETECTION
[2026-05-02T05:40:25Z] [INFO] 🔗 Hidden layering detection complete. Connections identified: 2
[2026-05-02T05:40:25Z] [SECTION] ============================================================
[2026-05-02T05:40:25Z] [INFO] 🔬 PHASE: DOMAIN CORRELATION ANALYSIS
[2026-05-02T05:40:25Z] [INFO] 📊 Domain correlation matrices created: 2
[2026-05-02T05:40:25Z] [SECTION] ============================================================
[2026-05-02T05:40:25Z] [INFO] 🖼️  PHASE: IMAGE-SEED ANALYSIS
[2026-05-02T05:40:25Z] [INFO] 📂 Image seed analysis bootstrapping from 5 images...
[2026-05-02T05:40:25Z] [SECTION] ============================================================
[2026-05-02T05:40:25Z] [INFO] 📤 PHASE: PUSH COMPONENTS TO TOLARIA
[2026-05-02T05:40:26Z] [INFO] 📦 Components pushed to Tolaria: 5
[2026-05-02T05:40:26Z] [SECTION] ============================================================
[2026-05-02T05:40:26Z] [INFO] 🧩 PHASE: COMPOSER - DOMAIN INTEGRATION SYNTHESIS
[2026-05-02T05:40:43Z] [INFO] 🎨 Domain integrations synthesized: 0
[2026-05-02T05:40:43Z] [SECTION] ============================================================
[2026-05-02T05:40:43Z] [INFO] 🚀 PHASE: ADVANCED OVERNIGHT LOOP
[2026-05-02T05:41:21Z] [INFO] 🔬 Advanced loop completed cycles: 0
[2026-05-02T05:41:21Z] [WARNING] ⚠️  Git commit skipped or failed (git not initialized?): Command '['git', '-C', '/home/avalonas/.hermes/gematria/unified_overnight_research', 'add', '.']' returned non-zero exit status 128.
[2026-05-02T05:41:21Z] [INFO] 
📊 CYCLE #3 SUMMARY
[2026-05-02T05:41:21Z] [INFO] ✅ Successful tasks: 7/7
[2026-05-02T05:41:21Z] [INFO] ⏱️  Cycle duration: 56.99s
[2026-05-02T05:41:21Z] [INFO]    ⚠️ task: result
[2026-05-02T05:41:21Z] [INFO]    ⚠️ task: result
[2026-05-02T05:41:21Z] [INFO]    ⚠️ task: result
[2026-05-02T05:41:21Z] [INFO]    ⚠️ task: result
[2026-05-02T05:41:21Z] [INFO]    ⚠️ task: result
[2026-05-02T05:41:21Z] [INFO]    ⚠️ task: result
[2026-05-02T05:41:21Z] [INFO]    ⚠️ task: result
[2026-05-02T05:41:21Z] [HEADER] ================================================================================
[2026-05-02T05:41:21Z] [INFO] 🔄 OVERNIGHT RESEARCH PIPELINE - CYCLE #4
[2026-05-02T05:41:21Z] [INFO] ================================================================================
[2026-05-02T05:41:21Z] [HEADER] ============================================================
[2026-05-02T05:41:21Z] [INFO] 🌙 STARTING OVERNIGHT RESEARCH CYCLE #4
[2026-05-02T05:41:21Z] [INFO] 🔍 Running overnight research protocol (web scraping + cross-symbol analysis)...
[2026-05-02T05:41:22Z] [INFO] 📊 Cycle duration: 0.39s, Files generated: 1
[2026-05-02T05:41:22Z] [WARNING] ⚠️ Database not initialized for cycle counting
[2026-05-02T05:41:22Z] [INFO] 💾 Database updated with cycle results
[2026-05-02T05:41:22Z] [SECTION] ============================================================
[2026-05-02T05:41:22Z] [INFO] 🔮 PHASE: HIDDEN LAYERING DETECTION
[2026-05-02T05:41:22Z] [INFO] 🔗 Hidden layering detection complete. Connections identified: 2
[2026-05-02T05:41:22Z] [SECTION] ============================================================
[2026-05-02T05:41:22Z] [INFO] 🔬 PHASE: DOMAIN CORRELATION ANALYSIS
[2026-05-02T05:41:22Z] [INFO] 📊 Domain correlation matrices created: 2
[2026-05-02T05:41:22Z] [SECTION] ============================================================
[2026-05-02T05:41:22Z] [INFO] 🖼️  PHASE: IMAGE-SEED ANALYSIS
[2026-05-02T05:41:22Z] [INFO] 📂 Image seed analysis bootstrapping from 5 images...
[2026-05-02T05:41:22Z] [SECTION] ============================================================
[2026-05-02T05:41:22Z] [INFO] 📤 PHASE: PUSH COMPONENTS TO TOLARIA
[2026-05-02T05:41:23Z] [INFO] 📦 Components pushed to Tolaria: 5
[2026-05-02T05:41:23Z] [SECTION] ============================================================
[2026-05-02T05:41:23Z] [INFO] 🧩 PHASE: COMPOSER - DOMAIN INTEGRATION SYNTHESIS
[2026-05-02T05:41:38Z] [INFO] 🎨 Domain integrations synthesized: 0
[2026-05-02T05:41:38Z] [SECTION] ============================================================
[2026-05-02T05:41:38Z] [INFO] 🚀 PHASE: ADVANCED OVERNIGHT LOOP
[2026-05-02T05:42:23Z] [INFO] 🔬 Advanced loop completed cycles: 0
[2026-05-02T05:42:23Z] [WARNING] ⚠️  Git commit skipped or failed (git not initialized?): Command '['git', '-C', '/home/avalonas/.hermes/gematria/unified_overnight_research', 'add', '.']' returned non-zero exit status 128.
[2026-05-02T05:42:23Z] [INFO] 
📊 CYCLE #4 SUMMARY
[2026-05-02T05:42:23Z] [INFO] ✅ Successful tasks: 7/7
[2026-05-02T05:42:23Z] [INFO] ⏱️  Cycle duration: 61.60s
[2026-05-02T05:42:23Z] [INFO]    ⚠️ task: result
[2026-05-02T05:42:23Z] [INFO]    ⚠️ task: result
[2026-05-02T05:42:23Z] [INFO]    ⚠️ task: result
[2026-05-02T05:42:23Z] [INFO]    ⚠️ task: result
[2026-05-02T05:42:23Z] [INFO]    ⚠️ task: result
[2026-05-02T05:42:23Z] [INFO]    ⚠️ task: result
[2026-05-02T05:42:23Z] [INFO]    ⚠️ task: result
[2026-05-02T05:42:23Z] [HEADER] ================================================================================
[2026-05-02T05:42:23Z] [INFO] 🔄 OVERNIGHT RESEARCH PIPELINE - CYCLE #5
[2026-05-02T05:42:23Z] [INFO] ================================================================================
[2026-05-02T05:42:23Z] [HEADER] ============================================================
[2026-05-02T05:42:23Z] [INFO] 🌙 STARTING OVERNIGHT RESEARCH CYCLE #5
[2026-05-02T05:42:23Z] [INFO] 🔍 Running overnight research protocol (web scraping + cross-symbol analysis)...
[2026-05-02T05:42:23Z] [INFO] 📊 Cycle duration: 0.29s, Files generated: 1
[2026-05-02T05:42:23Z] [WARNING] ⚠️ Database not initialized for cycle counting
[2026-05-02T05:42:23Z] [INFO] 💾 Database updated with cycle results
[2026-05-02T05:42:23Z] [SECTION] ============================================================
[2026-05-02T05:42:23Z] [INFO] 🔮 PHASE: HIDDEN LAYERING DETECTION
[2026-05-02T05:42:23Z] [INFO] 🔗 Hidden layering detection complete. Connections identified: 2
[2026-05-02T05:42:23Z] [SECTION] ============================================================
[2026-05-02T05:42:23Z] [INFO] 🔬 PHASE: DOMAIN CORRELATION ANALYSIS
[2026-05-02T05:42:23Z] [INFO] 📊 Domain correlation matrices created: 2
[2026-05-02T05:42:23Z] [SECTION] ============================================================
[2026-05-02T05:42:23Z] [INFO] 🖼️  PHASE: IMAGE-SEED ANALYSIS
[2026-05-02T05:42:23Z] [INFO] 📂 Image seed analysis bootstrapping from 5 images...
[2026-05-02T05:42:23Z] [SECTION] ============================================================
[2026-05-02T05:42:23Z] [INFO] 📤 PHASE: PUSH COMPONENTS TO TOLARIA
[2026-05-02T05:42:24Z] [INFO] 📦 Components pushed to Tolaria: 5
[2026-05-02T05:42:24Z] [SECTION] ============================================================
[2026-05-02T05:42:24Z] [INFO] 🧩 PHASE: COMPOSER - DOMAIN INTEGRATION SYNTHESIS
[2026-05-02T05:42:37Z] [INFO] 🎨 Domain integrations synthesized: 0
[2026-05-02T05:42:37Z] [SECTION] ============================================================
[2026-05-02T05:42:37Z] [INFO] 🚀 PHASE: ADVANCED OVERNIGHT LOOP
[2026-05-02T05:43:19Z] [INFO] 🔬 Advanced loop completed cycles: 0
[2026-05-02T05:43:19Z] [WARNING] ⚠️  Git commit skipped or failed (git not initialized?): Command '['git', '-C', '/home/avalonas/.hermes/gematria/unified_overnight_research', 'add', '.']' returned non-zero exit status 128.
[2026-05-02T05:43:19Z] [INFO] 
📊 CYCLE #5 SUMMARY
[2026-05-02T05:43:19Z] [INFO] ✅ Successful tasks: 7/7
[2026-05-02T05:43:19Z] [INFO] ⏱️  Cycle duration: 56.38s
[2026-05-02T05:43:19Z] [INFO]    ⚠️ task: result
[2026-05-02T05:43:19Z] [INFO]    ⚠️ task: result
[2026-05-02T05:43:19Z] [INFO]    ⚠️ task: result
[2026-05-02T05:43:19Z] [INFO]    ⚠️ task: result
[2026-05-02T05:43:19Z] [INFO]    ⚠️ task: result
[2026-05-02T05:43:19Z] [INFO]    ⚠️ task: result
[2026-05-02T05:43:19Z] [INFO]    ⚠️ task: result
[2026-05-02T05:43:19Z] [HEADER] ================================================================================
[2026-05-02T05:43:19Z] [INFO] 🔄 OVERNIGHT RESEARCH PIPELINE - CYCLE #6
[2026-05-02T05:43:19Z] [INFO] ================================================================================
[2026-05-02T05:43:19Z] [HEADER] ============================================================
[2026-05-02T05:43:19Z] [INFO] 🌙 STARTING OVERNIGHT RESEARCH CYCLE #6
[2026-05-02T05:43:19Z] [INFO] 🔍 Running overnight research protocol (web scraping + cross-symbol analysis)...
[2026-05-02T05:43:20Z] [INFO] 📊 Cycle duration: 0.32s, Files generated: 1
[2026-05-02T05:43:20Z] [WARNING] ⚠️ Database not initialized for cycle counting
[2026-05-02T05:43:20Z] [INFO] 💾 Database updated with cycle results
[2026-05-02T05:43:20Z] [SECTION] ============================================================
[2026-05-02T05:43:20Z] [INFO] 🔮 PHASE: HIDDEN LAYERING DETECTION
[2026-05-02T05:43:20Z] [INFO] 🔗 Hidden layering detection complete. Connections identified: 2
[2026-05-02T05:43:20Z] [SECTION] ============================================================
[2026-05-02T05:43:20Z] [INFO] 🔬 PHASE: DOMAIN CORRELATION ANALYSIS
[2026-05-02T05:43:20Z] [INFO] 📊 Domain correlation matrices created: 2
[2026-05-02T05:43:20Z] [SECTION] ============================================================
[2026-05-02T05:43:20Z] [INFO] 🖼️  PHASE: IMAGE-SEED ANALYSIS
[2026-05-02T05:43:20Z] [INFO] 📂 Image seed analysis bootstrapping from 5 images...
[2026-05-02T05:43:20Z] [SECTION] ============================================================
[2026-05-02T05:43:20Z] [INFO] 📤 PHASE: PUSH COMPONENTS TO TOLARIA
[2026-05-02T05:43:21Z] [INFO] 📦 Components pushed to Tolaria: 5
[2026-05-02T05:43:21Z] [SECTION] ============================================================
[2026-05-02T05:43:21Z] [INFO] 🧩 PHASE: COMPOSER - DOMAIN INTEGRATION SYNTHESIS
[2026-05-02T05:43:37Z] [INFO] 🎨 Domain integrations synthesized: 0
[2026-05-02T05:43:37Z] [SECTION] ============================================================
[2026-05-02T05:43:37Z] [INFO] 🚀 PHASE: ADVANCED OVERNIGHT LOOP
[2026-05-02T05:44:26Z] [INFO] 🔬 Advanced loop completed cycles: 0
[2026-05-02T05:44:27Z] [WARNING] ⚠️  Git commit skipped or failed (git not initialized?): Command '['git', '-C', '/home/avalonas/.hermes/gematria/unified_overnight_research', 'add', '.']' returned non-zero exit status 128.
[2026-05-02T05:44:27Z] [INFO] 
📊 CYCLE #6 SUMMARY
[2026-05-02T05:44:27Z] [INFO] ✅ Successful tasks: 7/7
[2026-05-02T05:44:27Z] [INFO] ⏱️  Cycle duration: 67.07s
[2026-05-02T05:44:27Z] [INFO]    ⚠️ task: result
[2026-05-02T05:44:27Z] [INFO]    ⚠️ task: result
[2026-05-02T05:44:27Z] [INFO]    ⚠️ task: result
[2026-05-02T05:44:27Z] [INFO]    ⚠️ task: result
[2026-05-02T05:44:27Z] [INFO]    ⚠️ task: result
[2026-05-02T05:44:27Z] [INFO]    ⚠️ task: result
[2026-05-02T05:44:27Z] [INFO]    ⚠️ task: result
[2026-05-02T05:44:27Z] [HEADER] ================================================================================
[2026-05-02T05:44:27Z] [INFO] 🔄 OVERNIGHT RESEARCH PIPELINE - CYCLE #7
[2026-05-02T05:44:27Z] [INFO] ================================================================================
[2026-05-02T05:44:27Z] [HEADER] ============================================================
