[2026-05-03T03:32:26Z] [HEADER] ================================================================================
[2026-05-03T03:32:26Z] [INFO] 🔄 OVERNIGHT RESEARCH PIPELINE - CYCLE #2
[2026-05-03T03:32:26Z] [INFO] ================================================================================
[2026-05-03T03:32:26Z] [HEADER] ============================================================
[2026-05-03T03:32:26Z] [INFO] 🌙 STARTING OVERNIGHT RESEARCH CYCLE #2
[2026-05-03T03:32:26Z] [INFO] 🔍 Running overnight research protocol (web scraping + cross-symbol analysis)...
[2026-05-03T03:32:26Z] [INFO] 📊 Cycle duration: 0.10s, Files generated: 0
[2026-05-03T03:32:26Z] [WARNING] ⚠️ Database not initialized for cycle counting
[2026-05-03T03:32:26Z] [INFO] 💾 Database updated with cycle results
[2026-05-03T03:32:26Z] [SECTION] ============================================================
[2026-05-03T03:32:26Z] [INFO] 🔮 PHASE: HIDDEN LAYERING DETECTION
[2026-05-03T03:33:32Z] [INFO] 🔗 Hidden layering detection complete. Connections identified: 1001
[2026-05-03T03:33:32Z] [SECTION] ============================================================
[2026-05-03T03:33:32Z] [INFO] 🔬 PHASE: DOMAIN CORRELATION ANALYSIS
[2026-05-03T03:33:32Z] [INFO] 📊 Domain correlation matrices created: 1
[2026-05-03T03:33:32Z] [SECTION] ============================================================
[2026-05-03T03:33:32Z] [INFO] 🖼️  PHASE: IMAGE-SEED ANALYSIS
[2026-05-03T03:33:32Z] [INFO] 📂 Image seed analysis bootstrapping from 7 images...
[2026-05-03T03:33:32Z] [SECTION] ============================================================
[2026-05-03T03:33:32Z] [INFO] 📤 PHASE: PUSH COMPONENTS TO TOLARIA
[2026-05-03T03:33:33Z] [INFO] 📦 Components pushed to Tolaria: 5
[2026-05-03T03:33:33Z] [SECTION] ============================================================
[2026-05-03T03:33:33Z] [INFO] 🧩 PHASE: COMPOSER - DOMAIN INTEGRATION SYNTHESIS
[2026-05-03T03:33:33Z] [INFO] 🎨 Domain integrations synthesized: 0
[2026-05-03T03:33:33Z] [SECTION] ============================================================
[2026-05-03T03:33:33Z] [INFO] 🚀 PHASE: ADVANCED OVERNIGHT LOOP
[2026-05-03T04:03:33Z] [WARNING] ⏰ Advanced overnight loop timed out
[2026-05-03T04:03:33Z] [WARNING] ⚠️  Git commit skipped or failed (git not initialized?): Command '['git', '-C', '/home/avalonas/.hermes/gematria/unified_overnight_research', 'add', '.']' returned non-zero exit status 128.
[2026-05-03T04:03:33Z] [INFO] 
📊 CYCLE #2 SUMMARY
[2026-05-03T04:03:33Z] [INFO] ✅ Successful tasks: 6/7
[2026-05-03T04:03:33Z] [INFO] ⏱️  Cycle duration: 1867.56s
[2026-05-03T04:03:33Z] [INFO]    ⚠️ task: result
[2026-05-03T04:03:33Z] [INFO]    ⚠️ task: result
[2026-05-03T04:03:33Z] [INFO]    ⚠️ task: result
[2026-05-03T04:03:33Z] [INFO]    ⚠️ task: result
[2026-05-03T04:03:33Z] [INFO]    ⚠️ task: result
[2026-05-03T04:03:33Z] [INFO]    ⚠️ task: result
[2026-05-03T04:03:33Z] [INFO]    ⚠️ task: result
[2026-05-03T04:03:33Z] [HEADER] ================================================================================
[2026-05-03T04:03:33Z] [INFO] 🔄 OVERNIGHT RESEARCH PIPELINE - CYCLE #3
[2026-05-03T04:03:33Z] [INFO] ================================================================================
[2026-05-03T04:03:33Z] [HEADER] ============================================================
[2026-05-03T04:03:33Z] [INFO] 🌙 STARTING OVERNIGHT RESEARCH CYCLE #3
[2026-05-03T04:03:33Z] [INFO] 🔍 Running overnight research protocol (web scraping + cross-symbol analysis)...
[2026-05-03T04:03:33Z] [INFO] 📊 Cycle duration: 0.10s, Files generated: 0
[2026-05-03T04:03:33Z] [WARNING] ⚠️ Database not initialized for cycle counting
[2026-05-03T04:03:33Z] [INFO] 💾 Database updated with cycle results
[2026-05-03T04:03:33Z] [SECTION] ============================================================
[2026-05-03T04:03:33Z] [INFO] 🔮 PHASE: HIDDEN LAYERING DETECTION
[2026-05-03T04:03:34Z] [INFO] 🔗 Hidden layering detection complete. Connections identified: 4
[2026-05-03T04:03:34Z] [SECTION] ============================================================
[2026-05-03T04:03:34Z] [INFO] 🔬 PHASE: DOMAIN CORRELATION ANALYSIS
[2026-05-03T04:03:34Z] [INFO] 📊 Domain correlation matrices created: 1
[2026-05-03T04:03:34Z] [SECTION] ============================================================
[2026-05-03T04:03:34Z] [INFO] 🖼️  PHASE: IMAGE-SEED ANALYSIS
[2026-05-03T04:03:34Z] [INFO] 📂 Image seed analysis bootstrapping from 7 images...
[2026-05-03T04:03:34Z] [SECTION] ============================================================
[2026-05-03T04:03:34Z] [INFO] 📤 PHASE: PUSH COMPONENTS TO TOLARIA
[2026-05-03T04:03:35Z] [INFO] 📦 Components pushed to Tolaria: 5
[2026-05-03T04:03:35Z] [SECTION] ============================================================
[2026-05-03T04:03:35Z] [INFO] 🧩 PHASE: COMPOSER - DOMAIN INTEGRATION SYNTHESIS
[2026-05-03T04:03:35Z] [INFO] 🎨 Domain integrations synthesized: 0
[2026-05-03T04:03:35Z] [SECTION] ============================================================
[2026-05-03T04:03:35Z] [INFO] 🚀 PHASE: ADVANCED OVERNIGHT LOOP
[2026-05-03T04:33:35Z] [WARNING] ⏰ Advanced overnight loop timed out
[2026-05-03T04:33:35Z] [WARNING] ⚠️  Git commit skipped or failed (git not initialized?): Command '['git', '-C', '/home/avalonas/.hermes/gematria/unified_overnight_research', 'add', '.']' returned non-zero exit status 128.
[2026-05-03T04:33:35Z] [INFO] 
📊 CYCLE #3 SUMMARY
[2026-05-03T04:33:35Z] [INFO] ✅ Successful tasks: 6/7
[2026-05-03T04:33:35Z] [INFO] ⏱️  Cycle duration: 1801.75s
[2026-05-03T04:33:35Z] [INFO]    ⚠️ task: result
[2026-05-03T04:33:35Z] [INFO]    ⚠️ task: result
[2026-05-03T04:33:35Z] [INFO]    ⚠️ task: result
[2026-05-03T04:33:35Z] [INFO]    ⚠️ task: result
[2026-05-03T04:33:35Z] [INFO]    ⚠️ task: result
[2026-05-03T04:33:35Z] [INFO]    ⚠️ task: result
[2026-05-03T04:33:35Z] [INFO]    ⚠️ task: result
[2026-05-03T04:33:35Z] [HEADER] ================================================================================
[2026-05-03T04:33:35Z] [INFO] 🔄 OVERNIGHT RESEARCH PIPELINE - CYCLE #4
[2026-05-03T04:33:35Z] [INFO] ================================================================================
[2026-05-03T04:33:35Z] [HEADER] ============================================================
[2026-05-03T04:33:35Z] [INFO] 🌙 STARTING OVERNIGHT RESEARCH CYCLE #4
[2026-05-03T04:33:35Z] [INFO] 🔍 Running overnight research protocol (web scraping + cross-symbol analysis)...
[2026-05-03T04:33:35Z] [INFO] 📊 Cycle duration: 0.12s, Files generated: 0
[2026-05-03T04:33:35Z] [WARNING] ⚠️ Database not initialized for cycle counting
[2026-05-03T04:33:35Z] [INFO] 💾 Database updated with cycle results
[2026-05-03T04:33:35Z] [SECTION] ============================================================
[2026-05-03T04:33:35Z] [INFO] 🔮 PHASE: HIDDEN LAYERING DETECTION
[2026-05-03T04:34:40Z] [INFO] 🔗 Hidden layering detection complete. Connections identified: 875
[2026-05-03T04:34:40Z] [SECTION] ============================================================
[2026-05-03T04:34:40Z] [INFO] 🔬 PHASE: DOMAIN CORRELATION ANALYSIS
[2026-05-03T04:34:40Z] [INFO] 📊 Domain correlation matrices created: 1
[2026-05-03T04:34:40Z] [SECTION] ============================================================
[2026-05-03T04:34:40Z] [INFO] 🖼️  PHASE: IMAGE-SEED ANALYSIS
[2026-05-03T04:34:40Z] [INFO] 📂 Image seed analysis bootstrapping from 7 images...
[2026-05-03T04:34:40Z] [SECTION] ============================================================
[2026-05-03T04:34:40Z] [INFO] 📤 PHASE: PUSH COMPONENTS TO TOLARIA
[2026-05-03T04:34:41Z] [INFO] 📦 Components pushed to Tolaria: 5
[2026-05-03T04:34:41Z] [SECTION] ============================================================
[2026-05-03T04:34:41Z] [INFO] 🧩 PHASE: COMPOSER - DOMAIN INTEGRATION SYNTHESIS
[2026-05-03T04:34:41Z] [INFO] 🎨 Domain integrations synthesized: 0
[2026-05-03T04:34:41Z] [SECTION] ============================================================
[2026-05-03T04:34:41Z] [INFO] 🚀 PHASE: ADVANCED OVERNIGHT LOOP
[2026-05-03T05:04:41Z] [WARNING] ⏰ Advanced overnight loop timed out
[2026-05-03T05:04:41Z] [WARNING] ⚠️  Git commit skipped or failed (git not initialized?): Command '['git', '-C', '/home/avalonas/.hermes/gematria/unified_overnight_research', 'add', '.']' returned non-zero exit status 128.
[2026-05-03T05:04:41Z] [INFO] 
📊 CYCLE #4 SUMMARY
[2026-05-03T05:04:41Z] [INFO] ✅ Successful tasks: 6/7
[2026-05-03T05:04:41Z] [INFO] ⏱️  Cycle duration: 1865.80s
[2026-05-03T05:04:41Z] [INFO]    ⚠️ task: result
[2026-05-03T05:04:41Z] [INFO]    ⚠️ task: result
[2026-05-03T05:04:41Z] [INFO]    ⚠️ task: result
[2026-05-03T05:04:41Z] [INFO]    ⚠️ task: result
[2026-05-03T05:04:41Z] [INFO]    ⚠️ task: result
[2026-05-03T05:04:41Z] [INFO]    ⚠️ task: result
[2026-05-03T05:04:41Z] [INFO]    ⚠️ task: result
[2026-05-03T05:04:41Z] [HEADER] ================================================================================
[2026-05-03T05:04:41Z] [INFO] 🔄 OVERNIGHT RESEARCH PIPELINE - CYCLE #5
[2026-05-03T05:04:41Z] [INFO] ================================================================================
[2026-05-03T05:04:41Z] [HEADER] ============================================================
[2026-05-03T05:04:41Z] [INFO] 🌙 STARTING OVERNIGHT RESEARCH CYCLE #5
[2026-05-03T05:04:41Z] [INFO] 🔍 Running overnight research protocol (web scraping + cross-symbol analysis)...
[2026-05-03T05:04:41Z] [INFO] 📊 Cycle duration: 0.14s, Files generated: 0
[2026-05-03T05:04:41Z] [WARNING] ⚠️ Database not initialized for cycle counting
[2026-05-03T05:04:41Z] [INFO] 💾 Database updated with cycle results
[2026-05-03T05:04:41Z] [SECTION] ============================================================
[2026-05-03T05:04:41Z] [INFO] 🔮 PHASE: HIDDEN LAYERING DETECTION
[2026-05-03T05:07:42Z] [INFO] 🔗 Hidden layering detection complete. Connections identified: 2609
[2026-05-03T05:07:42Z] [SECTION] ============================================================
[2026-05-03T05:07:42Z] [INFO] 🔬 PHASE: DOMAIN CORRELATION ANALYSIS
[2026-05-03T05:07:42Z] [INFO] 📊 Domain correlation matrices created: 1
[2026-05-03T05:07:42Z] [SECTION] ============================================================
[2026-05-03T05:07:42Z] [INFO] 🖼️  PHASE: IMAGE-SEED ANALYSIS
[2026-05-03T05:07:42Z] [INFO] 📂 Image seed analysis bootstrapping from 8 images...
[2026-05-03T05:07:42Z] [SECTION] ============================================================
[2026-05-03T05:07:42Z] [INFO] 📤 PHASE: PUSH COMPONENTS TO TOLARIA
[2026-05-03T05:07:43Z] [INFO] 📦 Components pushed to Tolaria: 5
[2026-05-03T05:07:43Z] [SECTION] ============================================================
[2026-05-03T05:07:43Z] [INFO] 🧩 PHASE: COMPOSER - DOMAIN INTEGRATION SYNTHESIS
[2026-05-03T05:07:43Z] [INFO] 🎨 Domain integrations synthesized: 0
[2026-05-03T05:07:43Z] [SECTION] ============================================================
[2026-05-03T05:07:43Z] [INFO] 🚀 PHASE: ADVANCED OVERNIGHT LOOP
[2026-05-03T05:37:43Z] [WARNING] ⏰ Advanced overnight loop timed out
[2026-05-03T05:37:43Z] [WARNING] ⚠️  Git commit skipped or failed (git not initialized?): Command '['git', '-C', '/home/avalonas/.hermes/gematria/unified_overnight_research', 'add', '.']' returned non-zero exit status 128.
[2026-05-03T05:37:43Z] [INFO] 
📊 CYCLE #5 SUMMARY
[2026-05-03T05:37:43Z] [INFO] ✅ Successful tasks: 6/7
[2026-05-03T05:37:43Z] [INFO] ⏱️  Cycle duration: 1981.92s
[2026-05-03T05:37:43Z] [INFO]    ⚠️ task: result
[2026-05-03T05:37:43Z] [INFO]    ⚠️ task: result
[2026-05-03T05:37:43Z] [INFO]    ⚠️ task: result
[2026-05-03T05:37:43Z] [INFO]    ⚠️ task: result
[2026-05-03T05:37:43Z] [INFO]    ⚠️ task: result
[2026-05-03T05:37:43Z] [INFO]    ⚠️ task: result
[2026-05-03T05:37:43Z] [INFO]    ⚠️ task: result
[2026-05-03T05:37:43Z] [HEADER] ================================================================================
[2026-05-03T05:37:43Z] [INFO] 🔄 OVERNIGHT RESEARCH PIPELINE - CYCLE #6
[2026-05-03T05:37:43Z] [INFO] ================================================================================
[2026-05-03T05:37:43Z] [HEADER] ============================================================
[2026-05-03T05:37:43Z] [INFO] 🌙 STARTING OVERNIGHT RESEARCH CYCLE #6
[2026-05-03T05:37:43Z] [INFO] 🔍 Running overnight research protocol (web scraping + cross-symbol analysis)...
[2026-05-03T05:37:43Z] [INFO] 📊 Cycle duration: 0.18s, Files generated: 0
[2026-05-03T05:37:43Z] [WARNING] ⚠️ Database not initialized for cycle counting
[2026-05-03T05:37:43Z] [INFO] 💾 Database updated with cycle results
[2026-05-03T05:37:43Z] [SECTION] ============================================================
[2026-05-03T05:37:43Z] [INFO] 🔮 PHASE: HIDDEN LAYERING DETECTION
[2026-05-03T05:37:44Z] [INFO] 🔗 Hidden layering detection complete. Connections identified: 49
[2026-05-03T05:37:44Z] [SECTION] ============================================================
[2026-05-03T05:37:44Z] [INFO] 🔬 PHASE: DOMAIN CORRELATION ANALYSIS
[2026-05-03T05:37:44Z] [INFO] 📊 Domain correlation matrices created: 1
[2026-05-03T05:37:44Z] [SECTION] ============================================================
[2026-05-03T05:37:44Z] [INFO] 🖼️  PHASE: IMAGE-SEED ANALYSIS
[2026-05-03T05:37:44Z] [INFO] 📂 Image seed analysis bootstrapping from 8 images...
[2026-05-03T05:37:44Z] [SECTION] ============================================================
[2026-05-03T05:37:44Z] [INFO] 📤 PHASE: PUSH COMPONENTS TO TOLARIA
[2026-05-03T05:37:45Z] [INFO] 📦 Components pushed to Tolaria: 5
[2026-05-03T05:37:45Z] [SECTION] ============================================================
[2026-05-03T05:37:45Z] [INFO] 🧩 PHASE: COMPOSER - DOMAIN INTEGRATION SYNTHESIS
[2026-05-03T05:37:45Z] [INFO] 🎨 Domain integrations synthesized: 0
[2026-05-03T05:37:45Z] [SECTION] ============================================================
[2026-05-03T05:37:45Z] [INFO] 🚀 PHASE: ADVANCED OVERNIGHT LOOP
[2026-05-03T06:07:46Z] [WARNING] ⏰ Advanced overnight loop timed out
[2026-05-03T06:07:46Z] [WARNING] ⚠️  Git commit skipped or failed (git not initialized?): Command '['git', '-C', '/home/avalonas/.hermes/gematria/unified_overnight_research', 'add', '.']' returned non-zero exit status 128.
[2026-05-03T06:07:46Z] [INFO] 
📊 CYCLE #6 SUMMARY
[2026-05-03T06:07:46Z] [INFO] ✅ Successful tasks: 6/7
[2026-05-03T06:07:46Z] [INFO] ⏱️  Cycle duration: 1802.72s
[2026-05-03T06:07:46Z] [INFO]    ⚠️ task: result
[2026-05-03T06:07:46Z] [INFO]    ⚠️ task: result
[2026-05-03T06:07:46Z] [INFO]    ⚠️ task: result
[2026-05-03T06:07:46Z] [INFO]    ⚠️ task: result
[2026-05-03T06:07:46Z] [INFO]    ⚠️ task: result
[2026-05-03T06:07:46Z] [INFO]    ⚠️ task: result
[2026-05-03T06:07:46Z] [INFO]    ⚠️ task: result
[2026-05-03T06:07:46Z] [HEADER] ================================================================================
[2026-05-03T06:07:46Z] [INFO] 🔄 OVERNIGHT RESEARCH PIPELINE - CYCLE #7
[2026-05-03T06:07:46Z] [INFO] ================================================================================
[2026-05-03T06:07:46Z] [HEADER] ============================================================
[2026-05-03T06:07:46Z] [INFO] 🌙 STARTING OVERNIGHT RESEARCH CYCLE #7
[2026-05-03T06:07:46Z] [INFO] 🔍 Running overnight research protocol (web scraping + cross-symbol analysis)...
[2026-05-03T06:07:46Z] [INFO] 📊 Cycle duration: 0.20s, Files generated: 0
[2026-05-03T06:07:46Z] [WARNING] ⚠️ Database not initialized for cycle counting
[2026-05-03T06:07:46Z] [INFO] 💾 Database updated with cycle results
[2026-05-03T06:07:46Z] [SECTION] ============================================================
[2026-05-03T06:07:46Z] [INFO] 🔮 PHASE: HIDDEN LAYERING DETECTION
[2026-05-03T06:08:00Z] [INFO] 🔗 Hidden layering detection complete. Connections identified: 434
[2026-05-03T06:08:00Z] [SECTION] ============================================================
[2026-05-03T06:08:00Z] [INFO] 🔬 PHASE: DOMAIN CORRELATION ANALYSIS
[2026-05-03T06:08:00Z] [INFO] 📊 Domain correlation matrices created: 1
[2026-05-03T06:08:00Z] [SECTION] ============================================================
[2026-05-03T06:08:00Z] [INFO] 🖼️  PHASE: IMAGE-SEED ANALYSIS
[2026-05-03T06:08:00Z] [INFO] 📂 Image seed analysis bootstrapping from 8 images...
[2026-05-03T06:08:00Z] [SECTION] ============================================================
[2026-05-03T06:08:00Z] [INFO] 📤 PHASE: PUSH COMPONENTS TO TOLARIA
[2026-05-03T06:08:01Z] [INFO] 📦 Components pushed to Tolaria: 5
[2026-05-03T06:08:01Z] [SECTION] ============================================================
[2026-05-03T06:08:01Z] [INFO] 🧩 PHASE: COMPOSER - DOMAIN INTEGRATION SYNTHESIS
[2026-05-03T06:08:01Z] [INFO] 🎨 Domain integrations synthesized: 0
[2026-05-03T06:08:01Z] [SECTION] ============================================================
[2026-05-03T06:08:01Z] [INFO] 🚀 PHASE: ADVANCED OVERNIGHT LOOP
