[2026-05-01T21:16:03Z] [HEADER] ================================================================================
[2026-05-01T21:16:03Z] [INFO] 🔄 OVERNIGHT RESEARCH PIPELINE - CYCLE #2
[2026-05-01T21:16:03Z] [INFO] ================================================================================
[2026-05-01T21:16:03Z] [HEADER] ============================================================
[2026-05-01T21:16:03Z] [INFO] 🌙 STARTING OVERNIGHT RESEARCH CYCLE #2
[2026-05-01T21:16:03Z] [INFO] 🔍 Running overnight research protocol (web scraping + cross-symbol analysis)...
[2026-05-01T21:16:04Z] [INFO] 📊 Cycle duration: 0.25s, Files generated: 0
[2026-05-01T21:16:04Z] [WARNING] ⚠️ Database not initialized for cycle counting
[2026-05-01T21:16:04Z] [INFO] 💾 Database updated with cycle results
[2026-05-01T21:16:04Z] [SECTION] ============================================================
[2026-05-01T21:16:04Z] [INFO] 🔮 PHASE: HIDDEN LAYERING DETECTION
[2026-05-01T21:16:04Z] [INFO] 🔗 Hidden layering detection complete. Connections identified: 2
[2026-05-01T21:16:04Z] [SECTION] ============================================================
[2026-05-01T21:16:04Z] [INFO] 🔬 PHASE: DOMAIN CORRELATION ANALYSIS
[2026-05-01T21:16:04Z] [INFO] 📊 Domain correlation matrices created: 1
[2026-05-01T21:16:04Z] [SECTION] ============================================================
[2026-05-01T21:16:04Z] [INFO] 🖼️  PHASE: IMAGE-SEED ANALYSIS
[2026-05-01T21:16:04Z] [INFO] 📂 Image seed analysis bootstrapping from 0 images...
[2026-05-01T21:16:04Z] [SECTION] ============================================================
[2026-05-01T21:16:04Z] [INFO] 📤 PHASE: PUSH COMPONENTS TO TOLARIA
[2026-05-01T21:16:05Z] [INFO] 📦 Components pushed to Tolaria: 5
[2026-05-01T21:16:05Z] [SECTION] ============================================================
[2026-05-01T21:16:05Z] [INFO] 🧩 PHASE: COMPOSER - DOMAIN INTEGRATION SYNTHESIS
[2026-05-01T21:16:20Z] [INFO] 🎨 Domain integrations synthesized: 0
[2026-05-01T21:16:20Z] [SECTION] ============================================================
[2026-05-01T21:16:20Z] [INFO] 🚀 PHASE: ADVANCED OVERNIGHT LOOP
[2026-05-01T21:16:20Z] [INFO] 🔬 Advanced loop completed cycles: 0
[2026-05-01T21:16:20Z] [WARNING] ⚠️  Git commit skipped or failed (git not initialized?): Command '['git', '-C', '/home/avalonas/.hermes/gematria/unified_overnight_research', 'add', '.']' returned non-zero exit status 128.
[2026-05-01T21:16:20Z] [INFO] 
📊 CYCLE #2 SUMMARY
[2026-05-01T21:16:20Z] [INFO] ✅ Successful tasks: 7/7
[2026-05-01T21:16:20Z] [INFO] ⏱️  Cycle duration: 16.55s
[2026-05-01T21:16:20Z] [INFO]    ⚠️ task: result
[2026-05-01T21:16:20Z] [INFO]    ⚠️ task: result
[2026-05-01T21:16:20Z] [INFO]    ⚠️ task: result
[2026-05-01T21:16:20Z] [INFO]    ⚠️ task: result
[2026-05-01T21:16:20Z] [INFO]    ⚠️ task: result
[2026-05-01T21:16:20Z] [INFO]    ⚠️ task: result
[2026-05-01T21:16:20Z] [INFO]    ⚠️ task: result
[2026-05-01T21:16:20Z] [HEADER] ================================================================================
[2026-05-01T21:16:20Z] [INFO] 🔄 OVERNIGHT RESEARCH PIPELINE - CYCLE #3
[2026-05-01T21:16:20Z] [INFO] ================================================================================
[2026-05-01T21:16:20Z] [HEADER] ============================================================
[2026-05-01T21:16:20Z] [INFO] 🌙 STARTING OVERNIGHT RESEARCH CYCLE #3
[2026-05-01T21:16:20Z] [INFO] 🔍 Running overnight research protocol (web scraping + cross-symbol analysis)...
[2026-05-01T21:16:20Z] [INFO] 📊 Cycle duration: 0.24s, Files generated: 0
[2026-05-01T21:16:20Z] [WARNING] ⚠️ Database not initialized for cycle counting
[2026-05-01T21:16:20Z] [INFO] 💾 Database updated with cycle results
[2026-05-01T21:16:20Z] [SECTION] ============================================================
[2026-05-01T21:16:20Z] [INFO] 🔮 PHASE: HIDDEN LAYERING DETECTION
[2026-05-01T21:16:20Z] [INFO] 🔗 Hidden layering detection complete. Connections identified: 2
[2026-05-01T21:16:20Z] [SECTION] ============================================================
[2026-05-01T21:16:20Z] [INFO] 🔬 PHASE: DOMAIN CORRELATION ANALYSIS
[2026-05-01T21:16:20Z] [INFO] 📊 Domain correlation matrices created: 1
[2026-05-01T21:16:20Z] [SECTION] ============================================================
[2026-05-01T21:16:20Z] [INFO] 🖼️  PHASE: IMAGE-SEED ANALYSIS
[2026-05-01T21:16:20Z] [INFO] 📂 Image seed analysis bootstrapping from 0 images...
[2026-05-01T21:16:20Z] [SECTION] ============================================================
[2026-05-01T21:16:20Z] [INFO] 📤 PHASE: PUSH COMPONENTS TO TOLARIA
[2026-05-01T21:16:23Z] [INFO] 📦 Components pushed to Tolaria: 5
[2026-05-01T21:16:23Z] [SECTION] ============================================================
[2026-05-01T21:16:23Z] [INFO] 🧩 PHASE: COMPOSER - DOMAIN INTEGRATION SYNTHESIS
[2026-05-01T21:16:38Z] [INFO] 🎨 Domain integrations synthesized: 0
[2026-05-01T21:16:38Z] [SECTION] ============================================================
[2026-05-01T21:16:38Z] [INFO] 🚀 PHASE: ADVANCED OVERNIGHT LOOP
[2026-05-01T21:16:38Z] [INFO] 🔬 Advanced loop completed cycles: 0
[2026-05-01T21:16:38Z] [WARNING] ⚠️  Git commit skipped or failed (git not initialized?): Command '['git', '-C', '/home/avalonas/.hermes/gematria/unified_overnight_research', 'add', '.']' returned non-zero exit status 128.
[2026-05-01T21:16:38Z] [INFO] 
📊 CYCLE #3 SUMMARY
[2026-05-01T21:16:38Z] [INFO] ✅ Successful tasks: 7/7
[2026-05-01T21:16:38Z] [INFO] ⏱️  Cycle duration: 18.00s
[2026-05-01T21:16:38Z] [INFO]    ⚠️ task: result
[2026-05-01T21:16:38Z] [INFO]    ⚠️ task: result
[2026-05-01T21:16:38Z] [INFO]    ⚠️ task: result
[2026-05-01T21:16:38Z] [INFO]    ⚠️ task: result
[2026-05-01T21:16:38Z] [INFO]    ⚠️ task: result
[2026-05-01T21:16:38Z] [INFO]    ⚠️ task: result
[2026-05-01T21:16:38Z] [INFO]    ⚠️ task: result
[2026-05-01T21:16:38Z] [HEADER] ================================================================================
[2026-05-01T21:16:38Z] [INFO] 🔄 OVERNIGHT RESEARCH PIPELINE - CYCLE #4
[2026-05-01T21:16:38Z] [INFO] ================================================================================
[2026-05-01T21:16:38Z] [HEADER] ============================================================
[2026-05-01T21:16:38Z] [INFO] 🌙 STARTING OVERNIGHT RESEARCH CYCLE #4
[2026-05-01T21:16:38Z] [INFO] 🔍 Running overnight research protocol (web scraping + cross-symbol analysis)...
[2026-05-01T21:16:38Z] [INFO] 📊 Cycle duration: 0.13s, Files generated: 0
[2026-05-01T21:16:38Z] [WARNING] ⚠️ Database not initialized for cycle counting
[2026-05-01T21:16:38Z] [INFO] 💾 Database updated with cycle results
[2026-05-01T21:16:38Z] [SECTION] ============================================================
[2026-05-01T21:16:38Z] [INFO] 🔮 PHASE: HIDDEN LAYERING DETECTION
[2026-05-01T21:16:38Z] [INFO] 🔗 Hidden layering detection complete. Connections identified: 2
[2026-05-01T21:16:38Z] [SECTION] ============================================================
[2026-05-01T21:16:38Z] [INFO] 🔬 PHASE: DOMAIN CORRELATION ANALYSIS
[2026-05-01T21:16:38Z] [INFO] 📊 Domain correlation matrices created: 1
[2026-05-01T21:16:38Z] [SECTION] ============================================================
[2026-05-01T21:16:38Z] [INFO] 🖼️  PHASE: IMAGE-SEED ANALYSIS
[2026-05-01T21:16:38Z] [INFO] 📂 Image seed analysis bootstrapping from 0 images...
[2026-05-01T21:16:38Z] [SECTION] ============================================================
[2026-05-01T21:16:38Z] [INFO] 📤 PHASE: PUSH COMPONENTS TO TOLARIA
[2026-05-01T21:16:39Z] [INFO] 📦 Components pushed to Tolaria: 5
[2026-05-01T21:16:39Z] [SECTION] ============================================================
[2026-05-01T21:16:39Z] [INFO] 🧩 PHASE: COMPOSER - DOMAIN INTEGRATION SYNTHESIS
[2026-05-01T21:16:52Z] [INFO] 🎨 Domain integrations synthesized: 0
[2026-05-01T21:16:52Z] [SECTION] ============================================================
[2026-05-01T21:16:52Z] [INFO] 🚀 PHASE: ADVANCED OVERNIGHT LOOP
[2026-05-01T21:16:52Z] [INFO] 🔬 Advanced loop completed cycles: 0
[2026-05-01T21:16:52Z] [WARNING] ⚠️  Git commit skipped or failed (git not initialized?): Command '['git', '-C', '/home/avalonas/.hermes/gematria/unified_overnight_research', 'add', '.']' returned non-zero exit status 128.
[2026-05-01T21:16:52Z] [INFO] 
📊 CYCLE #4 SUMMARY
[2026-05-01T21:16:52Z] [INFO] ✅ Successful tasks: 7/7
[2026-05-01T21:16:52Z] [INFO] ⏱️  Cycle duration: 14.21s
[2026-05-01T21:16:52Z] [INFO]    ⚠️ task: result
[2026-05-01T21:16:52Z] [INFO]    ⚠️ task: result
[2026-05-01T21:16:52Z] [INFO]    ⚠️ task: result
[2026-05-01T21:16:52Z] [INFO]    ⚠️ task: result
[2026-05-01T21:16:52Z] [INFO]    ⚠️ task: result
[2026-05-01T21:16:52Z] [INFO]    ⚠️ task: result
[2026-05-01T21:16:52Z] [INFO]    ⚠️ task: result
[2026-05-01T21:16:52Z] [HEADER] ================================================================================
[2026-05-01T21:16:52Z] [INFO] 🔄 OVERNIGHT RESEARCH PIPELINE - CYCLE #5
[2026-05-01T21:16:52Z] [INFO] ================================================================================
[2026-05-01T21:16:52Z] [HEADER] ============================================================
[2026-05-01T21:16:52Z] [INFO] 🌙 STARTING OVERNIGHT RESEARCH CYCLE #5
[2026-05-01T21:16:52Z] [INFO] 🔍 Running overnight research protocol (web scraping + cross-symbol analysis)...
[2026-05-01T21:16:52Z] [INFO] 📊 Cycle duration: 0.15s, Files generated: 0
[2026-05-01T21:16:52Z] [WARNING] ⚠️ Database not initialized for cycle counting
[2026-05-01T21:16:52Z] [INFO] 💾 Database updated with cycle results
[2026-05-01T21:16:52Z] [SECTION] ============================================================
[2026-05-01T21:16:52Z] [INFO] 🔮 PHASE: HIDDEN LAYERING DETECTION
[2026-05-01T21:16:52Z] [INFO] 🔗 Hidden layering detection complete. Connections identified: 2
[2026-05-01T21:16:52Z] [SECTION] ============================================================
[2026-05-01T21:16:52Z] [INFO] 🔬 PHASE: DOMAIN CORRELATION ANALYSIS
[2026-05-01T21:16:52Z] [INFO] 📊 Domain correlation matrices created: 1
[2026-05-01T21:16:52Z] [SECTION] ============================================================
[2026-05-01T21:16:52Z] [INFO] 🖼️  PHASE: IMAGE-SEED ANALYSIS
[2026-05-01T21:16:52Z] [INFO] 📂 Image seed analysis bootstrapping from 0 images...
[2026-05-01T21:16:53Z] [SECTION] ============================================================
[2026-05-01T21:16:53Z] [INFO] 📤 PHASE: PUSH COMPONENTS TO TOLARIA
[2026-05-01T21:16:53Z] [INFO] 📦 Components pushed to Tolaria: 5
[2026-05-01T21:16:53Z] [SECTION] ============================================================
[2026-05-01T21:16:53Z] [INFO] 🧩 PHASE: COMPOSER - DOMAIN INTEGRATION SYNTHESIS
[2026-05-01T21:17:12Z] [INFO] 🎨 Domain integrations synthesized: 0
[2026-05-01T21:17:12Z] [SECTION] ============================================================
[2026-05-01T21:17:12Z] [INFO] 🚀 PHASE: ADVANCED OVERNIGHT LOOP
[2026-05-01T21:17:12Z] [INFO] 🔬 Advanced loop completed cycles: 0
[2026-05-01T21:17:12Z] [WARNING] ⚠️  Git commit skipped or failed (git not initialized?): Command '['git', '-C', '/home/avalonas/.hermes/gematria/unified_overnight_research', 'add', '.']' returned non-zero exit status 128.
[2026-05-01T21:17:12Z] [INFO] 
📊 CYCLE #5 SUMMARY
[2026-05-01T21:17:12Z] [INFO] ✅ Successful tasks: 7/7
[2026-05-01T21:17:12Z] [INFO] ⏱️  Cycle duration: 19.83s
[2026-05-01T21:17:12Z] [INFO]    ⚠️ task: result
[2026-05-01T21:17:12Z] [INFO]    ⚠️ task: result
[2026-05-01T21:17:12Z] [INFO]    ⚠️ task: result
[2026-05-01T21:17:12Z] [INFO]    ⚠️ task: result
[2026-05-01T21:17:12Z] [INFO]    ⚠️ task: result
[2026-05-01T21:17:12Z] [INFO]    ⚠️ task: result
[2026-05-01T21:17:12Z] [INFO]    ⚠️ task: result
[2026-05-01T21:17:12Z] [HEADER] ================================================================================
[2026-05-01T21:17:12Z] [INFO] 🔄 OVERNIGHT RESEARCH PIPELINE - CYCLE #6
[2026-05-01T21:17:12Z] [INFO] ================================================================================
[2026-05-01T21:17:12Z] [HEADER] ============================================================
[2026-05-01T21:17:12Z] [INFO] 🌙 STARTING OVERNIGHT RESEARCH CYCLE #6
[2026-05-01T21:17:12Z] [INFO] 🔍 Running overnight research protocol (web scraping + cross-symbol analysis)...
[2026-05-01T21:17:12Z] [INFO] 📊 Cycle duration: 0.25s, Files generated: 0
[2026-05-01T21:17:12Z] [WARNING] ⚠️ Database not initialized for cycle counting
[2026-05-01T21:17:12Z] [INFO] 💾 Database updated with cycle results
[2026-05-01T21:17:12Z] [SECTION] ============================================================
[2026-05-01T21:17:12Z] [INFO] 🔮 PHASE: HIDDEN LAYERING DETECTION
[2026-05-01T21:17:12Z] [INFO] 🔗 Hidden layering detection complete. Connections identified: 2
[2026-05-01T21:17:12Z] [SECTION] ============================================================
[2026-05-01T21:17:12Z] [INFO] 🔬 PHASE: DOMAIN CORRELATION ANALYSIS
[2026-05-01T21:17:12Z] [INFO] 📊 Domain correlation matrices created: 1
[2026-05-01T21:17:12Z] [SECTION] ============================================================
[2026-05-01T21:17:12Z] [INFO] 🖼️  PHASE: IMAGE-SEED ANALYSIS
[2026-05-01T21:17:12Z] [INFO] 📂 Image seed analysis bootstrapping from 0 images...
[2026-05-01T21:17:12Z] [SECTION] ============================================================
[2026-05-01T21:17:12Z] [INFO] 📤 PHASE: PUSH COMPONENTS TO TOLARIA
[2026-05-01T21:17:13Z] [INFO] 📦 Components pushed to Tolaria: 5
[2026-05-01T21:17:13Z] [SECTION] ============================================================
[2026-05-01T21:17:13Z] [INFO] 🧩 PHASE: COMPOSER - DOMAIN INTEGRATION SYNTHESIS
[2026-05-01T21:17:33Z] [INFO] 🎨 Domain integrations synthesized: 0
[2026-05-01T21:17:33Z] [SECTION] ============================================================
[2026-05-01T21:17:33Z] [INFO] 🚀 PHASE: ADVANCED OVERNIGHT LOOP
[2026-05-01T21:17:34Z] [INFO] 🔬 Advanced loop completed cycles: 0
[2026-05-01T21:17:34Z] [WARNING] ⚠️  Git commit skipped or failed (git not initialized?): Command '['git', '-C', '/home/avalonas/.hermes/gematria/unified_overnight_research', 'add', '.']' returned non-zero exit status 128.
[2026-05-01T21:17:34Z] [INFO] 
📊 CYCLE #6 SUMMARY
[2026-05-01T21:17:34Z] [INFO] ✅ Successful tasks: 7/7
[2026-05-01T21:17:34Z] [INFO] ⏱️  Cycle duration: 21.49s
[2026-05-01T21:17:34Z] [INFO]    ⚠️ task: result
[2026-05-01T21:17:34Z] [INFO]    ⚠️ task: result
[2026-05-01T21:17:34Z] [INFO]    ⚠️ task: result
[2026-05-01T21:17:34Z] [INFO]    ⚠️ task: result
[2026-05-01T21:17:34Z] [INFO]    ⚠️ task: result
[2026-05-01T21:17:34Z] [INFO]    ⚠️ task: result
[2026-05-01T21:17:34Z] [INFO]    ⚠️ task: result
[2026-05-01T21:17:34Z] [HEADER] ================================================================================
[2026-05-01T21:17:34Z] [INFO] 🔄 OVERNIGHT RESEARCH PIPELINE - CYCLE #7
[2026-05-01T21:17:34Z] [INFO] ================================================================================
[2026-05-01T21:17:34Z] [HEADER] ============================================================
[2026-05-01T21:17:34Z] [INFO] 🌙 STARTING OVERNIGHT RESEARCH CYCLE #7
[2026-05-01T21:17:34Z] [INFO] 🔍 Running overnight research protocol (web scraping + cross-symbol analysis)...
[2026-05-01T21:17:34Z] [INFO] 📊 Cycle duration: 0.15s, Files generated: 0
[2026-05-01T21:17:34Z] [WARNING] ⚠️ Database not initialized for cycle counting
[2026-05-01T21:17:34Z] [INFO] 💾 Database updated with cycle results
[2026-05-01T21:17:34Z] [SECTION] ============================================================
[2026-05-01T21:17:34Z] [INFO] 🔮 PHASE: HIDDEN LAYERING DETECTION
[2026-05-01T21:17:34Z] [INFO] 🔗 Hidden layering detection complete. Connections identified: 2
[2026-05-01T21:17:34Z] [SECTION] ============================================================
[2026-05-01T21:17:34Z] [INFO] 🔬 PHASE: DOMAIN CORRELATION ANALYSIS
[2026-05-01T21:17:34Z] [INFO] 📊 Domain correlation matrices created: 1
[2026-05-01T21:17:34Z] [SECTION] ============================================================
[2026-05-01T21:17:34Z] [INFO] 🖼️  PHASE: IMAGE-SEED ANALYSIS
[2026-05-01T21:17:34Z] [INFO] 📂 Image seed analysis bootstrapping from 0 images...
[2026-05-01T21:17:34Z] [SECTION] ============================================================
[2026-05-01T21:17:34Z] [INFO] 📤 PHASE: PUSH COMPONENTS TO TOLARIA
[2026-05-01T21:17:35Z] [INFO] 📦 Components pushed to Tolaria: 5
[2026-05-01T21:17:35Z] [SECTION] ============================================================
[2026-05-01T21:17:35Z] [INFO] 🧩 PHASE: COMPOSER - DOMAIN INTEGRATION SYNTHESIS
[2026-05-01T21:17:48Z] [INFO] 🎨 Domain integrations synthesized: 0
[2026-05-01T21:17:48Z] [SECTION] ============================================================
[2026-05-01T21:17:48Z] [INFO] 🚀 PHASE: ADVANCED OVERNIGHT LOOP
[2026-05-01T21:17:48Z] [INFO] 🔬 Advanced loop completed cycles: 0
[2026-05-01T21:17:48Z] [WARNING] ⚠️  Git commit skipped or failed (git not initialized?): Command '['git', '-C', '/home/avalonas/.hermes/gematria/unified_overnight_research', 'add', '.']' returned non-zero exit status 128.
[2026-05-01T21:17:48Z] [INFO] 
📊 CYCLE #7 SUMMARY
[2026-05-01T21:17:48Z] [INFO] ✅ Successful tasks: 7/7
[2026-05-01T21:17:48Z] [INFO] ⏱️  Cycle duration: 14.40s
[2026-05-01T21:17:48Z] [INFO]    ⚠️ task: result
[2026-05-01T21:17:48Z] [INFO]    ⚠️ task: result
[2026-05-01T21:17:48Z] [INFO]    ⚠️ task: result
[2026-05-01T21:17:48Z] [INFO]    ⚠️ task: result
[2026-05-01T21:17:48Z] [INFO]    ⚠️ task: result
[2026-05-01T21:17:48Z] [INFO]    ⚠️ task: result
[2026-05-01T21:17:48Z] [INFO]    ⚠️ task: result
[2026-05-01T21:17:48Z] [HEADER] ================================================================================
[2026-05-01T21:17:48Z] [INFO] 🔄 OVERNIGHT RESEARCH PIPELINE - CYCLE #8
[2026-05-01T21:17:48Z] [INFO] ================================================================================
[2026-05-01T21:17:48Z] [HEADER] ============================================================
[2026-05-01T21:17:48Z] [INFO] 🌙 STARTING OVERNIGHT RESEARCH CYCLE #8
[2026-05-01T21:17:48Z] [INFO] 🔍 Running overnight research protocol (web scraping + cross-symbol analysis)...
[2026-05-01T21:17:48Z] [INFO] 📊 Cycle duration: 0.26s, Files generated: 0
[2026-05-01T21:17:48Z] [WARNING] ⚠️ Database not initialized for cycle counting
[2026-05-01T21:17:48Z] [INFO] 💾 Database updated with cycle results
[2026-05-01T21:17:48Z] [SECTION] ============================================================
[2026-05-01T21:17:48Z] [INFO] 🔮 PHASE: HIDDEN LAYERING DETECTION
[2026-05-01T21:17:48Z] [INFO] 🔗 Hidden layering detection complete. Connections identified: 2
[2026-05-01T21:17:48Z] [SECTION] ============================================================
[2026-05-01T21:17:48Z] [INFO] 🔬 PHASE: DOMAIN CORRELATION ANALYSIS
[2026-05-01T21:17:48Z] [INFO] 📊 Domain correlation matrices created: 1
[2026-05-01T21:17:48Z] [SECTION] ============================================================
[2026-05-01T21:17:48Z] [INFO] 🖼️  PHASE: IMAGE-SEED ANALYSIS
[2026-05-01T21:17:48Z] [INFO] 📂 Image seed analysis bootstrapping from 0 images...
[2026-05-01T21:17:48Z] [SECTION] ============================================================
[2026-05-01T21:17:48Z] [INFO] 📤 PHASE: PUSH COMPONENTS TO TOLARIA
[2026-05-01T21:17:49Z] [INFO] 📦 Components pushed to Tolaria: 5
[2026-05-01T21:17:49Z] [SECTION] ============================================================
[2026-05-01T21:17:49Z] [INFO] 🧩 PHASE: COMPOSER - DOMAIN INTEGRATION SYNTHESIS
