[2026-04-30T22:36:41Z] [HEADER] ================================================================================
[2026-04-30T22:36:41Z] [INFO] 🔄 OVERNIGHT RESEARCH PIPELINE - CYCLE #2
[2026-04-30T22:36:41Z] [INFO] ================================================================================
[2026-04-30T22:36:41Z] [HEADER] ============================================================
[2026-04-30T22:36:41Z] [INFO] 🌙 STARTING OVERNIGHT RESEARCH CYCLE #2
[2026-04-30T22:36:41Z] [INFO] 🔍 Running overnight research protocol (web scraping + cross-symbol analysis)...
[2026-04-30T22:36:41Z] [INFO] 📊 Cycle duration: 0.03s, Files generated: 0
[2026-04-30T22:36:41Z] [WARNING] ⚠️ Database not initialized for cycle counting
[2026-04-30T22:36:41Z] [INFO] 💾 Database updated with cycle results
[2026-04-30T22:36:41Z] [SECTION] ============================================================
[2026-04-30T22:36:41Z] [INFO] 🔮 PHASE: HIDDEN LAYERING DETECTION
[2026-04-30T22:36:41Z] [INFO] 🔗 Hidden layering detection complete. Connections identified: 2
[2026-04-30T22:36:41Z] [SECTION] ============================================================
[2026-04-30T22:36:41Z] [INFO] 🔬 PHASE: DOMAIN CORRELATION ANALYSIS
[2026-04-30T22:36:41Z] [INFO] 📊 Domain correlation matrices created: 2
[2026-04-30T22:36:41Z] [SECTION] ============================================================
[2026-04-30T22:36:41Z] [INFO] 🖼️  PHASE: IMAGE-SEED ANALYSIS
[2026-04-30T22:36:41Z] [INFO] 📂 Image seed analysis bootstrapping from 0 images...
[2026-04-30T22:36:41Z] [SECTION] ============================================================
[2026-04-30T22:36:41Z] [INFO] 📤 PHASE: PUSH COMPONENTS TO TOLARIA
[2026-04-30T22:36:42Z] [INFO] 📦 Components pushed to Tolaria: 5
[2026-04-30T22:36:42Z] [SECTION] ============================================================
[2026-04-30T22:36:42Z] [INFO] 🧩 PHASE: COMPOSER - DOMAIN INTEGRATION SYNTHESIS
[2026-04-30T22:37:02Z] [INFO] 🎨 Domain integrations synthesized: 0
[2026-04-30T22:37:02Z] [SECTION] ============================================================
[2026-04-30T22:37:02Z] [INFO] 🚀 PHASE: ADVANCED OVERNIGHT LOOP
[2026-04-30T22:37:51Z] [INFO] 🔬 Advanced loop completed cycles: 0
[2026-04-30T22:37:51Z] [COMMIT] ✅ Git commit: 5d22992fc4c199dc3161ec9689d499496d36bcdd [2026-04-30T22:37:51Z] Cycle 1: Cycle 2: Web research + hidden layering detection
[2026-04-30T22:37:51Z] [INFO] 
📊 CYCLE #2 SUMMARY
[2026-04-30T22:37:51Z] [INFO] ✅ Successful tasks: 7/7
[2026-04-30T22:37:51Z] [INFO] ⏱️  Cycle duration: 70.49s
[2026-04-30T22:37:51Z] [INFO]    ⚠️ task: result
[2026-04-30T22:37:51Z] [INFO]    ⚠️ task: result
[2026-04-30T22:37:51Z] [INFO]    ⚠️ task: result
[2026-04-30T22:37:51Z] [INFO]    ⚠️ task: result
[2026-04-30T22:37:51Z] [INFO]    ⚠️ task: result
[2026-04-30T22:37:51Z] [INFO]    ⚠️ task: result
[2026-04-30T22:37:51Z] [INFO]    ⚠️ task: result
[2026-04-30T22:37:51Z] [HEADER] ================================================================================
[2026-04-30T22:37:51Z] [INFO] 🔄 OVERNIGHT RESEARCH PIPELINE - CYCLE #3
[2026-04-30T22:37:51Z] [INFO] ================================================================================
[2026-04-30T22:37:51Z] [HEADER] ============================================================
[2026-04-30T22:37:51Z] [INFO] 🌙 STARTING OVERNIGHT RESEARCH CYCLE #3
[2026-04-30T22:37:51Z] [INFO] 🔍 Running overnight research protocol (web scraping + cross-symbol analysis)...
[2026-04-30T22:37:51Z] [INFO] 📊 Cycle duration: 0.03s, Files generated: 0
[2026-04-30T22:37:51Z] [WARNING] ⚠️ Database not initialized for cycle counting
[2026-04-30T22:37:51Z] [INFO] 💾 Database updated with cycle results
[2026-04-30T22:37:51Z] [SECTION] ============================================================
[2026-04-30T22:37:51Z] [INFO] 🔮 PHASE: HIDDEN LAYERING DETECTION
[2026-04-30T22:37:51Z] [INFO] 🔗 Hidden layering detection complete. Connections identified: 2
[2026-04-30T22:37:51Z] [SECTION] ============================================================
[2026-04-30T22:37:51Z] [INFO] 🔬 PHASE: DOMAIN CORRELATION ANALYSIS
[2026-04-30T22:37:51Z] [INFO] 📊 Domain correlation matrices created: 2
[2026-04-30T22:37:51Z] [SECTION] ============================================================
[2026-04-30T22:37:51Z] [INFO] 🖼️  PHASE: IMAGE-SEED ANALYSIS
[2026-04-30T22:37:51Z] [INFO] 📂 Image seed analysis bootstrapping from 0 images...
[2026-04-30T22:37:51Z] [SECTION] ============================================================
[2026-04-30T22:37:51Z] [INFO] 📤 PHASE: PUSH COMPONENTS TO TOLARIA
[2026-04-30T22:37:52Z] [INFO] 📦 Components pushed to Tolaria: 5
[2026-04-30T22:37:52Z] [SECTION] ============================================================
[2026-04-30T22:37:52Z] [INFO] 🧩 PHASE: COMPOSER - DOMAIN INTEGRATION SYNTHESIS
[2026-04-30T22:38:12Z] [INFO] 🎨 Domain integrations synthesized: 0
[2026-04-30T22:38:12Z] [SECTION] ============================================================
[2026-04-30T22:38:12Z] [INFO] 🚀 PHASE: ADVANCED OVERNIGHT LOOP
[2026-04-30T22:39:09Z] [INFO] 🔬 Advanced loop completed cycles: 0
[2026-04-30T22:39:09Z] [COMMIT] ✅ Git commit: 0860d473af718ad76d0a117d1c66ffab1c19ae02 [2026-04-30T22:39:09Z] Cycle 2: Cycle 3: Web research + hidden layering detection
[2026-04-30T22:39:09Z] [INFO] 
📊 CYCLE #3 SUMMARY
[2026-04-30T22:39:09Z] [INFO] ✅ Successful tasks: 7/7
[2026-04-30T22:39:09Z] [INFO] ⏱️  Cycle duration: 78.13s
[2026-04-30T22:39:09Z] [INFO]    ⚠️ task: result
[2026-04-30T22:39:09Z] [INFO]    ⚠️ task: result
[2026-04-30T22:39:09Z] [INFO]    ⚠️ task: result
[2026-04-30T22:39:09Z] [INFO]    ⚠️ task: result
[2026-04-30T22:39:09Z] [INFO]    ⚠️ task: result
[2026-04-30T22:39:09Z] [INFO]    ⚠️ task: result
[2026-04-30T22:39:09Z] [INFO]    ⚠️ task: result
[2026-04-30T22:39:09Z] [HEADER] ================================================================================
[2026-04-30T22:39:09Z] [INFO] 🔄 OVERNIGHT RESEARCH PIPELINE - CYCLE #4
[2026-04-30T22:39:09Z] [INFO] ================================================================================
[2026-04-30T22:39:09Z] [HEADER] ============================================================
[2026-04-30T22:39:09Z] [INFO] 🌙 STARTING OVERNIGHT RESEARCH CYCLE #4
[2026-04-30T22:39:09Z] [INFO] 🔍 Running overnight research protocol (web scraping + cross-symbol analysis)...
[2026-04-30T22:39:09Z] [INFO] 📊 Cycle duration: 0.02s, Files generated: 0
[2026-04-30T22:39:09Z] [WARNING] ⚠️ Database not initialized for cycle counting
[2026-04-30T22:39:09Z] [INFO] 💾 Database updated with cycle results
[2026-04-30T22:39:09Z] [SECTION] ============================================================
[2026-04-30T22:39:09Z] [INFO] 🔮 PHASE: HIDDEN LAYERING DETECTION
[2026-04-30T22:39:09Z] [INFO] 🔗 Hidden layering detection complete. Connections identified: 2
[2026-04-30T22:39:09Z] [SECTION] ============================================================
[2026-04-30T22:39:09Z] [INFO] 🔬 PHASE: DOMAIN CORRELATION ANALYSIS
[2026-04-30T22:39:09Z] [INFO] 📊 Domain correlation matrices created: 2
[2026-04-30T22:39:09Z] [SECTION] ============================================================
[2026-04-30T22:39:09Z] [INFO] 🖼️  PHASE: IMAGE-SEED ANALYSIS
[2026-04-30T22:39:09Z] [INFO] 📂 Image seed analysis bootstrapping from 0 images...
[2026-04-30T22:39:09Z] [SECTION] ============================================================
[2026-04-30T22:39:09Z] [INFO] 📤 PHASE: PUSH COMPONENTS TO TOLARIA
[2026-04-30T22:39:10Z] [INFO] 📦 Components pushed to Tolaria: 5
[2026-04-30T22:39:10Z] [SECTION] ============================================================
[2026-04-30T22:39:10Z] [INFO] 🧩 PHASE: COMPOSER - DOMAIN INTEGRATION SYNTHESIS
[2026-04-30T22:39:29Z] [INFO] 🎨 Domain integrations synthesized: 0
[2026-04-30T22:39:29Z] [SECTION] ============================================================
[2026-04-30T22:39:29Z] [INFO] 🚀 PHASE: ADVANCED OVERNIGHT LOOP
[2026-04-30T22:40:22Z] [INFO] 🔬 Advanced loop completed cycles: 0
[2026-04-30T22:40:23Z] [COMMIT] ✅ Git commit: 08214c0e14c801e7c1773ef39639b22464b1fcb3 [2026-04-30T22:40:22Z] Cycle 3: Cycle 4: Web research + hidden layering detection
[2026-04-30T22:40:23Z] [INFO] 
📊 CYCLE #4 SUMMARY
[2026-04-30T22:40:23Z] [INFO] ✅ Successful tasks: 7/7
[2026-04-30T22:40:23Z] [INFO] ⏱️  Cycle duration: 73.27s
[2026-04-30T22:40:23Z] [INFO]    ⚠️ task: result
[2026-04-30T22:40:23Z] [INFO]    ⚠️ task: result
[2026-04-30T22:40:23Z] [INFO]    ⚠️ task: result
[2026-04-30T22:40:23Z] [INFO]    ⚠️ task: result
[2026-04-30T22:40:23Z] [INFO]    ⚠️ task: result
[2026-04-30T22:40:23Z] [INFO]    ⚠️ task: result
[2026-04-30T22:40:23Z] [INFO]    ⚠️ task: result
[2026-04-30T22:40:23Z] [HEADER] ================================================================================
[2026-04-30T22:40:23Z] [INFO] 🔄 OVERNIGHT RESEARCH PIPELINE - CYCLE #5
[2026-04-30T22:40:23Z] [INFO] ================================================================================
[2026-04-30T22:40:23Z] [HEADER] ============================================================
[2026-04-30T22:40:23Z] [INFO] 🌙 STARTING OVERNIGHT RESEARCH CYCLE #5
[2026-04-30T22:40:23Z] [INFO] 🔍 Running overnight research protocol (web scraping + cross-symbol analysis)...
[2026-04-30T22:40:23Z] [INFO] 📊 Cycle duration: 0.03s, Files generated: 0
[2026-04-30T22:40:23Z] [WARNING] ⚠️ Database not initialized for cycle counting
[2026-04-30T22:40:23Z] [INFO] 💾 Database updated with cycle results
[2026-04-30T22:40:23Z] [SECTION] ============================================================
[2026-04-30T22:40:23Z] [INFO] 🔮 PHASE: HIDDEN LAYERING DETECTION
[2026-04-30T22:40:23Z] [INFO] 🔗 Hidden layering detection complete. Connections identified: 2
[2026-04-30T22:40:23Z] [SECTION] ============================================================
[2026-04-30T22:40:23Z] [INFO] 🔬 PHASE: DOMAIN CORRELATION ANALYSIS
[2026-04-30T22:40:23Z] [INFO] 📊 Domain correlation matrices created: 2
[2026-04-30T22:40:23Z] [SECTION] ============================================================
[2026-04-30T22:40:23Z] [INFO] 🖼️  PHASE: IMAGE-SEED ANALYSIS
[2026-04-30T22:40:23Z] [INFO] 📂 Image seed analysis bootstrapping from 0 images...
[2026-04-30T22:40:23Z] [SECTION] ============================================================
[2026-04-30T22:40:23Z] [INFO] 📤 PHASE: PUSH COMPONENTS TO TOLARIA
[2026-04-30T22:40:25Z] [INFO] 📦 Components pushed to Tolaria: 5
[2026-04-30T22:40:25Z] [SECTION] ============================================================
[2026-04-30T22:40:25Z] [INFO] 🧩 PHASE: COMPOSER - DOMAIN INTEGRATION SYNTHESIS
[2026-04-30T22:40:45Z] [INFO] 🎨 Domain integrations synthesized: 0
[2026-04-30T22:40:45Z] [SECTION] ============================================================
[2026-04-30T22:40:45Z] [INFO] 🚀 PHASE: ADVANCED OVERNIGHT LOOP
