[2026-04-30T05:17:21Z] [HEADER] ================================================================================
[2026-04-30T05:17:21Z] [INFO] 🔄 OVERNIGHT RESEARCH PIPELINE - CYCLE #2
[2026-04-30T05:17:21Z] [INFO] ================================================================================
[2026-04-30T05:17:21Z] [HEADER] ============================================================
[2026-04-30T05:17:21Z] [INFO] 🌙 STARTING OVERNIGHT RESEARCH CYCLE #2
[2026-04-30T05:17:21Z] [INFO] 🔍 Running overnight research protocol (web scraping + cross-symbol analysis)...
[2026-04-30T05:17:21Z] [INFO] 📊 Cycle duration: 0.02s, Files generated: 0
[2026-04-30T05:17:21Z] [INFO] 💾 Database updated with cycle results
[2026-04-30T05:17:21Z] [SECTION] ============================================================
[2026-04-30T05:17:21Z] [INFO] 🔮 PHASE: HIDDEN LAYERING DETECTION
[2026-04-30T05:27:21Z] [WARNING] ⏰ Hidden layering task timed out
[2026-04-30T05:27:21Z] [SECTION] ============================================================
[2026-04-30T05:27:21Z] [INFO] 🔬 PHASE: DOMAIN CORRELATION ANALYSIS
[2026-04-30T05:27:21Z] [INFO] 📊 Domain correlation matrices created: 2
[2026-04-30T05:27:21Z] [SECTION] ============================================================
[2026-04-30T05:27:21Z] [INFO] 🖼️  PHASE: IMAGE-SEED ANALYSIS
[2026-04-30T05:27:21Z] [INFO] 📂 Image seed analysis bootstrapping from 0 images...
[2026-04-30T05:27:21Z] [SECTION] ============================================================
[2026-04-30T05:27:21Z] [INFO] 📤 PHASE: PUSH COMPONENTS TO TOLARIA
[2026-04-30T05:27:22Z] [INFO] 📦 Components pushed to Tolaria: 5
[2026-04-30T05:27:22Z] [SECTION] ============================================================
[2026-04-30T05:27:22Z] [INFO] 🧩 PHASE: COMPOSER - DOMAIN INTEGRATION SYNTHESIS
[2026-04-30T05:27:23Z] [INFO] 🎨 Domain integrations synthesized: 0
[2026-04-30T05:27:23Z] [SECTION] ============================================================
[2026-04-30T05:27:23Z] [INFO] 🚀 PHASE: ADVANCED OVERNIGHT LOOP
[2026-04-30T05:27:23Z] [INFO] 🔬 Advanced loop completed cycles: 0
[2026-04-30T05:27:23Z] [COMMIT] ✅ Git commit: 795c947ecf609bdc55b2c55bc948a8cf0e616680 [2026-04-30T05:27:23Z] Cycle 1: Cycle 2: Web research + hidden layering detection
[2026-04-30T05:27:23Z] [INFO] 
📊 CYCLE #2 SUMMARY
[2026-04-30T05:27:23Z] [INFO] ✅ Successful tasks: 6/7
[2026-04-30T05:27:23Z] [INFO] ⏱️  Cycle duration: 601.28s
