[2026-04-30T05:52:21Z] [HEADER] ================================================================================
[2026-04-30T05:52:21Z] [INFO] 🔄 OVERNIGHT RESEARCH PIPELINE - CYCLE #2
[2026-04-30T05:52:21Z] [INFO] ================================================================================
[2026-04-30T05:52:21Z] [HEADER] ============================================================
[2026-04-30T05:52:21Z] [INFO] 🌙 STARTING OVERNIGHT RESEARCH CYCLE #2
[2026-04-30T05:52:21Z] [INFO] 🔍 Running overnight research protocol (web scraping + cross-symbol analysis)...
[2026-04-30T05:52:21Z] [INFO] 📊 Cycle duration: 0.02s, Files generated: 0
[2026-04-30T05:52:21Z] [INFO] 💾 Database updated with cycle results
[2026-04-30T05:52:21Z] [SECTION] ============================================================
[2026-04-30T05:52:21Z] [INFO] 🔮 PHASE: HIDDEN LAYERING DETECTION
[2026-04-30T05:52:21Z] [INFO] 🔗 Hidden layering detection complete. Connections identified: 2
[2026-04-30T05:52:21Z] [SECTION] ============================================================
[2026-04-30T05:52:21Z] [INFO] 🔬 PHASE: DOMAIN CORRELATION ANALYSIS
[2026-04-30T05:52:21Z] [INFO] 📊 Domain correlation matrices created: 2
[2026-04-30T05:52:21Z] [SECTION] ============================================================
[2026-04-30T05:52:21Z] [INFO] 🖼️  PHASE: IMAGE-SEED ANALYSIS
[2026-04-30T05:52:21Z] [INFO] 📂 Image seed analysis bootstrapping from 0 images...
[2026-04-30T05:52:21Z] [SECTION] ============================================================
[2026-04-30T05:52:21Z] [INFO] 📤 PHASE: PUSH COMPONENTS TO TOLARIA
[2026-04-30T05:52:22Z] [INFO] 📦 Components pushed to Tolaria: 5
[2026-04-30T05:52:22Z] [SECTION] ============================================================
[2026-04-30T05:52:22Z] [INFO] 🧩 PHASE: COMPOSER - DOMAIN INTEGRATION SYNTHESIS
[2026-04-30T05:52:22Z] [INFO] 🎨 Domain integrations synthesized: 0
[2026-04-30T05:52:22Z] [SECTION] ============================================================
[2026-04-30T05:52:22Z] [INFO] 🚀 PHASE: ADVANCED OVERNIGHT LOOP
[2026-04-30T05:52:27Z] [INFO] 🔬 Advanced loop completed cycles: 0
[2026-04-30T05:52:27Z] [COMMIT] ✅ Git commit: c828e5a070f469e80238e1dc81dd19b70a620660 [2026-04-30T05:52:27Z] Cycle 1: Cycle 2: Web research + hidden layering detection
[2026-04-30T05:52:27Z] [INFO] 
📊 CYCLE #2 SUMMARY
[2026-04-30T05:52:27Z] [INFO] ✅ Successful tasks: 7/7
[2026-04-30T05:52:27Z] [INFO] ⏱️  Cycle duration: 6.17s
