[2026-05-01T11:34:39Z] [CYCLE_START] === Starting Research Cycle ===
[2026-05-01T11:34:39Z] [ANALYZE] 
🔍 Analyzing symbol 124: Geopolitics
[2026-05-01T11:34:39Z] [QUERY]   🔎 Symbol-keying query: '124 geopolitical boundary events'
[2026-05-01T11:34:39Z] [SUCCESS]   ✅ Found 1 results for symbol 124
[2026-05-01T11:34:39Z] [ANALYZE] 
🔍 Analyzing symbol 666: Elemental Forces
[2026-05-01T11:34:39Z] [QUERY]   🔎 Symbol-keying query: '666 completion cycle events'
[2026-05-01T11:34:39Z] [SUCCESS]   ✅ Found 1 results for symbol 666
[2026-05-01T11:34:39Z] [ANALYZE] 
🔍 Analyzing symbol 963: Political Communication
[2026-05-01T11:34:39Z] [QUERY]   🔎 Symbol-keying query: '963 air activation political communication'
[2026-05-01T11:34:39Z] [SUCCESS]   ✅ Found 1 results for symbol 963
[2026-05-01T11:34:39Z] [ANALYZE] 
🔍 Analyzing symbol 55: International Relations
[2026-05-01T11:34:39Z] [QUERY]   🔎 Symbol-keying query: '55 international diplomacy relations'
[2026-05-01T11:34:39Z] [SUCCESS]   ✅ Found 1 results for symbol 55
[2026-05-01T11:34:39Z] [ANALYZE] 
🔍 Analyzing symbol 111: Elemental Frequency
[2026-05-01T11:34:39Z] [QUERY]   🔎 Symbol-keying query: '111 activation frequency resonance'
[2026-05-01T11:34:39Z] [SUCCESS]   ✅ Found 1 results for symbol 111
[2026-05-01T11:34:39Z] [ANALYZE] 
🔍 Analyzing symbol 279: Military Chronology
[2026-05-01T11:34:39Z] [QUERY]   🔎 Symbol-keying query: '279 temporal military events'
[2026-05-01T11:34:39Z] [SUCCESS]   ✅ Found 1 results for symbol 279
[2026-05-01T11:34:39Z] [CYCLE_COMPLETE] 
📊 Cycle Complete! Duration: 0.0s
[2026-05-01T11:34:39Z] [STATS]   • Symbols analyzed: 6/6
[2026-05-01T11:34:39Z] [STATS]   • Relationships extracted: 6
