[2026-04-30T15:54:36Z] [HEADER] ================================================================================
[2026-04-30T15:54:36Z] [INFO] 🔄 OVERNIGHT RESEARCH PIPELINE - CYCLE #2
[2026-04-30T15:54:36Z] [INFO] ================================================================================
[2026-04-30T15:54:36Z] [HEADER] ============================================================
[2026-04-30T15:54:36Z] [INFO] 🌙 STARTING OVERNIGHT RESEARCH CYCLE #2
[2026-04-30T15:54:36Z] [INFO] 🔍 Running overnight research protocol (web scraping + cross-symbol analysis)...
[2026-04-30T15:54:37Z] [INFO] 📊 Cycle duration: 0.03s, Files generated: 0
[2026-04-30T15:54:37Z] [WARNING] ⚠️ Database not initialized for cycle counting
[2026-04-30T15:54:37Z] [INFO] 💾 Database updated with cycle results
[2026-04-30T15:54:37Z] [SECTION] ============================================================
[2026-04-30T15:54:37Z] [INFO] 🔮 PHASE: HIDDEN LAYERING DETECTION
[2026-04-30T15:54:37Z] [INFO] 🔗 Hidden layering detection complete. Connections identified: 2
[2026-04-30T15:54:37Z] [SECTION] ============================================================
[2026-04-30T15:54:37Z] [INFO] 🔬 PHASE: DOMAIN CORRELATION ANALYSIS
[2026-04-30T15:54:37Z] [INFO] 📊 Domain correlation matrices created: 2
[2026-04-30T15:54:37Z] [SECTION] ============================================================
[2026-04-30T15:54:37Z] [INFO] 🖼️  PHASE: IMAGE-SEED ANALYSIS
[2026-04-30T15:54:37Z] [INFO] 📂 Image seed analysis bootstrapping from 0 images...
[2026-04-30T15:54:37Z] [SECTION] ============================================================
[2026-04-30T15:54:37Z] [INFO] 📤 PHASE: PUSH COMPONENTS TO TOLARIA
[2026-04-30T15:54:37Z] [INFO] 📦 Components pushed to Tolaria: 5
[2026-04-30T15:54:37Z] [SECTION] ============================================================
[2026-04-30T15:54:37Z] [INFO] 🧩 PHASE: COMPOSER - DOMAIN INTEGRATION SYNTHESIS
[2026-04-30T15:54:37Z] [INFO] 🎨 Domain integrations synthesized: 0
[2026-04-30T15:54:37Z] [SECTION] ============================================================
[2026-04-30T15:54:37Z] [INFO] 🚀 PHASE: ADVANCED OVERNIGHT LOOP
[2026-04-30T15:54:43Z] [INFO] 🔬 Advanced loop completed cycles: 0
[2026-04-30T15:54:43Z] [WARNING] ⚠️  Git commit skipped or failed (git not initialized?): Command '['git', '-C', '/home/avalonas/.hermes/gematria/unified_overnight_research', 'add', '.']' returned non-zero exit status 128.
[2026-04-30T15:54:43Z] [INFO] 
📊 CYCLE #2 SUMMARY
[2026-04-30T15:54:43Z] [INFO] ✅ Successful tasks: 7/7
[2026-04-30T15:54:43Z] [INFO] ⏱️  Cycle duration: 6.10s
[2026-04-30T15:54:43Z] [INFO]    ⚠️ task: result
[2026-04-30T15:54:43Z] [INFO]    ⚠️ task: result
[2026-04-30T15:54:43Z] [INFO]    ⚠️ task: result
[2026-04-30T15:54:43Z] [INFO]    ⚠️ task: result
[2026-04-30T15:54:43Z] [INFO]    ⚠️ task: result
[2026-04-30T15:54:43Z] [INFO]    ⚠️ task: result
[2026-04-30T15:54:43Z] [INFO]    ⚠️ task: result
[2026-04-30T15:54:43Z] [HEADER] ================================================================================
[2026-04-30T15:54:43Z] [INFO] 🔄 OVERNIGHT RESEARCH PIPELINE - CYCLE #3
[2026-04-30T15:54:43Z] [INFO] ================================================================================
[2026-04-30T15:54:43Z] [HEADER] ============================================================
[2026-04-30T15:54:43Z] [INFO] 🌙 STARTING OVERNIGHT RESEARCH CYCLE #3
[2026-04-30T15:54:43Z] [INFO] 🔍 Running overnight research protocol (web scraping + cross-symbol analysis)...
[2026-04-30T15:54:43Z] [INFO] 📊 Cycle duration: 0.03s, Files generated: 0
[2026-04-30T15:54:43Z] [WARNING] ⚠️ Database not initialized for cycle counting
[2026-04-30T15:54:43Z] [INFO] 💾 Database updated with cycle results
[2026-04-30T15:54:43Z] [SECTION] ============================================================
[2026-04-30T15:54:43Z] [INFO] 🔮 PHASE: HIDDEN LAYERING DETECTION
[2026-04-30T15:54:43Z] [INFO] 🔗 Hidden layering detection complete. Connections identified: 2
[2026-04-30T15:54:43Z] [SECTION] ============================================================
[2026-04-30T15:54:43Z] [INFO] 🔬 PHASE: DOMAIN CORRELATION ANALYSIS
[2026-04-30T15:54:43Z] [INFO] 📊 Domain correlation matrices created: 2
[2026-04-30T15:54:43Z] [SECTION] ============================================================
[2026-04-30T15:54:43Z] [INFO] 🖼️  PHASE: IMAGE-SEED ANALYSIS
[2026-04-30T15:54:43Z] [INFO] 📂 Image seed analysis bootstrapping from 0 images...
[2026-04-30T15:54:43Z] [SECTION] ============================================================
[2026-04-30T15:54:43Z] [INFO] 📤 PHASE: PUSH COMPONENTS TO TOLARIA
[2026-04-30T15:54:43Z] [INFO] 📦 Components pushed to Tolaria: 5
[2026-04-30T15:54:43Z] [SECTION] ============================================================
[2026-04-30T15:54:43Z] [INFO] 🧩 PHASE: COMPOSER - DOMAIN INTEGRATION SYNTHESIS
[2026-04-30T15:54:44Z] [INFO] 🎨 Domain integrations synthesized: 0
[2026-04-30T15:54:44Z] [SECTION] ============================================================
[2026-04-30T15:54:44Z] [INFO] 🚀 PHASE: ADVANCED OVERNIGHT LOOP
[2026-04-30T15:54:49Z] [INFO] 🔬 Advanced loop completed cycles: 0
[2026-04-30T15:54:49Z] [WARNING] ⚠️  Git commit skipped or failed (git not initialized?): Command '['git', '-C', '/home/avalonas/.hermes/gematria/unified_overnight_research', 'add', '.']' returned non-zero exit status 128.
[2026-04-30T15:54:49Z] [INFO] 
📊 CYCLE #3 SUMMARY
[2026-04-30T15:54:49Z] [INFO] ✅ Successful tasks: 7/7
[2026-04-30T15:54:49Z] [INFO] ⏱️  Cycle duration: 6.18s
[2026-04-30T15:54:49Z] [INFO]    ⚠️ task: result
[2026-04-30T15:54:49Z] [INFO]    ⚠️ task: result
[2026-04-30T15:54:49Z] [INFO]    ⚠️ task: result
[2026-04-30T15:54:49Z] [INFO]    ⚠️ task: result
[2026-04-30T15:54:49Z] [INFO]    ⚠️ task: result
[2026-04-30T15:54:49Z] [INFO]    ⚠️ task: result
[2026-04-30T15:54:49Z] [INFO]    ⚠️ task: result
[2026-04-30T15:54:49Z] [HEADER] ================================================================================
[2026-04-30T15:54:49Z] [INFO] 🔄 OVERNIGHT RESEARCH PIPELINE - CYCLE #4
[2026-04-30T15:54:49Z] [INFO] ================================================================================
[2026-04-30T15:54:49Z] [HEADER] ============================================================
[2026-04-30T15:54:49Z] [INFO] 🌙 STARTING OVERNIGHT RESEARCH CYCLE #4
[2026-04-30T15:54:49Z] [INFO] 🔍 Running overnight research protocol (web scraping + cross-symbol analysis)...
[2026-04-30T15:54:49Z] [INFO] 📊 Cycle duration: 0.04s, Files generated: 0
[2026-04-30T15:54:49Z] [WARNING] ⚠️ Database not initialized for cycle counting
[2026-04-30T15:54:49Z] [INFO] 💾 Database updated with cycle results
[2026-04-30T15:54:49Z] [SECTION] ============================================================
[2026-04-30T15:54:49Z] [INFO] 🔮 PHASE: HIDDEN LAYERING DETECTION
[2026-04-30T15:54:49Z] [INFO] 🔗 Hidden layering detection complete. Connections identified: 2
[2026-04-30T15:54:49Z] [SECTION] ============================================================
[2026-04-30T15:54:49Z] [INFO] 🔬 PHASE: DOMAIN CORRELATION ANALYSIS
[2026-04-30T15:54:49Z] [INFO] 📊 Domain correlation matrices created: 2
[2026-04-30T15:54:49Z] [SECTION] ============================================================
[2026-04-30T15:54:49Z] [INFO] 🖼️  PHASE: IMAGE-SEED ANALYSIS
[2026-04-30T15:54:49Z] [INFO] 📂 Image seed analysis bootstrapping from 0 images...
[2026-04-30T15:54:49Z] [SECTION] ============================================================
[2026-04-30T15:54:49Z] [INFO] 📤 PHASE: PUSH COMPONENTS TO TOLARIA
[2026-04-30T15:54:51Z] [INFO] 📦 Components pushed to Tolaria: 5
[2026-04-30T15:54:51Z] [SECTION] ============================================================
[2026-04-30T15:54:51Z] [INFO] 🧩 PHASE: COMPOSER - DOMAIN INTEGRATION SYNTHESIS
[2026-04-30T15:54:52Z] [INFO] 🎨 Domain integrations synthesized: 0
[2026-04-30T15:54:52Z] [SECTION] ============================================================
[2026-04-30T15:54:52Z] [INFO] 🚀 PHASE: ADVANCED OVERNIGHT LOOP
[2026-04-30T15:54:57Z] [INFO] 🔬 Advanced loop completed cycles: 0
[2026-04-30T15:54:57Z] [WARNING] ⚠️  Git commit skipped or failed (git not initialized?): Command '['git', '-C', '/home/avalonas/.hermes/gematria/unified_overnight_research', 'add', '.']' returned non-zero exit status 128.
[2026-04-30T15:54:57Z] [INFO] 
📊 CYCLE #4 SUMMARY
[2026-04-30T15:54:57Z] [INFO] ✅ Successful tasks: 7/7
[2026-04-30T15:54:57Z] [INFO] ⏱️  Cycle duration: 8.02s
[2026-04-30T15:54:57Z] [INFO]    ⚠️ task: result
[2026-04-30T15:54:57Z] [INFO]    ⚠️ task: result
[2026-04-30T15:54:57Z] [INFO]    ⚠️ task: result
[2026-04-30T15:54:57Z] [INFO]    ⚠️ task: result
[2026-04-30T15:54:57Z] [INFO]    ⚠️ task: result
[2026-04-30T15:54:57Z] [INFO]    ⚠️ task: result
[2026-04-30T15:54:57Z] [INFO]    ⚠️ task: result
[2026-04-30T15:54:57Z] [HEADER] ================================================================================
[2026-04-30T15:54:57Z] [INFO] 🔄 OVERNIGHT RESEARCH PIPELINE - CYCLE #5
[2026-04-30T15:54:57Z] [INFO] ================================================================================
[2026-04-30T15:54:57Z] [HEADER] ============================================================
[2026-04-30T15:54:57Z] [INFO] 🌙 STARTING OVERNIGHT RESEARCH CYCLE #5
[2026-04-30T15:54:57Z] [INFO] 🔍 Running overnight research protocol (web scraping + cross-symbol analysis)...
[2026-04-30T15:54:57Z] [INFO] 📊 Cycle duration: 0.02s, Files generated: 0
[2026-04-30T15:54:57Z] [WARNING] ⚠️ Database not initialized for cycle counting
[2026-04-30T15:54:57Z] [INFO] 💾 Database updated with cycle results
[2026-04-30T15:54:57Z] [SECTION] ============================================================
[2026-04-30T15:54:57Z] [INFO] 🔮 PHASE: HIDDEN LAYERING DETECTION
[2026-04-30T15:54:57Z] [INFO] 🔗 Hidden layering detection complete. Connections identified: 2
[2026-04-30T15:54:57Z] [SECTION] ============================================================
[2026-04-30T15:54:57Z] [INFO] 🔬 PHASE: DOMAIN CORRELATION ANALYSIS
[2026-04-30T15:54:57Z] [INFO] 📊 Domain correlation matrices created: 2
[2026-04-30T15:54:57Z] [SECTION] ============================================================
[2026-04-30T15:54:57Z] [INFO] 🖼️  PHASE: IMAGE-SEED ANALYSIS
[2026-04-30T15:54:57Z] [INFO] 📂 Image seed analysis bootstrapping from 0 images...
[2026-04-30T15:54:57Z] [SECTION] ============================================================
[2026-04-30T15:54:57Z] [INFO] 📤 PHASE: PUSH COMPONENTS TO TOLARIA
[2026-04-30T15:54:58Z] [INFO] 📦 Components pushed to Tolaria: 5
[2026-04-30T15:54:58Z] [SECTION] ============================================================
[2026-04-30T15:54:58Z] [INFO] 🧩 PHASE: COMPOSER - DOMAIN INTEGRATION SYNTHESIS
[2026-04-30T15:54:58Z] [INFO] 🎨 Domain integrations synthesized: 0
[2026-04-30T15:54:58Z] [SECTION] ============================================================
[2026-04-30T15:54:58Z] [INFO] 🚀 PHASE: ADVANCED OVERNIGHT LOOP
[2026-04-30T15:55:03Z] [INFO] 🔬 Advanced loop completed cycles: 0
[2026-04-30T15:55:03Z] [COMMIT] ✅ Git commit: 7d7c00e14d95a5187cd008dba4569de10cf485b0 [2026-04-30T15:55:03Z] Cycle 4: Cycle 5: Web research + hidden layering detection
[2026-04-30T15:55:03Z] [INFO] 
📊 CYCLE #5 SUMMARY
[2026-04-30T15:55:03Z] [INFO] ✅ Successful tasks: 7/7
[2026-04-30T15:55:03Z] [INFO] ⏱️  Cycle duration: 6.41s
[2026-04-30T15:55:03Z] [INFO]    ⚠️ task: result
[2026-04-30T15:55:03Z] [INFO]    ⚠️ task: result
[2026-04-30T15:55:03Z] [INFO]    ⚠️ task: result
[2026-04-30T15:55:03Z] [INFO]    ⚠️ task: result
[2026-04-30T15:55:03Z] [INFO]    ⚠️ task: result
[2026-04-30T15:55:03Z] [INFO]    ⚠️ task: result
[2026-04-30T15:55:03Z] [INFO]    ⚠️ task: result
[2026-04-30T15:55:03Z] [HEADER] ================================================================================
[2026-04-30T15:55:03Z] [INFO] 🔄 OVERNIGHT RESEARCH PIPELINE - CYCLE #6
[2026-04-30T15:55:03Z] [INFO] ================================================================================
[2026-04-30T15:55:03Z] [HEADER] ============================================================
[2026-04-30T15:55:03Z] [INFO] 🌙 STARTING OVERNIGHT RESEARCH CYCLE #6
[2026-04-30T15:55:03Z] [INFO] 🔍 Running overnight research protocol (web scraping + cross-symbol analysis)...
[2026-04-30T15:55:03Z] [INFO] 📊 Cycle duration: 0.03s, Files generated: 0
[2026-04-30T15:55:03Z] [WARNING] ⚠️ Database not initialized for cycle counting
[2026-04-30T15:55:03Z] [INFO] 💾 Database updated with cycle results
[2026-04-30T15:55:03Z] [SECTION] ============================================================
[2026-04-30T15:55:03Z] [INFO] 🔮 PHASE: HIDDEN LAYERING DETECTION
[2026-04-30T15:55:03Z] [INFO] 🔗 Hidden layering detection complete. Connections identified: 2
[2026-04-30T15:55:03Z] [SECTION] ============================================================
[2026-04-30T15:55:03Z] [INFO] 🔬 PHASE: DOMAIN CORRELATION ANALYSIS
[2026-04-30T15:55:03Z] [INFO] 📊 Domain correlation matrices created: 2
[2026-04-30T15:55:03Z] [SECTION] ============================================================
[2026-04-30T15:55:03Z] [INFO] 🖼️  PHASE: IMAGE-SEED ANALYSIS
[2026-04-30T15:55:03Z] [INFO] 📂 Image seed analysis bootstrapping from 0 images...
[2026-04-30T15:55:03Z] [SECTION] ============================================================
[2026-04-30T15:55:03Z] [INFO] 📤 PHASE: PUSH COMPONENTS TO TOLARIA
[2026-04-30T15:55:04Z] [INFO] 📦 Components pushed to Tolaria: 5
[2026-04-30T15:55:04Z] [SECTION] ============================================================
[2026-04-30T15:55:04Z] [INFO] 🧩 PHASE: COMPOSER - DOMAIN INTEGRATION SYNTHESIS
[2026-04-30T15:55:04Z] [INFO] 🎨 Domain integrations synthesized: 0
[2026-04-30T15:55:04Z] [SECTION] ============================================================
[2026-04-30T15:55:04Z] [INFO] 🚀 PHASE: ADVANCED OVERNIGHT LOOP
[2026-04-30T15:55:09Z] [INFO] 🔬 Advanced loop completed cycles: 0
[2026-04-30T15:55:10Z] [COMMIT] ✅ Git commit: b418584bd46e7d194f30a17da7e04bfca3e6c594 [2026-04-30T15:55:10Z] Cycle 5: Cycle 6: Web research + hidden layering detection
[2026-04-30T15:55:10Z] [INFO] 
📊 CYCLE #6 SUMMARY
[2026-04-30T15:55:10Z] [INFO] ✅ Successful tasks: 7/7
[2026-04-30T15:55:10Z] [INFO] ⏱️  Cycle duration: 6.64s
[2026-04-30T15:55:10Z] [INFO]    ⚠️ task: result
[2026-04-30T15:55:10Z] [INFO]    ⚠️ task: result
[2026-04-30T15:55:10Z] [INFO]    ⚠️ task: result
[2026-04-30T15:55:10Z] [INFO]    ⚠️ task: result
[2026-04-30T15:55:10Z] [INFO]    ⚠️ task: result
[2026-04-30T15:55:10Z] [INFO]    ⚠️ task: result
[2026-04-30T15:55:10Z] [INFO]    ⚠️ task: result
[2026-04-30T15:55:10Z] [HEADER] ================================================================================
[2026-04-30T15:55:10Z] [INFO] 🔄 OVERNIGHT RESEARCH PIPELINE - CYCLE #7
[2026-04-30T15:55:10Z] [INFO] ================================================================================
[2026-04-30T15:55:10Z] [HEADER] ============================================================
[2026-04-30T15:55:10Z] [INFO] 🌙 STARTING OVERNIGHT RESEARCH CYCLE #7
[2026-04-30T15:55:10Z] [INFO] 🔍 Running overnight research protocol (web scraping + cross-symbol analysis)...
[2026-04-30T15:55:10Z] [INFO] 📊 Cycle duration: 0.02s, Files generated: 0
[2026-04-30T15:55:10Z] [WARNING] ⚠️ Database not initialized for cycle counting
[2026-04-30T15:55:10Z] [INFO] 💾 Database updated with cycle results
[2026-04-30T15:55:10Z] [SECTION] ============================================================
[2026-04-30T15:55:10Z] [INFO] 🔮 PHASE: HIDDEN LAYERING DETECTION
[2026-04-30T15:55:10Z] [INFO] 🔗 Hidden layering detection complete. Connections identified: 2
[2026-04-30T15:55:10Z] [SECTION] ============================================================
[2026-04-30T15:55:10Z] [INFO] 🔬 PHASE: DOMAIN CORRELATION ANALYSIS
[2026-04-30T15:55:10Z] [INFO] 📊 Domain correlation matrices created: 2
[2026-04-30T15:55:10Z] [SECTION] ============================================================
[2026-04-30T15:55:10Z] [INFO] 🖼️  PHASE: IMAGE-SEED ANALYSIS
[2026-04-30T15:55:10Z] [INFO] 📂 Image seed analysis bootstrapping from 0 images...
[2026-04-30T15:55:10Z] [SECTION] ============================================================
[2026-04-30T15:55:10Z] [INFO] 📤 PHASE: PUSH COMPONENTS TO TOLARIA
[2026-04-30T15:55:11Z] [INFO] 📦 Components pushed to Tolaria: 5
[2026-04-30T15:55:11Z] [SECTION] ============================================================
[2026-04-30T15:55:11Z] [INFO] 🧩 PHASE: COMPOSER - DOMAIN INTEGRATION SYNTHESIS
[2026-04-30T15:55:11Z] [INFO] 🎨 Domain integrations synthesized: 0
[2026-04-30T15:55:11Z] [SECTION] ============================================================
[2026-04-30T15:55:11Z] [INFO] 🚀 PHASE: ADVANCED OVERNIGHT LOOP
[2026-04-30T15:55:16Z] [INFO] 🔬 Advanced loop completed cycles: 0
[2026-04-30T15:55:16Z] [WARNING] ⚠️  Git commit skipped or failed (git not initialized?): Command '['git', '-C', '/home/avalonas/.hermes/gematria/unified_overnight_research', 'add', '.']' returned non-zero exit status 128.
[2026-04-30T15:55:16Z] [INFO] 
📊 CYCLE #7 SUMMARY
[2026-04-30T15:55:16Z] [INFO] ✅ Successful tasks: 7/7
[2026-04-30T15:55:16Z] [INFO] ⏱️  Cycle duration: 6.34s
[2026-04-30T15:55:16Z] [INFO]    ⚠️ task: result
[2026-04-30T15:55:16Z] [INFO]    ⚠️ task: result
[2026-04-30T15:55:16Z] [INFO]    ⚠️ task: result
[2026-04-30T15:55:16Z] [INFO]    ⚠️ task: result
[2026-04-30T15:55:16Z] [INFO]    ⚠️ task: result
[2026-04-30T15:55:16Z] [INFO]    ⚠️ task: result
[2026-04-30T15:55:16Z] [INFO]    ⚠️ task: result
[2026-04-30T15:55:16Z] [HEADER] ================================================================================
[2026-04-30T15:55:16Z] [INFO] 🔄 OVERNIGHT RESEARCH PIPELINE - CYCLE #8
[2026-04-30T15:55:16Z] [INFO] ================================================================================
[2026-04-30T15:55:16Z] [HEADER] ============================================================
[2026-04-30T15:55:16Z] [INFO] 🌙 STARTING OVERNIGHT RESEARCH CYCLE #8
[2026-04-30T15:55:16Z] [INFO] 🔍 Running overnight research protocol (web scraping + cross-symbol analysis)...
[2026-04-30T15:55:16Z] [INFO] 📊 Cycle duration: 0.04s, Files generated: 0
[2026-04-30T15:55:16Z] [WARNING] ⚠️ Database not initialized for cycle counting
[2026-04-30T15:55:16Z] [INFO] 💾 Database updated with cycle results
[2026-04-30T15:55:16Z] [SECTION] ============================================================
[2026-04-30T15:55:16Z] [INFO] 🔮 PHASE: HIDDEN LAYERING DETECTION
[2026-04-30T15:55:16Z] [INFO] 🔗 Hidden layering detection complete. Connections identified: 2
[2026-04-30T15:55:16Z] [SECTION] ============================================================
[2026-04-30T15:55:16Z] [INFO] 🔬 PHASE: DOMAIN CORRELATION ANALYSIS
[2026-04-30T15:55:16Z] [INFO] 📊 Domain correlation matrices created: 2
[2026-04-30T15:55:16Z] [SECTION] ============================================================
[2026-04-30T15:55:16Z] [INFO] 🖼️  PHASE: IMAGE-SEED ANALYSIS
[2026-04-30T15:55:16Z] [INFO] 📂 Image seed analysis bootstrapping from 0 images...
[2026-04-30T15:55:16Z] [SECTION] ============================================================
[2026-04-30T15:55:16Z] [INFO] 📤 PHASE: PUSH COMPONENTS TO TOLARIA
[2026-04-30T15:55:17Z] [INFO] 📦 Components pushed to Tolaria: 5
[2026-04-30T15:55:17Z] [SECTION] ============================================================
[2026-04-30T15:55:17Z] [INFO] 🧩 PHASE: COMPOSER - DOMAIN INTEGRATION SYNTHESIS
[2026-04-30T15:55:17Z] [INFO] 🎨 Domain integrations synthesized: 0
[2026-04-30T15:55:17Z] [SECTION] ============================================================
[2026-04-30T15:55:17Z] [INFO] 🚀 PHASE: ADVANCED OVERNIGHT LOOP
[2026-04-30T15:55:23Z] [INFO] 🔬 Advanced loop completed cycles: 0
[2026-04-30T15:55:23Z] [WARNING] ⚠️  Git commit skipped or failed (git not initialized?): Command '['git', '-C', '/home/avalonas/.hermes/gematria/unified_overnight_research', 'add', '.']' returned non-zero exit status 128.
[2026-04-30T15:55:23Z] [INFO] 
📊 CYCLE #8 SUMMARY
[2026-04-30T15:55:23Z] [INFO] ✅ Successful tasks: 7/7
[2026-04-30T15:55:23Z] [INFO] ⏱️  Cycle duration: 6.38s
[2026-04-30T15:55:23Z] [INFO]    ⚠️ task: result
[2026-04-30T15:55:23Z] [INFO]    ⚠️ task: result
[2026-04-30T15:55:23Z] [INFO]    ⚠️ task: result
[2026-04-30T15:55:23Z] [INFO]    ⚠️ task: result
[2026-04-30T15:55:23Z] [INFO]    ⚠️ task: result
[2026-04-30T15:55:23Z] [INFO]    ⚠️ task: result
[2026-04-30T15:55:23Z] [INFO]    ⚠️ task: result
[2026-04-30T15:55:23Z] [HEADER] ================================================================================
[2026-04-30T15:55:23Z] [INFO] 🔄 OVERNIGHT RESEARCH PIPELINE - CYCLE #9
[2026-04-30T15:55:23Z] [INFO] ================================================================================
[2026-04-30T15:55:23Z] [HEADER] ============================================================
[2026-04-30T15:55:23Z] [INFO] 🌙 STARTING OVERNIGHT RESEARCH CYCLE #9
[2026-04-30T15:55:23Z] [INFO] 🔍 Running overnight research protocol (web scraping + cross-symbol analysis)...
[2026-04-30T15:55:23Z] [INFO] 📊 Cycle duration: 0.03s, Files generated: 0
[2026-04-30T15:55:23Z] [WARNING] ⚠️ Database not initialized for cycle counting
[2026-04-30T15:55:23Z] [INFO] 💾 Database updated with cycle results
[2026-04-30T15:55:23Z] [SECTION] ============================================================
[2026-04-30T15:55:23Z] [INFO] 🔮 PHASE: HIDDEN LAYERING DETECTION
[2026-04-30T15:55:23Z] [INFO] 🔗 Hidden layering detection complete. Connections identified: 2
[2026-04-30T15:55:23Z] [SECTION] ============================================================
[2026-04-30T15:55:23Z] [INFO] 🔬 PHASE: DOMAIN CORRELATION ANALYSIS
[2026-04-30T15:55:23Z] [INFO] 📊 Domain correlation matrices created: 2
[2026-04-30T15:55:23Z] [SECTION] ============================================================
[2026-04-30T15:55:23Z] [INFO] 🖼️  PHASE: IMAGE-SEED ANALYSIS
[2026-04-30T15:55:23Z] [INFO] 📂 Image seed analysis bootstrapping from 0 images...
[2026-04-30T15:55:23Z] [SECTION] ============================================================
[2026-04-30T15:55:23Z] [INFO] 📤 PHASE: PUSH COMPONENTS TO TOLARIA
[2026-04-30T15:55:23Z] [INFO] 📦 Components pushed to Tolaria: 5
[2026-04-30T15:55:23Z] [SECTION] ============================================================
[2026-04-30T15:55:23Z] [INFO] 🧩 PHASE: COMPOSER - DOMAIN INTEGRATION SYNTHESIS
[2026-04-30T15:55:24Z] [INFO] 🎨 Domain integrations synthesized: 0
[2026-04-30T15:55:24Z] [SECTION] ============================================================
[2026-04-30T15:55:24Z] [INFO] 🚀 PHASE: ADVANCED OVERNIGHT LOOP
[2026-04-30T15:55:29Z] [INFO] 🔬 Advanced loop completed cycles: 0
[2026-04-30T15:55:29Z] [WARNING] ⚠️  Git commit skipped or failed (git not initialized?): Command '['git', '-C', '/home/avalonas/.hermes/gematria/unified_overnight_research', 'add', '.']' returned non-zero exit status 128.
[2026-04-30T15:55:29Z] [INFO] 
📊 CYCLE #9 SUMMARY
[2026-04-30T15:55:29Z] [INFO] ✅ Successful tasks: 7/7
[2026-04-30T15:55:29Z] [INFO] ⏱️  Cycle duration: 6.17s
[2026-04-30T15:55:29Z] [INFO]    ⚠️ task: result
[2026-04-30T15:55:29Z] [INFO]    ⚠️ task: result
[2026-04-30T15:55:29Z] [INFO]    ⚠️ task: result
[2026-04-30T15:55:29Z] [INFO]    ⚠️ task: result
[2026-04-30T15:55:29Z] [INFO]    ⚠️ task: result
[2026-04-30T15:55:29Z] [INFO]    ⚠️ task: result
[2026-04-30T15:55:29Z] [INFO]    ⚠️ task: result
