[2026-05-03T00:36:09Z] [HEADER] ================================================================================
[2026-05-03T00:36:09Z] [INFO] 🔄 OVERNIGHT RESEARCH PIPELINE - CYCLE #2
[2026-05-03T00:36:09Z] [INFO] ================================================================================
[2026-05-03T00:36:09Z] [HEADER] ============================================================
[2026-05-03T00:36:09Z] [INFO] 🌙 STARTING OVERNIGHT RESEARCH CYCLE #2
[2026-05-03T00:36:09Z] [INFO] 🔍 Running overnight research protocol (web scraping + cross-symbol analysis)...
[2026-05-03T00:36:09Z] [INFO] 📊 Cycle duration: 0.19s, Files generated: 0
[2026-05-03T00:36:09Z] [WARNING] ⚠️ Database not initialized for cycle counting
[2026-05-03T00:36:09Z] [INFO] 💾 Database updated with cycle results
[2026-05-03T00:36:09Z] [SECTION] ============================================================
[2026-05-03T00:36:09Z] [INFO] 🔮 PHASE: HIDDEN LAYERING DETECTION
[2026-05-03T00:36:52Z] [INFO] 🔗 Hidden layering detection complete. Connections identified: 599
[2026-05-03T00:36:52Z] [SECTION] ============================================================
[2026-05-03T00:36:52Z] [INFO] 🔬 PHASE: DOMAIN CORRELATION ANALYSIS
[2026-05-03T00:36:52Z] [INFO] 📊 Domain correlation matrices created: 1
[2026-05-03T00:36:52Z] [SECTION] ============================================================
[2026-05-03T00:36:52Z] [INFO] 🖼️  PHASE: IMAGE-SEED ANALYSIS
[2026-05-03T00:36:52Z] [INFO] 📂 Image seed analysis bootstrapping from 7 images...
[2026-05-03T00:36:52Z] [SECTION] ============================================================
[2026-05-03T00:36:52Z] [INFO] 📤 PHASE: PUSH COMPONENTS TO TOLARIA
[2026-05-03T00:36:53Z] [INFO] 📦 Components pushed to Tolaria: 5
[2026-05-03T00:36:53Z] [SECTION] ============================================================
[2026-05-03T00:36:53Z] [INFO] 🧩 PHASE: COMPOSER - DOMAIN INTEGRATION SYNTHESIS
[2026-05-03T00:36:53Z] [INFO] 🎨 Domain integrations synthesized: 0
[2026-05-03T00:36:53Z] [SECTION] ============================================================
[2026-05-03T00:36:53Z] [INFO] 🚀 PHASE: ADVANCED OVERNIGHT LOOP
