[2026-05-01T18:20:06] 

✅ === CYCLE #9601 COMPLETE ===

📊 Processed: 28803 items
🔮 Symbols tracked: 124, 666, 963, 55, 279, 111
🌐 Domains active: 9
🔗 Hidden layering detections: 18
💾 Git commit hash: N/A
📝 Obsidian files: 1

⚡ Ready for next cycle in continuous loop mode (repeat: 9999)

[2026-05-01T18:20:06] 

✅ === CYCLE #4609 COMPLETE ===

📊 Processed: 13827 items
🔮 Symbols tracked: 124, 666, 963, 55, 279, 111
🌐 Domains active: 9
🔗 Hidden layering detections: 18
💾 Git commit hash: N/A
📝 Obsidian files: 1

⚡ Ready for next cycle in continuous loop mode (repeat: 9999)

[2026-05-01T18:20:06] 

✅ === CYCLE #9602 COMPLETE ===

📊 Processed: 28806 items
🔮 Symbols tracked: 124, 666, 963, 55, 279, 111
🌐 Domains active: 9
🔗 Hidden layering detections: 18
💾 Git commit hash: N/A
📝 Obsidian files: 1

⚡ Ready for next cycle in continuous loop mode (repeat: 9999)

