[2026-05-01T14:15:52] 

✅ === CYCLE #513 COMPLETE ===

📊 Processed: 1539 items
🔮 Symbols tracked: 124, 666, 963, 55, 279, 111
🌐 Domains active: 9
🔗 Hidden layering detections: 18
💾 Git commit hash: N/A
📝 Obsidian files: 1

⚡ Ready for next cycle in continuous loop mode (repeat: 9999)

[2026-05-01T14:15:52] 

✅ === CYCLE #156 COMPLETE ===

📊 Processed: 468 items
🔮 Symbols tracked: 124, 666, 963, 55, 279, 111
🌐 Domains active: 9
🔗 Hidden layering detections: 18
💾 Git commit hash: N/A
📝 Obsidian files: 1

⚡ Ready for next cycle in continuous loop mode (repeat: 9999)

[2026-05-01T14:15:52] 

✅ === CYCLE #642 COMPLETE ===

📊 Processed: 1926 items
🔮 Symbols tracked: 124, 666, 963, 55, 279, 111
🌐 Domains active: 9
🔗 Hidden layering detections: 18
💾 Git commit hash: N/A
📝 Obsidian files: 1

⚡ Ready for next cycle in continuous loop mode (repeat: 9999)

