[2026-05-03T02:20:52Z] [HEADER] ================================================================================
[2026-05-03T02:20:52Z] [INFO] 🔄 OVERNIGHT RESEARCH PIPELINE - CYCLE #2
[2026-05-03T02:20:52Z] [INFO] ================================================================================
[2026-05-03T02:20:52Z] [HEADER] ============================================================
[2026-05-03T02:20:52Z] [INFO] 🌙 STARTING OVERNIGHT RESEARCH CYCLE #2
[2026-05-03T02:20:52Z] [INFO] 🔍 Running overnight research protocol (web scraping + cross-symbol analysis)...
[2026-05-03T02:20:52Z] [INFO] 📊 Cycle duration: 0.18s, Files generated: 0
[2026-05-03T02:20:52Z] [WARNING] ⚠️ Database not initialized for cycle counting
[2026-05-03T02:20:52Z] [INFO] 💾 Database updated with cycle results
[2026-05-03T02:20:52Z] [SECTION] ============================================================
[2026-05-03T02:20:52Z] [INFO] 🔮 PHASE: HIDDEN LAYERING DETECTION
[2026-05-03T02:24:14Z] [INFO] 🔗 Hidden layering detection complete. Connections identified: 3092
[2026-05-03T02:24:14Z] [SECTION] ============================================================
[2026-05-03T02:24:14Z] [INFO] 🔬 PHASE: DOMAIN CORRELATION ANALYSIS
[2026-05-03T02:24:15Z] [INFO] 📊 Domain correlation matrices created: 1
[2026-05-03T02:24:15Z] [SECTION] ============================================================
[2026-05-03T02:24:15Z] [INFO] 🖼️  PHASE: IMAGE-SEED ANALYSIS
[2026-05-03T02:24:15Z] [INFO] 📂 Image seed analysis bootstrapping from 7 images...
[2026-05-03T02:24:15Z] [SECTION] ============================================================
[2026-05-03T02:24:15Z] [INFO] 📤 PHASE: PUSH COMPONENTS TO TOLARIA
[2026-05-03T02:24:15Z] [INFO] 📦 Components pushed to Tolaria: 5
[2026-05-03T02:24:15Z] [SECTION] ============================================================
[2026-05-03T02:24:15Z] [INFO] 🧩 PHASE: COMPOSER - DOMAIN INTEGRATION SYNTHESIS
[2026-05-03T02:24:16Z] [INFO] 🎨 Domain integrations synthesized: 0
[2026-05-03T02:24:16Z] [SECTION] ============================================================
[2026-05-03T02:24:16Z] [INFO] 🚀 PHASE: ADVANCED OVERNIGHT LOOP
[2026-05-03T02:54:16Z] [WARNING] ⏰ Advanced overnight loop timed out
[2026-05-03T02:54:16Z] [WARNING] ⚠️  Git commit skipped or failed (git not initialized?): Command '['git', '-C', '/home/avalonas/.hermes/gematria/unified_overnight_research', 'add', '.']' returned non-zero exit status 128.
[2026-05-03T02:54:16Z] [INFO] 
📊 CYCLE #2 SUMMARY
[2026-05-03T02:54:16Z] [INFO] ✅ Successful tasks: 6/7
[2026-05-03T02:54:16Z] [INFO] ⏱️  Cycle duration: 2003.80s
[2026-05-03T02:54:16Z] [INFO]    ⚠️ task: result
[2026-05-03T02:54:16Z] [INFO]    ⚠️ task: result
[2026-05-03T02:54:16Z] [INFO]    ⚠️ task: result
[2026-05-03T02:54:16Z] [INFO]    ⚠️ task: result
[2026-05-03T02:54:16Z] [INFO]    ⚠️ task: result
[2026-05-03T02:54:16Z] [INFO]    ⚠️ task: result
[2026-05-03T02:54:16Z] [INFO]    ⚠️ task: result
[2026-05-03T02:54:16Z] [HEADER] ================================================================================
[2026-05-03T02:54:16Z] [INFO] 🔄 OVERNIGHT RESEARCH PIPELINE - CYCLE #3
[2026-05-03T02:54:16Z] [INFO] ================================================================================
[2026-05-03T02:54:16Z] [HEADER] ============================================================
[2026-05-03T02:54:16Z] [INFO] 🌙 STARTING OVERNIGHT RESEARCH CYCLE #3
[2026-05-03T02:54:16Z] [INFO] 🔍 Running overnight research protocol (web scraping + cross-symbol analysis)...
[2026-05-03T02:54:16Z] [INFO] 📊 Cycle duration: 0.11s, Files generated: 0
[2026-05-03T02:54:16Z] [WARNING] ⚠️ Database not initialized for cycle counting
[2026-05-03T02:54:16Z] [INFO] 💾 Database updated with cycle results
[2026-05-03T02:54:16Z] [SECTION] ============================================================
[2026-05-03T02:54:16Z] [INFO] 🔮 PHASE: HIDDEN LAYERING DETECTION
[2026-05-03T02:56:21Z] [INFO] 🔗 Hidden layering detection complete. Connections identified: 1783
[2026-05-03T02:56:21Z] [SECTION] ============================================================
[2026-05-03T02:56:21Z] [INFO] 🔬 PHASE: DOMAIN CORRELATION ANALYSIS
[2026-05-03T02:56:21Z] [INFO] 📊 Domain correlation matrices created: 1
[2026-05-03T02:56:21Z] [SECTION] ============================================================
[2026-05-03T02:56:21Z] [INFO] 🖼️  PHASE: IMAGE-SEED ANALYSIS
[2026-05-03T02:56:21Z] [INFO] 📂 Image seed analysis bootstrapping from 7 images...
[2026-05-03T02:56:21Z] [SECTION] ============================================================
[2026-05-03T02:56:21Z] [INFO] 📤 PHASE: PUSH COMPONENTS TO TOLARIA
[2026-05-03T02:56:22Z] [INFO] 📦 Components pushed to Tolaria: 5
[2026-05-03T02:56:22Z] [SECTION] ============================================================
[2026-05-03T02:56:22Z] [INFO] 🧩 PHASE: COMPOSER - DOMAIN INTEGRATION SYNTHESIS
[2026-05-03T02:56:22Z] [INFO] 🎨 Domain integrations synthesized: 0
[2026-05-03T02:56:22Z] [SECTION] ============================================================
[2026-05-03T02:56:22Z] [INFO] 🚀 PHASE: ADVANCED OVERNIGHT LOOP
[2026-05-03T03:26:22Z] [WARNING] ⏰ Advanced overnight loop timed out
[2026-05-03T03:26:22Z] [WARNING] ⚠️  Git commit skipped or failed (git not initialized?): Command '['git', '-C', '/home/avalonas/.hermes/gematria/unified_overnight_research', 'add', '.']' returned non-zero exit status 128.
[2026-05-03T03:26:22Z] [INFO] 
📊 CYCLE #3 SUMMARY
[2026-05-03T03:26:22Z] [INFO] ✅ Successful tasks: 6/7
[2026-05-03T03:26:22Z] [INFO] ⏱️  Cycle duration: 1926.54s
[2026-05-03T03:26:22Z] [INFO]    ⚠️ task: result
[2026-05-03T03:26:22Z] [INFO]    ⚠️ task: result
[2026-05-03T03:26:22Z] [INFO]    ⚠️ task: result
[2026-05-03T03:26:22Z] [INFO]    ⚠️ task: result
[2026-05-03T03:26:22Z] [INFO]    ⚠️ task: result
[2026-05-03T03:26:22Z] [INFO]    ⚠️ task: result
[2026-05-03T03:26:22Z] [INFO]    ⚠️ task: result
[2026-05-03T03:26:22Z] [HEADER] ================================================================================
[2026-05-03T03:26:22Z] [INFO] 🔄 OVERNIGHT RESEARCH PIPELINE - CYCLE #4
[2026-05-03T03:26:22Z] [INFO] ================================================================================
[2026-05-03T03:26:22Z] [HEADER] ============================================================
[2026-05-03T03:26:22Z] [INFO] 🌙 STARTING OVERNIGHT RESEARCH CYCLE #4
[2026-05-03T03:26:22Z] [INFO] 🔍 Running overnight research protocol (web scraping + cross-symbol analysis)...
[2026-05-03T03:26:23Z] [INFO] 📊 Cycle duration: 0.10s, Files generated: 0
[2026-05-03T03:26:23Z] [WARNING] ⚠️ Database not initialized for cycle counting
[2026-05-03T03:26:23Z] [INFO] 💾 Database updated with cycle results
[2026-05-03T03:26:23Z] [SECTION] ============================================================
[2026-05-03T03:26:23Z] [INFO] 🔮 PHASE: HIDDEN LAYERING DETECTION
[2026-05-03T03:27:20Z] [INFO] 🔗 Hidden layering detection complete. Connections identified: 931
[2026-05-03T03:27:20Z] [SECTION] ============================================================
