[2026-05-01T18:47:18] 

✅ === CYCLE #6146 COMPLETE ===

📊 Processed: 18438 items
🔮 Symbols tracked: 124, 666, 963, 55, 279, 111
🌐 Domains active: 9
🔗 Hidden layering detections: 18
💾 Git commit hash: N/A
📝 Obsidian files: 1

⚡ Ready for next cycle in continuous loop mode (repeat: 9999)

[2026-05-01T18:47:18Z] [HEADER] ================================================================================
[2026-05-01T18:47:18Z] [INFO] 🔄 OVERNIGHT RESEARCH PIPELINE - CYCLE #2
[2026-05-01T18:47:18Z] [INFO] ================================================================================
[2026-05-01T18:47:18Z] [HEADER] ============================================================
[2026-05-01T18:47:18Z] [INFO] 🌙 STARTING OVERNIGHT RESEARCH CYCLE #2
[2026-05-01T18:47:18Z] [INFO] 🔍 Running overnight research protocol (web scraping + cross-symbol analysis)...
[2026-05-01T18:47:19Z] [INFO] 📊 Cycle duration: 0.60s, Files generated: 1
[2026-05-01T18:47:19Z] [WARNING] ⚠️ Database not initialized for cycle counting
[2026-05-01T18:47:19Z] [INFO] 💾 Database updated with cycle results
[2026-05-01T18:47:19Z] [SECTION] ============================================================
[2026-05-01T18:47:19Z] [INFO] 🔮 PHASE: HIDDEN LAYERING DETECTION
[2026-05-01T18:47:19Z] [INFO] 🔗 Hidden layering detection complete. Connections identified: 2
[2026-05-01T18:47:19Z] [SECTION] ============================================================
[2026-05-01T18:47:19Z] [INFO] 🔬 PHASE: DOMAIN CORRELATION ANALYSIS
[2026-05-01T18:47:19Z] [INFO] 📊 Domain correlation matrices created: 1
[2026-05-01T18:47:19Z] [SECTION] ============================================================
[2026-05-01T18:47:19Z] [INFO] 🖼️  PHASE: IMAGE-SEED ANALYSIS
[2026-05-01T18:47:19Z] [INFO] 📂 Image seed analysis bootstrapping from 0 images...
[2026-05-01T18:47:19Z] [SECTION] ============================================================
[2026-05-01T18:47:19Z] [INFO] 📤 PHASE: PUSH COMPONENTS TO TOLARIA
[2026-05-01T18:47:20Z] [INFO] 📦 Components pushed to Tolaria: 5
[2026-05-01T18:47:20Z] [SECTION] ============================================================
[2026-05-01T18:47:20Z] [INFO] 🧩 PHASE: COMPOSER - DOMAIN INTEGRATION SYNTHESIS
[2026-05-01T18:47:20Z] [INFO] 🎨 Domain integrations synthesized: 0
[2026-05-01T18:47:20Z] [SECTION] ============================================================
[2026-05-01T18:47:20Z] [INFO] 🚀 PHASE: ADVANCED OVERNIGHT LOOP
[2026-05-01T18:47:25Z] [INFO] 🔬 Advanced loop completed cycles: 0
[2026-05-01T18:47:26Z] [WARNING] ⚠️  Git commit skipped or failed (git not initialized?): Command '['git', '-C', '/home/avalonas/.hermes/gematria/unified_overnight_research', 'commit', '-m', '[2026-05-01T18:47:26Z] Cycle 1: Cycle 2: Web research + hidden layering detection']' returned non-zero exit status 1.
[2026-05-01T18:47:26Z] [INFO] 
📊 CYCLE #2 SUMMARY
[2026-05-01T18:47:26Z] [INFO] ✅ Successful tasks: 7/7
[2026-05-01T18:47:26Z] [INFO] ⏱️  Cycle duration: 7.16s
[2026-05-01T18:47:26Z] [INFO]    ⚠️ task: result
[2026-05-01T18:47:26Z] [INFO]    ⚠️ task: result
[2026-05-01T18:47:26Z] [INFO]    ⚠️ task: result
[2026-05-01T18:47:26Z] [INFO]    ⚠️ task: result
[2026-05-01T18:47:26Z] [INFO]    ⚠️ task: result
[2026-05-01T18:47:26Z] [INFO]    ⚠️ task: result
[2026-05-01T18:47:26Z] [INFO]    ⚠️ task: result
[2026-05-01T18:47:26Z] [HEADER] ================================================================================
[2026-05-01T18:47:26Z] [INFO] 🔄 OVERNIGHT RESEARCH PIPELINE - CYCLE #3
[2026-05-01T18:47:26Z] [INFO] ================================================================================
[2026-05-01T18:47:26Z] [HEADER] ============================================================
[2026-05-01T18:47:26Z] [INFO] 🌙 STARTING OVERNIGHT RESEARCH CYCLE #3
[2026-05-01T18:47:26Z] [INFO] 🔍 Running overnight research protocol (web scraping + cross-symbol analysis)...
[2026-05-01T18:47:26Z] [INFO] 📊 Cycle duration: 0.52s, Files generated: 1
[2026-05-01T18:47:26Z] [WARNING] ⚠️ Database not initialized for cycle counting
[2026-05-01T18:47:26Z] [INFO] 💾 Database updated with cycle results
[2026-05-01T18:47:26Z] [SECTION] ============================================================
[2026-05-01T18:47:26Z] [INFO] 🔮 PHASE: HIDDEN LAYERING DETECTION
[2026-05-01T18:47:26Z] [INFO] 🔗 Hidden layering detection complete. Connections identified: 2
[2026-05-01T18:47:26Z] [SECTION] ============================================================
[2026-05-01T18:47:26Z] [INFO] 🔬 PHASE: DOMAIN CORRELATION ANALYSIS
[2026-05-01T18:47:26Z] [INFO] 📊 Domain correlation matrices created: 1
[2026-05-01T18:47:26Z] [SECTION] ============================================================
[2026-05-01T18:47:26Z] [INFO] 🖼️  PHASE: IMAGE-SEED ANALYSIS
[2026-05-01T18:47:26Z] [INFO] 📂 Image seed analysis bootstrapping from 0 images...
[2026-05-01T18:47:26Z] [SECTION] ============================================================
[2026-05-01T18:47:26Z] [INFO] 📤 PHASE: PUSH COMPONENTS TO TOLARIA
[2026-05-01T18:47:28Z] [INFO] 📦 Components pushed to Tolaria: 5
[2026-05-01T18:47:28Z] [SECTION] ============================================================
[2026-05-01T18:47:28Z] [INFO] 🧩 PHASE: COMPOSER - DOMAIN INTEGRATION SYNTHESIS
[2026-05-01T18:47:28Z] [INFO] 🎨 Domain integrations synthesized: 0
[2026-05-01T18:47:28Z] [SECTION] ============================================================
[2026-05-01T18:47:28Z] [INFO] 🚀 PHASE: ADVANCED OVERNIGHT LOOP
[2026-05-01T18:47:33Z] [INFO] 🔬 Advanced loop completed cycles: 0
[2026-05-01T18:47:33Z] [WARNING] ⚠️  Git commit skipped or failed (git not initialized?): Command '['git', '-C', '/home/avalonas/.hermes/gematria/unified_overnight_research', 'commit', '-m', '[2026-05-01T18:47:33Z] Cycle 2: Cycle 3: Web research + hidden layering detection']' returned non-zero exit status 1.
[2026-05-01T18:47:33Z] [INFO] 
📊 CYCLE #3 SUMMARY
[2026-05-01T18:47:33Z] [INFO] ✅ Successful tasks: 7/7
[2026-05-01T18:47:33Z] [INFO] ⏱️  Cycle duration: 7.47s
[2026-05-01T18:47:33Z] [INFO]    ⚠️ task: result
[2026-05-01T18:47:33Z] [INFO]    ⚠️ task: result
[2026-05-01T18:47:33Z] [INFO]    ⚠️ task: result
[2026-05-01T18:47:33Z] [INFO]    ⚠️ task: result
[2026-05-01T18:47:33Z] [INFO]    ⚠️ task: result
[2026-05-01T18:47:33Z] [INFO]    ⚠️ task: result
[2026-05-01T18:47:33Z] [INFO]    ⚠️ task: result
[2026-05-01T18:47:33Z] [HEADER] ================================================================================
[2026-05-01T18:47:33Z] [INFO] 🔄 OVERNIGHT RESEARCH PIPELINE - CYCLE #4
[2026-05-01T18:47:33Z] [INFO] ================================================================================
[2026-05-01T18:47:33Z] [HEADER] ============================================================
[2026-05-01T18:47:33Z] [INFO] 🌙 STARTING OVERNIGHT RESEARCH CYCLE #4
[2026-05-01T18:47:33Z] [INFO] 🔍 Running overnight research protocol (web scraping + cross-symbol analysis)...
[2026-05-01T18:47:34Z] [INFO] 📊 Cycle duration: 0.53s, Files generated: 1
[2026-05-01T18:47:34Z] [WARNING] ⚠️ Database not initialized for cycle counting
[2026-05-01T18:47:34Z] [INFO] 💾 Database updated with cycle results
[2026-05-01T18:47:34Z] [SECTION] ============================================================
[2026-05-01T18:47:34Z] [INFO] 🔮 PHASE: HIDDEN LAYERING DETECTION
[2026-05-01T18:47:34Z] [INFO] 🔗 Hidden layering detection complete. Connections identified: 2
[2026-05-01T18:47:34Z] [SECTION] ============================================================
[2026-05-01T18:47:34Z] [INFO] 🔬 PHASE: DOMAIN CORRELATION ANALYSIS
[2026-05-01T18:47:34Z] [INFO] 📊 Domain correlation matrices created: 1
[2026-05-01T18:47:34Z] [SECTION] ============================================================
[2026-05-01T18:47:34Z] [INFO] 🖼️  PHASE: IMAGE-SEED ANALYSIS
[2026-05-01T18:47:34Z] [INFO] 📂 Image seed analysis bootstrapping from 0 images...
[2026-05-01T18:47:34Z] [SECTION] ============================================================
[2026-05-01T18:47:34Z] [INFO] 📤 PHASE: PUSH COMPONENTS TO TOLARIA
[2026-05-01T18:47:35Z] [INFO] 📦 Components pushed to Tolaria: 5
[2026-05-01T18:47:35Z] [SECTION] ============================================================
[2026-05-01T18:47:35Z] [INFO] 🧩 PHASE: COMPOSER - DOMAIN INTEGRATION SYNTHESIS
[2026-05-01T18:47:35Z] [INFO] 🎨 Domain integrations synthesized: 0
[2026-05-01T18:47:35Z] [SECTION] ============================================================
[2026-05-01T18:47:35Z] [INFO] 🚀 PHASE: ADVANCED OVERNIGHT LOOP
[2026-05-01T18:47:40Z] [INFO] 🔬 Advanced loop completed cycles: 0
[2026-05-01T18:47:40Z] [WARNING] ⚠️  Git commit skipped or failed (git not initialized?): Command '['git', '-C', '/home/avalonas/.hermes/gematria/unified_overnight_research', 'commit', '-m', '[2026-05-01T18:47:40Z] Cycle 3: Cycle 4: Web research + hidden layering detection']' returned non-zero exit status 1.
[2026-05-01T18:47:40Z] [INFO] 
📊 CYCLE #4 SUMMARY
[2026-05-01T18:47:40Z] [INFO] ✅ Successful tasks: 7/7
[2026-05-01T18:47:40Z] [INFO] ⏱️  Cycle duration: 6.79s
[2026-05-01T18:47:40Z] [INFO]    ⚠️ task: result
[2026-05-01T18:47:40Z] [INFO]    ⚠️ task: result
[2026-05-01T18:47:40Z] [INFO]    ⚠️ task: result
[2026-05-01T18:47:40Z] [INFO]    ⚠️ task: result
[2026-05-01T18:47:40Z] [INFO]    ⚠️ task: result
[2026-05-01T18:47:40Z] [INFO]    ⚠️ task: result
[2026-05-01T18:47:40Z] [INFO]    ⚠️ task: result
[2026-05-01T18:47:40Z] [HEADER] ================================================================================
[2026-05-01T18:47:40Z] [INFO] 🔄 OVERNIGHT RESEARCH PIPELINE - CYCLE #5
[2026-05-01T18:47:40Z] [INFO] ================================================================================
[2026-05-01T18:47:40Z] [HEADER] ============================================================
[2026-05-01T18:47:40Z] [INFO] 🌙 STARTING OVERNIGHT RESEARCH CYCLE #5
[2026-05-01T18:47:40Z] [INFO] 🔍 Running overnight research protocol (web scraping + cross-symbol analysis)...
[2026-05-01T18:47:40Z] [INFO] 📊 Cycle duration: 0.51s, Files generated: 1
[2026-05-01T18:47:40Z] [WARNING] ⚠️ Database not initialized for cycle counting
[2026-05-01T18:47:40Z] [INFO] 💾 Database updated with cycle results
[2026-05-01T18:47:40Z] [SECTION] ============================================================
[2026-05-01T18:47:40Z] [INFO] 🔮 PHASE: HIDDEN LAYERING DETECTION
[2026-05-01T18:47:40Z] [INFO] 🔗 Hidden layering detection complete. Connections identified: 2
[2026-05-01T18:47:40Z] [SECTION] ============================================================
[2026-05-01T18:47:40Z] [INFO] 🔬 PHASE: DOMAIN CORRELATION ANALYSIS
[2026-05-01T18:47:40Z] [INFO] 📊 Domain correlation matrices created: 1
[2026-05-01T18:47:40Z] [SECTION] ============================================================
[2026-05-01T18:47:40Z] [INFO] 🖼️  PHASE: IMAGE-SEED ANALYSIS
[2026-05-01T18:47:40Z] [INFO] 📂 Image seed analysis bootstrapping from 0 images...
[2026-05-01T18:47:40Z] [SECTION] ============================================================
[2026-05-01T18:47:40Z] [INFO] 📤 PHASE: PUSH COMPONENTS TO TOLARIA
[2026-05-01T18:47:42Z] [INFO] 📦 Components pushed to Tolaria: 5
[2026-05-01T18:47:42Z] [SECTION] ============================================================
[2026-05-01T18:47:42Z] [INFO] 🧩 PHASE: COMPOSER - DOMAIN INTEGRATION SYNTHESIS
[2026-05-01T18:47:42Z] [INFO] 🎨 Domain integrations synthesized: 0
[2026-05-01T18:47:42Z] [SECTION] ============================================================
[2026-05-01T18:47:42Z] [INFO] 🚀 PHASE: ADVANCED OVERNIGHT LOOP
[2026-05-01T18:47:47Z] [INFO] 🔬 Advanced loop completed cycles: 0
[2026-05-01T18:47:47Z] [WARNING] ⚠️  Git commit skipped or failed (git not initialized?): Command '['git', '-C', '/home/avalonas/.hermes/gematria/unified_overnight_research', 'commit', '-m', '[2026-05-01T18:47:47Z] Cycle 4: Cycle 5: Web research + hidden layering detection']' returned non-zero exit status 1.
[2026-05-01T18:47:47Z] [INFO] 
📊 CYCLE #5 SUMMARY
[2026-05-01T18:47:47Z] [INFO] ✅ Successful tasks: 7/7
[2026-05-01T18:47:47Z] [INFO] ⏱️  Cycle duration: 7.17s
[2026-05-01T18:47:47Z] [INFO]    ⚠️ task: result
[2026-05-01T18:47:47Z] [INFO]    ⚠️ task: result
[2026-05-01T18:47:47Z] [INFO]    ⚠️ task: result
[2026-05-01T18:47:47Z] [INFO]    ⚠️ task: result
[2026-05-01T18:47:47Z] [INFO]    ⚠️ task: result
[2026-05-01T18:47:47Z] [INFO]    ⚠️ task: result
[2026-05-01T18:47:47Z] [INFO]    ⚠️ task: result
[2026-05-01T18:47:47Z] [HEADER] ================================================================================
[2026-05-01T18:47:47Z] [INFO] 🔄 OVERNIGHT RESEARCH PIPELINE - CYCLE #6
[2026-05-01T18:47:47Z] [INFO] ================================================================================
[2026-05-01T18:47:47Z] [HEADER] ============================================================
[2026-05-01T18:47:47Z] [INFO] 🌙 STARTING OVERNIGHT RESEARCH CYCLE #6
[2026-05-01T18:47:47Z] [INFO] 🔍 Running overnight research protocol (web scraping + cross-symbol analysis)...
[2026-05-01T18:47:47Z] [INFO] 📊 Cycle duration: 0.52s, Files generated: 1
[2026-05-01T18:47:47Z] [WARNING] ⚠️ Database not initialized for cycle counting
[2026-05-01T18:47:47Z] [INFO] 💾 Database updated with cycle results
[2026-05-01T18:47:47Z] [SECTION] ============================================================
[2026-05-01T18:47:47Z] [INFO] 🔮 PHASE: HIDDEN LAYERING DETECTION
[2026-05-01T18:47:47Z] [INFO] 🔗 Hidden layering detection complete. Connections identified: 2
[2026-05-01T18:47:47Z] [SECTION] ============================================================
[2026-05-01T18:47:47Z] [INFO] 🔬 PHASE: DOMAIN CORRELATION ANALYSIS
[2026-05-01T18:47:48Z] [INFO] 📊 Domain correlation matrices created: 1
[2026-05-01T18:47:48Z] [SECTION] ============================================================
[2026-05-01T18:47:48Z] [INFO] 🖼️  PHASE: IMAGE-SEED ANALYSIS
[2026-05-01T18:47:48Z] [INFO] 📂 Image seed analysis bootstrapping from 0 images...
[2026-05-01T18:47:48Z] [SECTION] ============================================================
[2026-05-01T18:47:48Z] [INFO] 📤 PHASE: PUSH COMPONENTS TO TOLARIA
[2026-05-01T18:47:49Z] [INFO] 📦 Components pushed to Tolaria: 5
[2026-05-01T18:47:49Z] [SECTION] ============================================================
[2026-05-01T18:47:49Z] [INFO] 🧩 PHASE: COMPOSER - DOMAIN INTEGRATION SYNTHESIS
[2026-05-01T18:47:49Z] [INFO] 🎨 Domain integrations synthesized: 0
[2026-05-01T18:47:49Z] [SECTION] ============================================================
[2026-05-01T18:47:49Z] [INFO] 🚀 PHASE: ADVANCED OVERNIGHT LOOP
[2026-05-01T18:47:54Z] [INFO] 🔬 Advanced loop completed cycles: 0
[2026-05-01T18:47:54Z] [WARNING] ⚠️  Git commit skipped or failed (git not initialized?): Command '['git', '-C', '/home/avalonas/.hermes/gematria/unified_overnight_research', 'commit', '-m', '[2026-05-01T18:47:54Z] Cycle 5: Cycle 6: Web research + hidden layering detection']' returned non-zero exit status 1.
[2026-05-01T18:47:54Z] [INFO] 
📊 CYCLE #6 SUMMARY
[2026-05-01T18:47:54Z] [INFO] ✅ Successful tasks: 7/7
[2026-05-01T18:47:54Z] [INFO] ⏱️  Cycle duration: 6.87s
[2026-05-01T18:47:54Z] [INFO]    ⚠️ task: result
[2026-05-01T18:47:54Z] [INFO]    ⚠️ task: result
[2026-05-01T18:47:54Z] [INFO]    ⚠️ task: result
[2026-05-01T18:47:54Z] [INFO]    ⚠️ task: result
[2026-05-01T18:47:54Z] [INFO]    ⚠️ task: result
[2026-05-01T18:47:54Z] [INFO]    ⚠️ task: result
[2026-05-01T18:47:54Z] [INFO]    ⚠️ task: result
[2026-05-01T18:47:54Z] [HEADER] ================================================================================
[2026-05-01T18:47:54Z] [INFO] 🔄 OVERNIGHT RESEARCH PIPELINE - CYCLE #7
[2026-05-01T18:47:54Z] [INFO] ================================================================================
[2026-05-01T18:47:54Z] [HEADER] ============================================================
[2026-05-01T18:47:54Z] [INFO] 🌙 STARTING OVERNIGHT RESEARCH CYCLE #7
[2026-05-01T18:47:54Z] [INFO] 🔍 Running overnight research protocol (web scraping + cross-symbol analysis)...
[2026-05-01T18:47:54Z] [INFO] 📊 Cycle duration: 0.50s, Files generated: 1
[2026-05-01T18:47:54Z] [WARNING] ⚠️ Database not initialized for cycle counting
[2026-05-01T18:47:54Z] [INFO] 💾 Database updated with cycle results
[2026-05-01T18:47:54Z] [SECTION] ============================================================
[2026-05-01T18:47:54Z] [INFO] 🔮 PHASE: HIDDEN LAYERING DETECTION
[2026-05-01T18:47:54Z] [INFO] 🔗 Hidden layering detection complete. Connections identified: 2
[2026-05-01T18:47:54Z] [SECTION] ============================================================
[2026-05-01T18:47:54Z] [INFO] 🔬 PHASE: DOMAIN CORRELATION ANALYSIS
[2026-05-01T18:47:54Z] [INFO] 📊 Domain correlation matrices created: 1
[2026-05-01T18:47:54Z] [SECTION] ============================================================
[2026-05-01T18:47:54Z] [INFO] 🖼️  PHASE: IMAGE-SEED ANALYSIS
[2026-05-01T18:47:54Z] [INFO] 📂 Image seed analysis bootstrapping from 0 images...
[2026-05-01T18:47:54Z] [SECTION] ============================================================
[2026-05-01T18:47:54Z] [INFO] 📤 PHASE: PUSH COMPONENTS TO TOLARIA
[2026-05-01T18:47:55Z] [INFO] 📦 Components pushed to Tolaria: 5
[2026-05-01T18:47:55Z] [SECTION] ============================================================
[2026-05-01T18:47:55Z] [INFO] 🧩 PHASE: COMPOSER - DOMAIN INTEGRATION SYNTHESIS
[2026-05-01T18:47:56Z] [INFO] 🎨 Domain integrations synthesized: 0
[2026-05-01T18:47:56Z] [SECTION] ============================================================
[2026-05-01T18:47:56Z] [INFO] 🚀 PHASE: ADVANCED OVERNIGHT LOOP
[2026-05-01T18:48:01Z] [INFO] 🔬 Advanced loop completed cycles: 0
[2026-05-01T18:48:01Z] [WARNING] ⚠️  Git commit skipped or failed (git not initialized?): Command '['git', '-C', '/home/avalonas/.hermes/gematria/unified_overnight_research', 'commit', '-m', '[2026-05-01T18:48:01Z] Cycle 6: Cycle 7: Web research + hidden layering detection']' returned non-zero exit status 1.
[2026-05-01T18:48:01Z] [INFO] 
📊 CYCLE #7 SUMMARY
[2026-05-01T18:48:01Z] [INFO] ✅ Successful tasks: 7/7
[2026-05-01T18:48:01Z] [INFO] ⏱️  Cycle duration: 6.90s
[2026-05-01T18:48:01Z] [INFO]    ⚠️ task: result
[2026-05-01T18:48:01Z] [INFO]    ⚠️ task: result
[2026-05-01T18:48:01Z] [INFO]    ⚠️ task: result
[2026-05-01T18:48:01Z] [INFO]    ⚠️ task: result
[2026-05-01T18:48:01Z] [INFO]    ⚠️ task: result
[2026-05-01T18:48:01Z] [INFO]    ⚠️ task: result
[2026-05-01T18:48:01Z] [INFO]    ⚠️ task: result
[2026-05-01T18:48:01Z] [HEADER] ================================================================================
[2026-05-01T18:48:01Z] [INFO] 🔄 OVERNIGHT RESEARCH PIPELINE - CYCLE #8
[2026-05-01T18:48:01Z] [INFO] ================================================================================
[2026-05-01T18:48:01Z] [HEADER] ============================================================
[2026-05-01T18:48:01Z] [INFO] 🌙 STARTING OVERNIGHT RESEARCH CYCLE #8
[2026-05-01T18:48:01Z] [INFO] 🔍 Running overnight research protocol (web scraping + cross-symbol analysis)...
[2026-05-01T18:48:01Z] [INFO] 📊 Cycle duration: 0.59s, Files generated: 1
[2026-05-01T18:48:01Z] [WARNING] ⚠️ Database not initialized for cycle counting
[2026-05-01T18:48:01Z] [INFO] 💾 Database updated with cycle results
[2026-05-01T18:48:01Z] [SECTION] ============================================================
[2026-05-01T18:48:01Z] [INFO] 🔮 PHASE: HIDDEN LAYERING DETECTION
[2026-05-01T18:48:01Z] [INFO] 🔗 Hidden layering detection complete. Connections identified: 2
[2026-05-01T18:48:01Z] [SECTION] ============================================================
[2026-05-01T18:48:01Z] [INFO] 🔬 PHASE: DOMAIN CORRELATION ANALYSIS
[2026-05-01T18:48:01Z] [INFO] 📊 Domain correlation matrices created: 1
[2026-05-01T18:48:01Z] [SECTION] ============================================================
[2026-05-01T18:48:01Z] [INFO] 🖼️  PHASE: IMAGE-SEED ANALYSIS
[2026-05-01T18:48:01Z] [INFO] 📂 Image seed analysis bootstrapping from 0 images...
[2026-05-01T18:48:01Z] [SECTION] ============================================================
[2026-05-01T18:48:01Z] [INFO] 📤 PHASE: PUSH COMPONENTS TO TOLARIA
[2026-05-01T18:48:02Z] [INFO] 📦 Components pushed to Tolaria: 5
[2026-05-01T18:48:02Z] [SECTION] ============================================================
[2026-05-01T18:48:02Z] [INFO] 🧩 PHASE: COMPOSER - DOMAIN INTEGRATION SYNTHESIS
[2026-05-01T18:48:02Z] [INFO] 🎨 Domain integrations synthesized: 0
[2026-05-01T18:48:02Z] [SECTION] ============================================================
[2026-05-01T18:48:02Z] [INFO] 🚀 PHASE: ADVANCED OVERNIGHT LOOP
[2026-05-01T18:48:08Z] [INFO] 🔬 Advanced loop completed cycles: 0
[2026-05-01T18:48:08Z] [WARNING] ⚠️  Git commit skipped or failed (git not initialized?): Command '['git', '-C', '/home/avalonas/.hermes/gematria/unified_overnight_research', 'commit', '-m', '[2026-05-01T18:48:08Z] Cycle 7: Cycle 8: Web research + hidden layering detection']' returned non-zero exit status 1.
[2026-05-01T18:48:08Z] [INFO] 
📊 CYCLE #8 SUMMARY
[2026-05-01T18:48:08Z] [INFO] ✅ Successful tasks: 7/7
[2026-05-01T18:48:08Z] [INFO] ⏱️  Cycle duration: 6.92s
[2026-05-01T18:48:08Z] [INFO]    ⚠️ task: result
[2026-05-01T18:48:08Z] [INFO]    ⚠️ task: result
[2026-05-01T18:48:08Z] [INFO]    ⚠️ task: result
[2026-05-01T18:48:08Z] [INFO]    ⚠️ task: result
[2026-05-01T18:48:08Z] [INFO]    ⚠️ task: result
[2026-05-01T18:48:08Z] [INFO]    ⚠️ task: result
[2026-05-01T18:48:08Z] [INFO]    ⚠️ task: result
[2026-05-01T18:48:08Z] [HEADER] ================================================================================
[2026-05-01T18:48:08Z] [INFO] 🔄 OVERNIGHT RESEARCH PIPELINE - CYCLE #9
[2026-05-01T18:48:08Z] [INFO] ================================================================================
[2026-05-01T18:48:08Z] [HEADER] ============================================================
[2026-05-01T18:48:08Z] [INFO] 🌙 STARTING OVERNIGHT RESEARCH CYCLE #9
[2026-05-01T18:48:08Z] [INFO] 🔍 Running overnight research protocol (web scraping + cross-symbol analysis)...
[2026-05-01T18:48:08Z] [INFO] 📊 Cycle duration: 0.53s, Files generated: 1
[2026-05-01T18:48:08Z] [WARNING] ⚠️ Database not initialized for cycle counting
[2026-05-01T18:48:08Z] [INFO] 💾 Database updated with cycle results
[2026-05-01T18:48:08Z] [SECTION] ============================================================
[2026-05-01T18:48:08Z] [INFO] 🔮 PHASE: HIDDEN LAYERING DETECTION
[2026-05-01T18:48:08Z] [INFO] 🔗 Hidden layering detection complete. Connections identified: 2
[2026-05-01T18:48:08Z] [SECTION] ============================================================
[2026-05-01T18:48:08Z] [INFO] 🔬 PHASE: DOMAIN CORRELATION ANALYSIS
[2026-05-01T18:48:08Z] [INFO] 📊 Domain correlation matrices created: 1
[2026-05-01T18:48:08Z] [SECTION] ============================================================
[2026-05-01T18:48:08Z] [INFO] 🖼️  PHASE: IMAGE-SEED ANALYSIS
[2026-05-01T18:48:08Z] [INFO] 📂 Image seed analysis bootstrapping from 0 images...
[2026-05-01T18:48:08Z] [SECTION] ============================================================
[2026-05-01T18:48:08Z] [INFO] 📤 PHASE: PUSH COMPONENTS TO TOLARIA
[2026-05-01T18:48:09Z] [INFO] 📦 Components pushed to Tolaria: 5
[2026-05-01T18:48:09Z] [SECTION] ============================================================
[2026-05-01T18:48:09Z] [INFO] 🧩 PHASE: COMPOSER - DOMAIN INTEGRATION SYNTHESIS
[2026-05-01T18:48:09Z] [INFO] 🎨 Domain integrations synthesized: 0
[2026-05-01T18:48:09Z] [SECTION] ============================================================
[2026-05-01T18:48:09Z] [INFO] 🚀 PHASE: ADVANCED OVERNIGHT LOOP
[2026-05-01T18:48:14Z] [INFO] 🔬 Advanced loop completed cycles: 0
[2026-05-01T18:48:14Z] [WARNING] ⚠️  Git commit skipped or failed (git not initialized?): Command '['git', '-C', '/home/avalonas/.hermes/gematria/unified_overnight_research', 'commit', '-m', '[2026-05-01T18:48:14Z] Cycle 8: Cycle 9: Web research + hidden layering detection']' returned non-zero exit status 1.
[2026-05-01T18:48:14Z] [INFO] 
📊 CYCLE #9 SUMMARY
[2026-05-01T18:48:14Z] [INFO] ✅ Successful tasks: 7/7
[2026-05-01T18:48:14Z] [INFO] ⏱️  Cycle duration: 6.83s
[2026-05-01T18:48:14Z] [INFO]    ⚠️ task: result
[2026-05-01T18:48:14Z] [INFO]    ⚠️ task: result
[2026-05-01T18:48:14Z] [INFO]    ⚠️ task: result
[2026-05-01T18:48:14Z] [INFO]    ⚠️ task: result
[2026-05-01T18:48:14Z] [INFO]    ⚠️ task: result
[2026-05-01T18:48:14Z] [INFO]    ⚠️ task: result
[2026-05-01T18:48:14Z] [INFO]    ⚠️ task: result
[2026-05-01T18:48:14Z] [HEADER] ================================================================================
[2026-05-01T18:48:14Z] [INFO] 🔄 OVERNIGHT RESEARCH PIPELINE - CYCLE #10
[2026-05-01T18:48:14Z] [INFO] ================================================================================
[2026-05-01T18:48:14Z] [HEADER] ============================================================
[2026-05-01T18:48:14Z] [INFO] 🌙 STARTING OVERNIGHT RESEARCH CYCLE #10
[2026-05-01T18:48:14Z] [INFO] 🔍 Running overnight research protocol (web scraping + cross-symbol analysis)...
[2026-05-01T18:48:15Z] [INFO] 📊 Cycle duration: 0.48s, Files generated: 1
[2026-05-01T18:48:15Z] [WARNING] ⚠️ Database not initialized for cycle counting
[2026-05-01T18:48:15Z] [INFO] 💾 Database updated with cycle results
[2026-05-01T18:48:15Z] [SECTION] ============================================================
[2026-05-01T18:48:15Z] [INFO] 🔮 PHASE: HIDDEN LAYERING DETECTION
[2026-05-01T18:48:15Z] [INFO] 🔗 Hidden layering detection complete. Connections identified: 2
[2026-05-01T18:48:15Z] [SECTION] ============================================================
[2026-05-01T18:48:15Z] [INFO] 🔬 PHASE: DOMAIN CORRELATION ANALYSIS
[2026-05-01T18:48:15Z] [INFO] 📊 Domain correlation matrices created: 1
[2026-05-01T18:48:15Z] [SECTION] ============================================================
[2026-05-01T18:48:15Z] [INFO] 🖼️  PHASE: IMAGE-SEED ANALYSIS
[2026-05-01T18:48:15Z] [INFO] 📂 Image seed analysis bootstrapping from 0 images...
[2026-05-01T18:48:15Z] [SECTION] ============================================================
[2026-05-01T18:48:15Z] [INFO] 📤 PHASE: PUSH COMPONENTS TO TOLARIA
[2026-05-01T18:48:16Z] [INFO] 📦 Components pushed to Tolaria: 5
[2026-05-01T18:48:16Z] [SECTION] ============================================================
[2026-05-01T18:48:16Z] [INFO] 🧩 PHASE: COMPOSER - DOMAIN INTEGRATION SYNTHESIS
[2026-05-01T18:48:16Z] [INFO] 🎨 Domain integrations synthesized: 0
[2026-05-01T18:48:16Z] [SECTION] ============================================================
[2026-05-01T18:48:16Z] [INFO] 🚀 PHASE: ADVANCED OVERNIGHT LOOP
[2026-05-01T18:48:21Z] [INFO] 🔬 Advanced loop completed cycles: 0
[2026-05-01T18:48:22Z] [WARNING] ⚠️  Git commit skipped or failed (git not initialized?): Command '['git', '-C', '/home/avalonas/.hermes/gematria/unified_overnight_research', 'commit', '-m', '[2026-05-01T18:48:22Z] Cycle 9: Cycle 10: Web research + hidden layering detection']' returned non-zero exit status 1.
[2026-05-01T18:48:22Z] [INFO] 
📊 CYCLE #10 SUMMARY
[2026-05-01T18:48:22Z] [INFO] ✅ Successful tasks: 7/7
[2026-05-01T18:48:22Z] [INFO] ⏱️  Cycle duration: 7.04s
[2026-05-01T18:48:22Z] [INFO]    ⚠️ task: result
[2026-05-01T18:48:22Z] [INFO]    ⚠️ task: result
[2026-05-01T18:48:22Z] [INFO]    ⚠️ task: result
[2026-05-01T18:48:22Z] [INFO]    ⚠️ task: result
[2026-05-01T18:48:22Z] [INFO]    ⚠️ task: result
[2026-05-01T18:48:22Z] [INFO]    ⚠️ task: result
[2026-05-01T18:48:22Z] [INFO]    ⚠️ task: result
[2026-05-01T18:48:22Z] [HEADER] ================================================================================
[2026-05-01T18:48:22Z] [INFO] 🔄 OVERNIGHT RESEARCH PIPELINE - CYCLE #11
[2026-05-01T18:48:22Z] [INFO] ================================================================================
[2026-05-01T18:48:22Z] [HEADER] ============================================================
[2026-05-01T18:48:22Z] [INFO] 🌙 STARTING OVERNIGHT RESEARCH CYCLE #11
[2026-05-01T18:48:22Z] [INFO] 🔍 Running overnight research protocol (web scraping + cross-symbol analysis)...
[2026-05-01T18:48:22Z] [INFO] 📊 Cycle duration: 0.52s, Files generated: 1
[2026-05-01T18:48:22Z] [WARNING] ⚠️ Database not initialized for cycle counting
[2026-05-01T18:48:22Z] [INFO] 💾 Database updated with cycle results
[2026-05-01T18:48:22Z] [SECTION] ============================================================
[2026-05-01T18:48:22Z] [INFO] 🔮 PHASE: HIDDEN LAYERING DETECTION
[2026-05-01T18:48:22Z] [INFO] 🔗 Hidden layering detection complete. Connections identified: 2
[2026-05-01T18:48:22Z] [SECTION] ============================================================
[2026-05-01T18:48:22Z] [INFO] 🔬 PHASE: DOMAIN CORRELATION ANALYSIS
[2026-05-01T18:48:22Z] [INFO] 📊 Domain correlation matrices created: 1
[2026-05-01T18:48:22Z] [SECTION] ============================================================
[2026-05-01T18:48:22Z] [INFO] 🖼️  PHASE: IMAGE-SEED ANALYSIS
[2026-05-01T18:48:22Z] [INFO] 📂 Image seed analysis bootstrapping from 0 images...
[2026-05-01T18:48:22Z] [SECTION] ============================================================
[2026-05-01T18:48:22Z] [INFO] 📤 PHASE: PUSH COMPONENTS TO TOLARIA
[2026-05-01T18:48:23Z] [INFO] 📦 Components pushed to Tolaria: 5
[2026-05-01T18:48:23Z] [SECTION] ============================================================
[2026-05-01T18:48:23Z] [INFO] 🧩 PHASE: COMPOSER - DOMAIN INTEGRATION SYNTHESIS
[2026-05-01T18:48:23Z] [INFO] 🎨 Domain integrations synthesized: 0
[2026-05-01T18:48:23Z] [SECTION] ============================================================
[2026-05-01T18:48:23Z] [INFO] 🚀 PHASE: ADVANCED OVERNIGHT LOOP
[2026-05-01T18:48:28Z] [INFO] 🔬 Advanced loop completed cycles: 0
[2026-05-01T18:48:29Z] [WARNING] ⚠️  Git commit skipped or failed (git not initialized?): Command '['git', '-C', '/home/avalonas/.hermes/gematria/unified_overnight_research', 'commit', '-m', '[2026-05-01T18:48:29Z] Cycle 10: Cycle 11: Web research + hidden layering detection']' returned non-zero exit status 1.
[2026-05-01T18:48:29Z] [INFO] 
📊 CYCLE #11 SUMMARY
[2026-05-01T18:48:29Z] [INFO] ✅ Successful tasks: 7/7
[2026-05-01T18:48:29Z] [INFO] ⏱️  Cycle duration: 7.02s
[2026-05-01T18:48:29Z] [INFO]    ⚠️ task: result
[2026-05-01T18:48:29Z] [INFO]    ⚠️ task: result
[2026-05-01T18:48:29Z] [INFO]    ⚠️ task: result
[2026-05-01T18:48:29Z] [INFO]    ⚠️ task: result
[2026-05-01T18:48:29Z] [INFO]    ⚠️ task: result
[2026-05-01T18:48:29Z] [INFO]    ⚠️ task: result
[2026-05-01T18:48:29Z] [INFO]    ⚠️ task: result
[2026-05-01T18:48:29Z] [HEADER] ================================================================================
[2026-05-01T18:48:29Z] [INFO] 🔄 OVERNIGHT RESEARCH PIPELINE - CYCLE #12
[2026-05-01T18:48:29Z] [INFO] ================================================================================
[2026-05-01T18:48:29Z] [HEADER] ============================================================
[2026-05-01T18:48:29Z] [INFO] 🌙 STARTING OVERNIGHT RESEARCH CYCLE #12
[2026-05-01T18:48:29Z] [INFO] 🔍 Running overnight research protocol (web scraping + cross-symbol analysis)...
[2026-05-01T18:48:29Z] [INFO] 📊 Cycle duration: 0.51s, Files generated: 1
[2026-05-01T18:48:29Z] [WARNING] ⚠️ Database not initialized for cycle counting
[2026-05-01T18:48:29Z] [INFO] 💾 Database updated with cycle results
[2026-05-01T18:48:29Z] [SECTION] ============================================================
[2026-05-01T18:48:29Z] [INFO] 🔮 PHASE: HIDDEN LAYERING DETECTION
[2026-05-01T18:48:29Z] [ERROR] ❌ Hidden layering error: [Errno 32] Broken pipe
[2026-05-01T18:48:29Z] [SECTION] ============================================================
[2026-05-01T18:48:29Z] [INFO] 🔬 PHASE: DOMAIN CORRELATION ANALYSIS
[2026-05-01T18:48:29Z] [INFO] 📊 Domain correlation matrices created: 1
[2026-05-01T18:48:29Z] [SECTION] ============================================================
[2026-05-01T18:48:29Z] [INFO] 🖼️  PHASE: IMAGE-SEED ANALYSIS
[2026-05-01T18:48:29Z] [INFO] 📂 Image seed analysis bootstrapping from 0 images...
[2026-05-01T18:48:29Z] [SECTION] ============================================================
[2026-05-01T18:48:29Z] [INFO] 📤 PHASE: PUSH COMPONENTS TO TOLARIA
[2026-05-01T18:48:30Z] [INFO] 📦 Components pushed to Tolaria: 5
[2026-05-01T18:48:30Z] [SECTION] ============================================================
[2026-05-01T18:48:30Z] [INFO] 🧩 PHASE: COMPOSER - DOMAIN INTEGRATION SYNTHESIS
[2026-05-01T18:48:30Z] [INFO] 🎨 Domain integrations synthesized: 0
[2026-05-01T18:48:30Z] [SECTION] ============================================================
[2026-05-01T18:48:30Z] [INFO] 🚀 PHASE: ADVANCED OVERNIGHT LOOP
[2026-05-01T18:48:35Z] [INFO] 🔬 Advanced loop completed cycles: 0
[2026-05-01T18:48:35Z] [WARNING] ⚠️  Git commit skipped or failed (git not initialized?): Command '['git', '-C', '/home/avalonas/.hermes/gematria/unified_overnight_research', 'commit', '-m', '[2026-05-01T18:48:35Z] Cycle 11: Cycle 12: Web research + hidden layering detection']' returned non-zero exit status 1.
[2026-05-01T18:48:35Z] [INFO] 
📊 CYCLE #12 SUMMARY
[2026-05-01T18:48:35Z] [INFO] ✅ Successful tasks: 6/7
[2026-05-01T18:48:35Z] [INFO] ⏱️  Cycle duration: 6.92s
[2026-05-01T18:48:35Z] [INFO]    ⚠️ task: result
[2026-05-01T18:48:35Z] [INFO]    ⚠️ task: result
[2026-05-01T18:48:35Z] [INFO]    ⚠️ task: result
[2026-05-01T18:48:35Z] [INFO]    ⚠️ task: result
[2026-05-01T18:48:35Z] [INFO]    ⚠️ task: result
[2026-05-01T18:48:35Z] [INFO]    ⚠️ task: result
[2026-05-01T18:48:35Z] [INFO]    ⚠️ task: result
[2026-05-01T18:48:35Z] [HEADER] ================================================================================
[2026-05-01T18:48:35Z] [INFO] 🔄 OVERNIGHT RESEARCH PIPELINE - CYCLE #13
[2026-05-01T18:48:35Z] [INFO] ================================================================================
[2026-05-01T18:48:35Z] [HEADER] ============================================================
[2026-05-01T18:48:35Z] [INFO] 🌙 STARTING OVERNIGHT RESEARCH CYCLE #13
[2026-05-01T18:48:35Z] [INFO] 🔍 Running overnight research protocol (web scraping + cross-symbol analysis)...
[2026-05-01T18:48:36Z] [INFO] 📊 Cycle duration: 0.52s, Files generated: 1
[2026-05-01T18:48:36Z] [WARNING] ⚠️ Database not initialized for cycle counting
[2026-05-01T18:48:36Z] [INFO] 💾 Database updated with cycle results
[2026-05-01T18:48:36Z] [SECTION] ============================================================
[2026-05-01T18:48:36Z] [INFO] 🔮 PHASE: HIDDEN LAYERING DETECTION
[2026-05-01T18:48:36Z] [INFO] 🔗 Hidden layering detection complete. Connections identified: 2
[2026-05-01T18:48:36Z] [SECTION] ============================================================
[2026-05-01T18:48:36Z] [INFO] 🔬 PHASE: DOMAIN CORRELATION ANALYSIS
[2026-05-01T18:48:36Z] [INFO] 📊 Domain correlation matrices created: 1
[2026-05-01T18:48:36Z] [SECTION] ============================================================
[2026-05-01T18:48:36Z] [INFO] 🖼️  PHASE: IMAGE-SEED ANALYSIS
[2026-05-01T18:48:36Z] [INFO] 📂 Image seed analysis bootstrapping from 0 images...
[2026-05-01T18:48:36Z] [SECTION] ============================================================
[2026-05-01T18:48:36Z] [INFO] 📤 PHASE: PUSH COMPONENTS TO TOLARIA
[2026-05-01T18:48:37Z] [INFO] 📦 Components pushed to Tolaria: 5
[2026-05-01T18:48:37Z] [SECTION] ============================================================
[2026-05-01T18:48:37Z] [INFO] 🧩 PHASE: COMPOSER - DOMAIN INTEGRATION SYNTHESIS
[2026-05-01T18:48:37Z] [INFO] 🎨 Domain integrations synthesized: 0
[2026-05-01T18:48:37Z] [SECTION] ============================================================
[2026-05-01T18:48:37Z] [INFO] 🚀 PHASE: ADVANCED OVERNIGHT LOOP
[2026-05-01T18:48:42Z] [INFO] 🔬 Advanced loop completed cycles: 0
[2026-05-01T18:48:42Z] [WARNING] ⚠️  Git commit skipped or failed (git not initialized?): Command '['git', '-C', '/home/avalonas/.hermes/gematria/unified_overnight_research', 'commit', '-m', '[2026-05-01T18:48:42Z] Cycle 12: Cycle 13: Web research + hidden layering detection']' returned non-zero exit status 1.
[2026-05-01T18:48:42Z] [INFO] 
📊 CYCLE #13 SUMMARY
[2026-05-01T18:48:42Z] [INFO] ✅ Successful tasks: 7/7
[2026-05-01T18:48:42Z] [INFO] ⏱️  Cycle duration: 6.92s
[2026-05-01T18:48:42Z] [INFO]    ⚠️ task: result
[2026-05-01T18:48:42Z] [INFO]    ⚠️ task: result
[2026-05-01T18:48:42Z] [INFO]    ⚠️ task: result
[2026-05-01T18:48:42Z] [INFO]    ⚠️ task: result
[2026-05-01T18:48:42Z] [INFO]    ⚠️ task: result
[2026-05-01T18:48:42Z] [INFO]    ⚠️ task: result
[2026-05-01T18:48:42Z] [INFO]    ⚠️ task: result
[2026-05-01T18:48:42Z] [HEADER] ================================================================================
[2026-05-01T18:48:42Z] [INFO] 🔄 OVERNIGHT RESEARCH PIPELINE - CYCLE #14
[2026-05-01T18:48:42Z] [INFO] ================================================================================
[2026-05-01T18:48:42Z] [HEADER] ============================================================
[2026-05-01T18:48:42Z] [INFO] 🌙 STARTING OVERNIGHT RESEARCH CYCLE #14
[2026-05-01T18:48:42Z] [INFO] 🔍 Running overnight research protocol (web scraping + cross-symbol analysis)...
[2026-05-01T18:48:43Z] [INFO] 📊 Cycle duration: 0.51s, Files generated: 1
[2026-05-01T18:48:43Z] [WARNING] ⚠️ Database not initialized for cycle counting
[2026-05-01T18:48:43Z] [INFO] 💾 Database updated with cycle results
[2026-05-01T18:48:43Z] [SECTION] ============================================================
[2026-05-01T18:48:43Z] [INFO] 🔮 PHASE: HIDDEN LAYERING DETECTION
[2026-05-01T18:48:43Z] [INFO] 🔗 Hidden layering detection complete. Connections identified: 2
[2026-05-01T18:48:43Z] [SECTION] ============================================================
[2026-05-01T18:48:43Z] [INFO] 🔬 PHASE: DOMAIN CORRELATION ANALYSIS
[2026-05-01T18:48:43Z] [INFO] 📊 Domain correlation matrices created: 1
[2026-05-01T18:48:43Z] [SECTION] ============================================================
[2026-05-01T18:48:43Z] [INFO] 🖼️  PHASE: IMAGE-SEED ANALYSIS
[2026-05-01T18:48:43Z] [INFO] 📂 Image seed analysis bootstrapping from 0 images...
[2026-05-01T18:48:43Z] [SECTION] ============================================================
[2026-05-01T18:48:43Z] [INFO] 📤 PHASE: PUSH COMPONENTS TO TOLARIA
[2026-05-01T18:48:44Z] [INFO] 📦 Components pushed to Tolaria: 5
[2026-05-01T18:48:44Z] [SECTION] ============================================================
[2026-05-01T18:48:44Z] [INFO] 🧩 PHASE: COMPOSER - DOMAIN INTEGRATION SYNTHESIS
[2026-05-01T18:48:44Z] [INFO] 🎨 Domain integrations synthesized: 0
[2026-05-01T18:48:44Z] [SECTION] ============================================================
[2026-05-01T18:48:44Z] [INFO] 🚀 PHASE: ADVANCED OVERNIGHT LOOP
[2026-05-01T18:48:49Z] [INFO] 🔬 Advanced loop completed cycles: 0
[2026-05-01T18:48:49Z] [WARNING] ⚠️  Git commit skipped or failed (git not initialized?): Command '['git', '-C', '/home/avalonas/.hermes/gematria/unified_overnight_research', 'commit', '-m', '[2026-05-01T18:48:49Z] Cycle 13: Cycle 14: Web research + hidden layering detection']' returned non-zero exit status 1.
[2026-05-01T18:48:49Z] [INFO] 
📊 CYCLE #14 SUMMARY
[2026-05-01T18:48:49Z] [INFO] ✅ Successful tasks: 7/7
[2026-05-01T18:48:49Z] [INFO] ⏱️  Cycle duration: 7.08s
[2026-05-01T18:48:49Z] [INFO]    ⚠️ task: result
[2026-05-01T18:48:49Z] [INFO]    ⚠️ task: result
[2026-05-01T18:48:49Z] [INFO]    ⚠️ task: result
