[2026-04-30T05:02:20Z] [HEADER] ================================================================================
[2026-04-30T05:02:20Z] [INFO] 🔄 OVERNIGHT RESEARCH PIPELINE - CYCLE #2
[2026-04-30T05:02:20Z] [INFO] ================================================================================
[2026-04-30T05:02:20Z] [HEADER] ============================================================
[2026-04-30T05:02:20Z] [INFO] 🌙 STARTING OVERNIGHT RESEARCH CYCLE #2
[2026-04-30T05:02:20Z] [INFO] 🔍 Running overnight research protocol (web scraping + cross-symbol analysis)...
[2026-04-30T05:02:20Z] [INFO] 📊 Cycle duration: 0.02s, Files generated: 0
[2026-04-30T05:02:20Z] [INFO] 💾 Database updated with cycle results
[2026-04-30T05:02:20Z] [SECTION] ============================================================
[2026-04-30T05:02:20Z] [INFO] 🔮 PHASE: HIDDEN LAYERING DETECTION
[2026-04-30T05:12:20Z] [WARNING] ⏰ Hidden layering task timed out
[2026-04-30T05:12:20Z] [SECTION] ============================================================
[2026-04-30T05:12:20Z] [INFO] 🔬 PHASE: DOMAIN CORRELATION ANALYSIS
[2026-04-30T05:12:20Z] [INFO] 📊 Domain correlation matrices created: 2
[2026-04-30T05:12:20Z] [SECTION] ============================================================
[2026-04-30T05:12:20Z] [INFO] 🖼️  PHASE: IMAGE-SEED ANALYSIS
[2026-04-30T05:12:20Z] [INFO] 📂 Image seed analysis bootstrapping from 0 images...
[2026-04-30T05:12:20Z] [SECTION] ============================================================
[2026-04-30T05:12:20Z] [INFO] 📤 PHASE: PUSH COMPONENTS TO TOLARIA
[2026-04-30T05:12:21Z] [INFO] 📦 Components pushed to Tolaria: 5
[2026-04-30T05:12:21Z] [SECTION] ============================================================
[2026-04-30T05:12:21Z] [INFO] 🧩 PHASE: COMPOSER - DOMAIN INTEGRATION SYNTHESIS
[2026-04-30T05:12:21Z] [INFO] 🎨 Domain integrations synthesized: 0
[2026-04-30T05:12:21Z] [SECTION] ============================================================
[2026-04-30T05:12:21Z] [INFO] 🚀 PHASE: ADVANCED OVERNIGHT LOOP
[2026-04-30T05:12:26Z] [INFO] 🔬 Advanced loop completed cycles: 0
[2026-04-30T05:12:26Z] [COMMIT] ✅ Git commit: b9435c231dc49ff6de24c621f867d9ec9b745115 [2026-04-30T05:12:26Z] Cycle 1: Cycle 2: Web research + hidden layering detection
[2026-04-30T05:12:26Z] [INFO] 
📊 CYCLE #2 SUMMARY
[2026-04-30T05:12:26Z] [INFO] ✅ Successful tasks: 6/7
[2026-04-30T05:12:26Z] [INFO] ⏱️  Cycle duration: 606.36s
