[2026-05-03T15:24:08] 

✅ === CYCLE #4966 COMPLETE ===

📊 Processed: 14898 items
🔮 Symbols tracked: 124, 666, 963, 55, 279, 111
🌐 Domains active: 9
🔗 Hidden layering detections: 18
💾 Git commit hash: N/A
📝 Obsidian files: 1

⚡ Ready for next cycle in continuous loop mode (repeat=9999)
[2026-05-03T15:24:08Z] [HEADER] ================================================================================
[2026-05-03T15:24:08Z] [INFO] 🔄 OVERNIGHT RESEARCH PIPELINE - CYCLE #2
[2026-05-03T15:24:08Z] [INFO] ================================================================================
[2026-05-03T15:24:08Z] [HEADER] ============================================================
[2026-05-03T15:24:08Z] [INFO] 🌙 STARTING OVERNIGHT RESEARCH CYCLE #2
[2026-05-03T15:24:08Z] [INFO] 🔍 Running overnight research protocol (web scraping + cross-symbol analysis)...
[2026-05-03T15:24:08Z] [INFO] 📊 Cycle duration: 0.37s, Files generated: 0
[2026-05-03T15:24:08Z] [WARNING] ⚠️ Database not initialized for cycle counting
[2026-05-03T15:24:08Z] [INFO] 💾 Database updated with cycle results
[2026-05-03T15:24:08Z] [SECTION] ============================================================
[2026-05-03T15:24:08Z] [INFO] 🔮 PHASE: HIDDEN LAYERING DETECTION
