[2026-05-01T14:13:54] 

✅ === CYCLE #38 COMPLETE ===

📊 Processed: 114 items
🔮 Symbols tracked: 124, 666, 963, 55, 279, 111
🌐 Domains active: 9
🔗 Hidden layering detections: 18
💾 Git commit hash: N/A
📝 Obsidian files: 1

⚡ Ready for next cycle in continuous loop mode (repeat: 9999)

[2026-05-01T14:13:54] 

✅ === CYCLE #395 COMPLETE ===

📊 Processed: 1185 items
🔮 Symbols tracked: 124, 666, 963, 55, 279, 111
🌐 Domains active: 9
🔗 Hidden layering detections: 18
💾 Git commit hash: N/A
📝 Obsidian files: 1

⚡ Ready for next cycle in continuous loop mode (repeat: 9999)

[2026-05-01T14:13:54] 

✅ === CYCLE #523 COMPLETE ===

📊 Processed: 1569 items
🔮 Symbols tracked: 124, 666, 963, 55, 279, 111
🌐 Domains active: 9
🔗 Hidden layering detections: 18
💾 Git commit hash: N/A
📝 Obsidian files: 1

⚡ Ready for next cycle in continuous loop mode (repeat: 9999)

