[2026-05-01T14:13:53] 

✅ === CYCLE #521 COMPLETE ===

📊 Processed: 1563 items
🔮 Symbols tracked: 124, 666, 963, 55, 279, 111
🌐 Domains active: 9
🔗 Hidden layering detections: 18
💾 Git commit hash: N/A
📝 Obsidian files: 1

⚡ Ready for next cycle in continuous loop mode (repeat: 9999)

[2026-05-01T14:13:53] 

✅ === CYCLE #394 COMPLETE ===

📊 Processed: 1182 items
🔮 Symbols tracked: 124, 666, 963, 55, 279, 111
🌐 Domains active: 9
🔗 Hidden layering detections: 18
💾 Git commit hash: N/A
📝 Obsidian files: 1

⚡ Ready for next cycle in continuous loop mode (repeat: 9999)

[2026-05-01T14:13:53] 

✅ === CYCLE #37 COMPLETE ===

📊 Processed: 111 items
🔮 Symbols tracked: 124, 666, 963, 55, 279, 111
🌐 Domains active: 9
🔗 Hidden layering detections: 18
💾 Git commit hash: N/A
📝 Obsidian files: 1

⚡ Ready for next cycle in continuous loop mode (repeat: 9999)

[2026-05-01T14:13:53] 

✅ === CYCLE #522 COMPLETE ===

📊 Processed: 1566 items
🔮 Symbols tracked: 124, 666, 963, 55, 279, 111
🌐 Domains active: 9
🔗 Hidden layering detections: 18
💾 Git commit hash: N/A
📝 Obsidian files: 1

⚡ Ready for next cycle in continuous loop mode (repeat: 9999)

