[2026-05-01T15:08:56] 

✅ === CYCLE #646 COMPLETE ===

📊 Processed: 1938 items
🔮 Symbols tracked: 124, 666, 963, 55, 279, 111
🌐 Domains active: 9
🔗 Hidden layering detections: 18
💾 Git commit hash: N/A
📝 Obsidian files: 1

⚡ Ready for next cycle in continuous loop mode (repeat: 9999)

[2026-05-01T15:08:56] 

✅ === CYCLE #3669 COMPLETE ===

📊 Processed: 11007 items
🔮 Symbols tracked: 124, 666, 963, 55, 279, 111
🌐 Domains active: 9
🔗 Hidden layering detections: 18
💾 Git commit hash: N/A
📝 Obsidian files: 1

⚡ Ready for next cycle in continuous loop mode (repeat: 9999)

[2026-05-01T15:08:56Z] [HEADER] ================================================================================
[2026-05-01T15:08:56Z] [INFO] 🔄 OVERNIGHT RESEARCH PIPELINE - CYCLE #2
[2026-05-01T15:08:56Z] [INFO] ================================================================================
[2026-05-01T15:08:56Z] [HEADER] ============================================================
[2026-05-01T15:08:56Z] [INFO] 🌙 STARTING OVERNIGHT RESEARCH CYCLE #2
[2026-05-01T15:08:56Z] [INFO] 🔍 Running overnight research protocol (web scraping + cross-symbol analysis)...
[2026-05-01T15:08:56Z] [INFO] 📊 Cycle duration: 0.17s, Files generated: 0
[2026-05-01T15:08:56Z] [WARNING] ⚠️ Database not initialized for cycle counting
[2026-05-01T15:08:56Z] [INFO] 💾 Database updated with cycle results
[2026-05-01T15:08:56Z] [SECTION] ============================================================
[2026-05-01T15:08:56Z] [INFO] 🔮 PHASE: HIDDEN LAYERING DETECTION
[2026-05-01T15:08:56Z] [INFO] 🔗 Hidden layering detection complete. Connections identified: 2
[2026-05-01T15:08:56Z] [SECTION] ============================================================
[2026-05-01T15:08:56Z] [INFO] 🔬 PHASE: DOMAIN CORRELATION ANALYSIS
[2026-05-01T15:08:56Z] [INFO] 📊 Domain correlation matrices created: 2
[2026-05-01T15:08:56Z] [SECTION] ============================================================
[2026-05-01T15:08:56Z] [INFO] 🖼️  PHASE: IMAGE-SEED ANALYSIS
[2026-05-01T15:08:56Z] [INFO] 📂 Image seed analysis bootstrapping from 0 images...
[2026-05-01T15:08:56Z] [SECTION] ============================================================
[2026-05-01T15:08:56Z] [INFO] 📤 PHASE: PUSH COMPONENTS TO TOLARIA
[2026-05-01T15:08:57Z] [INFO] 📦 Components pushed to Tolaria: 5
[2026-05-01T15:08:57Z] [SECTION] ============================================================
[2026-05-01T15:08:57Z] [INFO] 🧩 PHASE: COMPOSER - DOMAIN INTEGRATION SYNTHESIS
[2026-05-01T15:09:15Z] [INFO] 🎨 Domain integrations synthesized: 0
[2026-05-01T15:09:15Z] [SECTION] ============================================================
[2026-05-01T15:09:15Z] [INFO] 🚀 PHASE: ADVANCED OVERNIGHT LOOP
[2026-05-01T15:09:15Z] [INFO] 🔬 Advanced loop completed cycles: 0
[2026-05-01T15:09:15Z] [WARNING] ⚠️  Git commit skipped or failed (git not initialized?): Command '['git', '-C', '/home/avalonas/.hermes/gematria/unified_overnight_research', 'add', '.']' returned non-zero exit status 128.
[2026-05-01T15:09:15Z] [INFO] 
📊 CYCLE #2 SUMMARY
[2026-05-01T15:09:15Z] [INFO] ✅ Successful tasks: 7/7
[2026-05-01T15:09:15Z] [INFO] ⏱️  Cycle duration: 19.82s
[2026-05-01T15:09:15Z] [INFO]    ⚠️ task: result
[2026-05-01T15:09:15Z] [INFO]    ⚠️ task: result
[2026-05-01T15:09:15Z] [INFO]    ⚠️ task: result
[2026-05-01T15:09:15Z] [INFO]    ⚠️ task: result
[2026-05-01T15:09:15Z] [INFO]    ⚠️ task: result
[2026-05-01T15:09:15Z] [INFO]    ⚠️ task: result
[2026-05-01T15:09:15Z] [INFO]    ⚠️ task: result
[2026-05-01T15:09:15Z] [HEADER] ================================================================================
[2026-05-01T15:09:15Z] [INFO] 🔄 OVERNIGHT RESEARCH PIPELINE - CYCLE #3
[2026-05-01T15:09:15Z] [INFO] ================================================================================
[2026-05-01T15:09:15Z] [HEADER] ============================================================
[2026-05-01T15:09:15Z] [INFO] 🌙 STARTING OVERNIGHT RESEARCH CYCLE #3
[2026-05-01T15:09:15Z] [INFO] 🔍 Running overnight research protocol (web scraping + cross-symbol analysis)...
[2026-05-01T15:09:16Z] [INFO] 📊 Cycle duration: 0.14s, Files generated: 0
[2026-05-01T15:09:16Z] [WARNING] ⚠️ Database not initialized for cycle counting
[2026-05-01T15:09:16Z] [INFO] 💾 Database updated with cycle results
[2026-05-01T15:09:16Z] [SECTION] ============================================================
[2026-05-01T15:09:16Z] [INFO] 🔮 PHASE: HIDDEN LAYERING DETECTION
[2026-05-01T15:09:16Z] [INFO] 🔗 Hidden layering detection complete. Connections identified: 2
[2026-05-01T15:09:16Z] [SECTION] ============================================================
[2026-05-01T15:09:16Z] [INFO] 🔬 PHASE: DOMAIN CORRELATION ANALYSIS
[2026-05-01T15:09:16Z] [INFO] 📊 Domain correlation matrices created: 2
[2026-05-01T15:09:16Z] [SECTION] ============================================================
[2026-05-01T15:09:16Z] [INFO] 🖼️  PHASE: IMAGE-SEED ANALYSIS
[2026-05-01T15:09:16Z] [INFO] 📂 Image seed analysis bootstrapping from 0 images...
[2026-05-01T15:09:16Z] [SECTION] ============================================================
[2026-05-01T15:09:16Z] [INFO] 📤 PHASE: PUSH COMPONENTS TO TOLARIA
[2026-05-01T15:09:17Z] [INFO] 📦 Components pushed to Tolaria: 5
[2026-05-01T15:09:17Z] [SECTION] ============================================================
[2026-05-01T15:09:17Z] [INFO] 🧩 PHASE: COMPOSER - DOMAIN INTEGRATION SYNTHESIS
[2026-05-01T15:09:39Z] [INFO] 🎨 Domain integrations synthesized: 0
[2026-05-01T15:09:39Z] [SECTION] ============================================================
[2026-05-01T15:09:39Z] [INFO] 🚀 PHASE: ADVANCED OVERNIGHT LOOP
[2026-05-01T15:09:39Z] [INFO] 🔬 Advanced loop completed cycles: 0
[2026-05-01T15:09:39Z] [WARNING] ⚠️  Git commit skipped or failed (git not initialized?): Command '['git', '-C', '/home/avalonas/.hermes/gematria/unified_overnight_research', 'add', '.']' returned non-zero exit status 128.
[2026-05-01T15:09:39Z] [INFO] 
📊 CYCLE #3 SUMMARY
[2026-05-01T15:09:39Z] [INFO] ✅ Successful tasks: 7/7
[2026-05-01T15:09:39Z] [INFO] ⏱️  Cycle duration: 23.80s
[2026-05-01T15:09:39Z] [INFO]    ⚠️ task: result
[2026-05-01T15:09:39Z] [INFO]    ⚠️ task: result
[2026-05-01T15:09:39Z] [INFO]    ⚠️ task: result
[2026-05-01T15:09:39Z] [INFO]    ⚠️ task: result
[2026-05-01T15:09:39Z] [INFO]    ⚠️ task: result
[2026-05-01T15:09:39Z] [INFO]    ⚠️ task: result
[2026-05-01T15:09:39Z] [INFO]    ⚠️ task: result
[2026-05-01T15:09:39Z] [HEADER] ================================================================================
[2026-05-01T15:09:39Z] [INFO] 🔄 OVERNIGHT RESEARCH PIPELINE - CYCLE #4
[2026-05-01T15:09:39Z] [INFO] ================================================================================
[2026-05-01T15:09:39Z] [HEADER] ============================================================
[2026-05-01T15:09:39Z] [INFO] 🌙 STARTING OVERNIGHT RESEARCH CYCLE #4
[2026-05-01T15:09:39Z] [INFO] 🔍 Running overnight research protocol (web scraping + cross-symbol analysis)...
[2026-05-01T15:09:39Z] [INFO] 📊 Cycle duration: 0.18s, Files generated: 0
[2026-05-01T15:09:39Z] [WARNING] ⚠️ Database not initialized for cycle counting
[2026-05-01T15:09:39Z] [INFO] 💾 Database updated with cycle results
[2026-05-01T15:09:39Z] [SECTION] ============================================================
[2026-05-01T15:09:39Z] [INFO] 🔮 PHASE: HIDDEN LAYERING DETECTION
[2026-05-01T15:09:40Z] [INFO] 🔗 Hidden layering detection complete. Connections identified: 2
[2026-05-01T15:09:40Z] [SECTION] ============================================================
[2026-05-01T15:09:40Z] [INFO] 🔬 PHASE: DOMAIN CORRELATION ANALYSIS
[2026-05-01T15:09:40Z] [INFO] 📊 Domain correlation matrices created: 2
[2026-05-01T15:09:40Z] [SECTION] ============================================================
[2026-05-01T15:09:40Z] [INFO] 🖼️  PHASE: IMAGE-SEED ANALYSIS
[2026-05-01T15:09:40Z] [INFO] 📂 Image seed analysis bootstrapping from 0 images...
[2026-05-01T15:09:40Z] [SECTION] ============================================================
[2026-05-01T15:09:40Z] [INFO] 📤 PHASE: PUSH COMPONENTS TO TOLARIA
[2026-05-01T15:09:40Z] [INFO] 📦 Components pushed to Tolaria: 5
[2026-05-01T15:09:40Z] [SECTION] ============================================================
[2026-05-01T15:09:40Z] [INFO] 🧩 PHASE: COMPOSER - DOMAIN INTEGRATION SYNTHESIS
[2026-05-01T15:10:03Z] [INFO] 🎨 Domain integrations synthesized: 0
[2026-05-01T15:10:03Z] [SECTION] ============================================================
[2026-05-01T15:10:03Z] [INFO] 🚀 PHASE: ADVANCED OVERNIGHT LOOP
[2026-05-01T15:10:03Z] [INFO] 🔬 Advanced loop completed cycles: 0
[2026-05-01T15:10:03Z] [WARNING] ⚠️  Git commit skipped or failed (git not initialized?): Command '['git', '-C', '/home/avalonas/.hermes/gematria/unified_overnight_research', 'add', '.']' returned non-zero exit status 128.
[2026-05-01T15:10:03Z] [INFO] 
📊 CYCLE #4 SUMMARY
[2026-05-01T15:10:03Z] [INFO] ✅ Successful tasks: 7/7
[2026-05-01T15:10:03Z] [INFO] ⏱️  Cycle duration: 24.21s
[2026-05-01T15:10:03Z] [INFO]    ⚠️ task: result
[2026-05-01T15:10:03Z] [INFO]    ⚠️ task: result
[2026-05-01T15:10:03Z] [INFO]    ⚠️ task: result
[2026-05-01T15:10:03Z] [INFO]    ⚠️ task: result
[2026-05-01T15:10:03Z] [INFO]    ⚠️ task: result
[2026-05-01T15:10:03Z] [INFO]    ⚠️ task: result
[2026-05-01T15:10:03Z] [INFO]    ⚠️ task: result
[2026-05-01T15:10:03Z] [HEADER] ================================================================================
[2026-05-01T15:10:03Z] [INFO] 🔄 OVERNIGHT RESEARCH PIPELINE - CYCLE #5
[2026-05-01T15:10:03Z] [INFO] ================================================================================
[2026-05-01T15:10:03Z] [HEADER] ============================================================
[2026-05-01T15:10:03Z] [INFO] 🌙 STARTING OVERNIGHT RESEARCH CYCLE #5
[2026-05-01T15:10:03Z] [INFO] 🔍 Running overnight research protocol (web scraping + cross-symbol analysis)...
[2026-05-01T15:10:04Z] [INFO] 📊 Cycle duration: 0.24s, Files generated: 0
[2026-05-01T15:10:04Z] [WARNING] ⚠️ Database not initialized for cycle counting
[2026-05-01T15:10:04Z] [INFO] 💾 Database updated with cycle results
[2026-05-01T15:10:04Z] [SECTION] ============================================================
[2026-05-01T15:10:04Z] [INFO] 🔮 PHASE: HIDDEN LAYERING DETECTION
[2026-05-01T15:10:04Z] [INFO] 🔗 Hidden layering detection complete. Connections identified: 2
[2026-05-01T15:10:04Z] [SECTION] ============================================================
[2026-05-01T15:10:04Z] [INFO] 🔬 PHASE: DOMAIN CORRELATION ANALYSIS
[2026-05-01T15:10:04Z] [INFO] 📊 Domain correlation matrices created: 2
[2026-05-01T15:10:04Z] [SECTION] ============================================================
[2026-05-01T15:10:04Z] [INFO] 🖼️  PHASE: IMAGE-SEED ANALYSIS
[2026-05-01T15:10:04Z] [INFO] 📂 Image seed analysis bootstrapping from 0 images...
[2026-05-01T15:10:04Z] [SECTION] ============================================================
[2026-05-01T15:10:04Z] [INFO] 📤 PHASE: PUSH COMPONENTS TO TOLARIA
[2026-05-01T15:10:05Z] [INFO] 📦 Components pushed to Tolaria: 5
[2026-05-01T15:10:05Z] [SECTION] ============================================================
[2026-05-01T15:10:05Z] [INFO] 🧩 PHASE: COMPOSER - DOMAIN INTEGRATION SYNTHESIS
[2026-05-01T15:10:27Z] [INFO] 🎨 Domain integrations synthesized: 0
[2026-05-01T15:10:27Z] [SECTION] ============================================================
[2026-05-01T15:10:27Z] [INFO] 🚀 PHASE: ADVANCED OVERNIGHT LOOP
[2026-05-01T15:10:27Z] [INFO] 🔬 Advanced loop completed cycles: 0
[2026-05-01T15:10:27Z] [WARNING] ⚠️  Git commit skipped or failed (git not initialized?): Command '['git', '-C', '/home/avalonas/.hermes/gematria/unified_overnight_research', 'add', '.']' returned non-zero exit status 128.
[2026-05-01T15:10:27Z] [INFO] 
📊 CYCLE #5 SUMMARY
[2026-05-01T15:10:27Z] [INFO] ✅ Successful tasks: 7/7
[2026-05-01T15:10:27Z] [INFO] ⏱️  Cycle duration: 23.76s
[2026-05-01T15:10:27Z] [INFO]    ⚠️ task: result
[2026-05-01T15:10:27Z] [INFO]    ⚠️ task: result
[2026-05-01T15:10:27Z] [INFO]    ⚠️ task: result
[2026-05-01T15:10:27Z] [INFO]    ⚠️ task: result
[2026-05-01T15:10:27Z] [INFO]    ⚠️ task: result
[2026-05-01T15:10:27Z] [INFO]    ⚠️ task: result
[2026-05-01T15:10:27Z] [INFO]    ⚠️ task: result
[2026-05-01T15:10:27Z] [HEADER] ================================================================================
[2026-05-01T15:10:27Z] [INFO] 🔄 OVERNIGHT RESEARCH PIPELINE - CYCLE #6
[2026-05-01T15:10:27Z] [INFO] ================================================================================
[2026-05-01T15:10:27Z] [HEADER] ============================================================
[2026-05-01T15:10:27Z] [INFO] 🌙 STARTING OVERNIGHT RESEARCH CYCLE #6
[2026-05-01T15:10:27Z] [INFO] 🔍 Running overnight research protocol (web scraping + cross-symbol analysis)...
[2026-05-01T15:10:27Z] [INFO] 📊 Cycle duration: 0.14s, Files generated: 0
[2026-05-01T15:10:27Z] [WARNING] ⚠️ Database not initialized for cycle counting
[2026-05-01T15:10:27Z] [INFO] 💾 Database updated with cycle results
[2026-05-01T15:10:27Z] [SECTION] ============================================================
[2026-05-01T15:10:27Z] [INFO] 🔮 PHASE: HIDDEN LAYERING DETECTION
[2026-05-01T15:10:27Z] [INFO] 🔗 Hidden layering detection complete. Connections identified: 2
[2026-05-01T15:10:27Z] [SECTION] ============================================================
[2026-05-01T15:10:27Z] [INFO] 🔬 PHASE: DOMAIN CORRELATION ANALYSIS
[2026-05-01T15:10:27Z] [INFO] 📊 Domain correlation matrices created: 2
[2026-05-01T15:10:27Z] [SECTION] ============================================================
[2026-05-01T15:10:27Z] [INFO] 🖼️  PHASE: IMAGE-SEED ANALYSIS
[2026-05-01T15:10:27Z] [INFO] 📂 Image seed analysis bootstrapping from 0 images...
[2026-05-01T15:10:27Z] [SECTION] ============================================================
[2026-05-01T15:10:27Z] [INFO] 📤 PHASE: PUSH COMPONENTS TO TOLARIA
[2026-05-01T15:10:28Z] [INFO] 📦 Components pushed to Tolaria: 5
[2026-05-01T15:10:28Z] [SECTION] ============================================================
[2026-05-01T15:10:28Z] [INFO] 🧩 PHASE: COMPOSER - DOMAIN INTEGRATION SYNTHESIS
[2026-05-01T15:10:51Z] [INFO] 🎨 Domain integrations synthesized: 0
[2026-05-01T15:10:51Z] [SECTION] ============================================================
[2026-05-01T15:10:51Z] [INFO] 🚀 PHASE: ADVANCED OVERNIGHT LOOP
[2026-05-01T15:10:51Z] [INFO] 🔬 Advanced loop completed cycles: 0
[2026-05-01T15:10:51Z] [WARNING] ⚠️  Git commit skipped or failed (git not initialized?): Command '['git', '-C', '/home/avalonas/.hermes/gematria/unified_overnight_research', 'add', '.']' returned non-zero exit status 128.
[2026-05-01T15:10:51Z] [INFO] 
📊 CYCLE #6 SUMMARY
[2026-05-01T15:10:51Z] [INFO] ✅ Successful tasks: 7/7
[2026-05-01T15:10:51Z] [INFO] ⏱️  Cycle duration: 24.22s
[2026-05-01T15:10:51Z] [INFO]    ⚠️ task: result
[2026-05-01T15:10:51Z] [INFO]    ⚠️ task: result
[2026-05-01T15:10:51Z] [INFO]    ⚠️ task: result
[2026-05-01T15:10:51Z] [INFO]    ⚠️ task: result
[2026-05-01T15:10:51Z] [INFO]    ⚠️ task: result
[2026-05-01T15:10:51Z] [INFO]    ⚠️ task: result
[2026-05-01T15:10:51Z] [INFO]    ⚠️ task: result
[2026-05-01T15:10:51Z] [HEADER] ================================================================================
[2026-05-01T15:10:51Z] [INFO] 🔄 OVERNIGHT RESEARCH PIPELINE - CYCLE #7
[2026-05-01T15:10:51Z] [INFO] ================================================================================
[2026-05-01T15:10:51Z] [HEADER] ============================================================
[2026-05-01T15:10:51Z] [INFO] 🌙 STARTING OVERNIGHT RESEARCH CYCLE #7
[2026-05-01T15:10:51Z] [INFO] 🔍 Running overnight research protocol (web scraping + cross-symbol analysis)...
[2026-05-01T15:10:52Z] [INFO] 📊 Cycle duration: 0.13s, Files generated: 0
[2026-05-01T15:10:52Z] [WARNING] ⚠️ Database not initialized for cycle counting
[2026-05-01T15:10:52Z] [INFO] 💾 Database updated with cycle results
[2026-05-01T15:10:52Z] [SECTION] ============================================================
[2026-05-01T15:10:52Z] [INFO] 🔮 PHASE: HIDDEN LAYERING DETECTION
[2026-05-01T15:10:52Z] [INFO] 🔗 Hidden layering detection complete. Connections identified: 2
[2026-05-01T15:10:52Z] [SECTION] ============================================================
[2026-05-01T15:10:52Z] [INFO] 🔬 PHASE: DOMAIN CORRELATION ANALYSIS
[2026-05-01T15:10:52Z] [INFO] 📊 Domain correlation matrices created: 2
[2026-05-01T15:10:52Z] [SECTION] ============================================================
[2026-05-01T15:10:52Z] [INFO] 🖼️  PHASE: IMAGE-SEED ANALYSIS
[2026-05-01T15:10:52Z] [INFO] 📂 Image seed analysis bootstrapping from 0 images...
[2026-05-01T15:10:52Z] [SECTION] ============================================================
[2026-05-01T15:10:52Z] [INFO] 📤 PHASE: PUSH COMPONENTS TO TOLARIA
[2026-05-01T15:10:53Z] [INFO] 📦 Components pushed to Tolaria: 5
[2026-05-01T15:10:53Z] [SECTION] ============================================================
[2026-05-01T15:10:53Z] [INFO] 🧩 PHASE: COMPOSER - DOMAIN INTEGRATION SYNTHESIS
[2026-05-01T15:11:15Z] [INFO] 🎨 Domain integrations synthesized: 0
[2026-05-01T15:11:15Z] [SECTION] ============================================================
[2026-05-01T15:11:15Z] [INFO] 🚀 PHASE: ADVANCED OVERNIGHT LOOP
[2026-05-01T15:11:15Z] [INFO] 🔬 Advanced loop completed cycles: 0
[2026-05-01T15:11:15Z] [WARNING] ⚠️  Git commit skipped or failed (git not initialized?): Command '['git', '-C', '/home/avalonas/.hermes/gematria/unified_overnight_research', 'add', '.']' returned non-zero exit status 128.
[2026-05-01T15:11:15Z] [INFO] 
📊 CYCLE #7 SUMMARY
[2026-05-01T15:11:15Z] [INFO] ✅ Successful tasks: 7/7
[2026-05-01T15:11:15Z] [INFO] ⏱️  Cycle duration: 24.03s
[2026-05-01T15:11:15Z] [INFO]    ⚠️ task: result
[2026-05-01T15:11:15Z] [INFO]    ⚠️ task: result
[2026-05-01T15:11:15Z] [INFO]    ⚠️ task: result
[2026-05-01T15:11:16Z] [INFO]    ⚠️ task: result
[2026-05-01T15:11:16Z] [INFO]    ⚠️ task: result
[2026-05-01T15:11:16Z] [INFO]    ⚠️ task: result
[2026-05-01T15:11:16Z] [INFO]    ⚠️ task: result
[2026-05-01T15:11:16Z] [HEADER] ================================================================================
[2026-05-01T15:11:16Z] [INFO] 🔄 OVERNIGHT RESEARCH PIPELINE - CYCLE #8
[2026-05-01T15:11:16Z] [INFO] ================================================================================
[2026-05-01T15:11:16Z] [HEADER] ============================================================
[2026-05-01T15:11:16Z] [INFO] 🌙 STARTING OVERNIGHT RESEARCH CYCLE #8
[2026-05-01T15:11:16Z] [INFO] 🔍 Running overnight research protocol (web scraping + cross-symbol analysis)...
[2026-05-01T15:11:16Z] [INFO] 📊 Cycle duration: 0.13s, Files generated: 0
[2026-05-01T15:11:16Z] [WARNING] ⚠️ Database not initialized for cycle counting
[2026-05-01T15:11:16Z] [INFO] 💾 Database updated with cycle results
[2026-05-01T15:11:16Z] [SECTION] ============================================================
[2026-05-01T15:11:16Z] [INFO] 🔮 PHASE: HIDDEN LAYERING DETECTION
[2026-05-01T15:11:16Z] [INFO] 🔗 Hidden layering detection complete. Connections identified: 2
[2026-05-01T15:11:16Z] [SECTION] ============================================================
[2026-05-01T15:11:16Z] [INFO] 🔬 PHASE: DOMAIN CORRELATION ANALYSIS
[2026-05-01T15:11:16Z] [INFO] 📊 Domain correlation matrices created: 2
[2026-05-01T15:11:16Z] [SECTION] ============================================================
[2026-05-01T15:11:16Z] [INFO] 🖼️  PHASE: IMAGE-SEED ANALYSIS
[2026-05-01T15:11:16Z] [INFO] 📂 Image seed analysis bootstrapping from 0 images...
[2026-05-01T15:11:16Z] [SECTION] ============================================================
[2026-05-01T15:11:16Z] [INFO] 📤 PHASE: PUSH COMPONENTS TO TOLARIA
[2026-05-01T15:11:17Z] [INFO] 📦 Components pushed to Tolaria: 5
[2026-05-01T15:11:17Z] [SECTION] ============================================================
[2026-05-01T15:11:17Z] [INFO] 🧩 PHASE: COMPOSER - DOMAIN INTEGRATION SYNTHESIS
[2026-05-01T15:11:39Z] [INFO] 🎨 Domain integrations synthesized: 0
[2026-05-01T15:11:39Z] [SECTION] ============================================================
[2026-05-01T15:11:39Z] [INFO] 🚀 PHASE: ADVANCED OVERNIGHT LOOP
[2026-05-01T15:11:40Z] [INFO] 🔬 Advanced loop completed cycles: 0
[2026-05-01T15:11:40Z] [WARNING] ⚠️  Git commit skipped or failed (git not initialized?): Command '['git', '-C', '/home/avalonas/.hermes/gematria/unified_overnight_research', 'add', '.']' returned non-zero exit status 128.
[2026-05-01T15:11:40Z] [INFO] 
📊 CYCLE #8 SUMMARY
[2026-05-01T15:11:40Z] [INFO] ✅ Successful tasks: 7/7
[2026-05-01T15:11:40Z] [INFO] ⏱️  Cycle duration: 24.02s
[2026-05-01T15:11:40Z] [INFO]    ⚠️ task: result
[2026-05-01T15:11:40Z] [INFO]    ⚠️ task: result
[2026-05-01T15:11:40Z] [INFO]    ⚠️ task: result
[2026-05-01T15:11:40Z] [INFO]    ⚠️ task: result
[2026-05-01T15:11:40Z] [INFO]    ⚠️ task: result
[2026-05-01T15:11:40Z] [INFO]    ⚠️ task: result
[2026-05-01T15:11:40Z] [INFO]    ⚠️ task: result
[2026-05-01T15:11:40Z] [HEADER] ================================================================================
[2026-05-01T15:11:40Z] [INFO] 🔄 OVERNIGHT RESEARCH PIPELINE - CYCLE #9
[2026-05-01T15:11:40Z] [INFO] ================================================================================
[2026-05-01T15:11:40Z] [HEADER] ============================================================
[2026-05-01T15:11:40Z] [INFO] 🌙 STARTING OVERNIGHT RESEARCH CYCLE #9
[2026-05-01T15:11:40Z] [INFO] 🔍 Running overnight research protocol (web scraping + cross-symbol analysis)...
[2026-05-01T15:11:40Z] [INFO] 📊 Cycle duration: 0.13s, Files generated: 0
[2026-05-01T15:11:40Z] [WARNING] ⚠️ Database not initialized for cycle counting
[2026-05-01T15:11:40Z] [INFO] 💾 Database updated with cycle results
[2026-05-01T15:11:40Z] [SECTION] ============================================================
[2026-05-01T15:11:40Z] [INFO] 🔮 PHASE: HIDDEN LAYERING DETECTION
[2026-05-01T15:11:40Z] [INFO] 🔗 Hidden layering detection complete. Connections identified: 2
[2026-05-01T15:11:40Z] [SECTION] ============================================================
[2026-05-01T15:11:40Z] [INFO] 🔬 PHASE: DOMAIN CORRELATION ANALYSIS
[2026-05-01T15:11:40Z] [INFO] 📊 Domain correlation matrices created: 2
[2026-05-01T15:11:40Z] [SECTION] ============================================================
[2026-05-01T15:11:40Z] [INFO] 🖼️  PHASE: IMAGE-SEED ANALYSIS
[2026-05-01T15:11:40Z] [INFO] 📂 Image seed analysis bootstrapping from 0 images...
[2026-05-01T15:11:40Z] [SECTION] ============================================================
[2026-05-01T15:11:40Z] [INFO] 📤 PHASE: PUSH COMPONENTS TO TOLARIA
[2026-05-01T15:11:41Z] [INFO] 📦 Components pushed to Tolaria: 5
[2026-05-01T15:11:41Z] [SECTION] ============================================================
[2026-05-01T15:11:41Z] [INFO] 🧩 PHASE: COMPOSER - DOMAIN INTEGRATION SYNTHESIS
[2026-05-01T15:12:03Z] [INFO] 🎨 Domain integrations synthesized: 0
[2026-05-01T15:12:03Z] [SECTION] ============================================================
[2026-05-01T15:12:03Z] [INFO] 🚀 PHASE: ADVANCED OVERNIGHT LOOP
[2026-05-01T15:12:03Z] [INFO] 🔬 Advanced loop completed cycles: 0
[2026-05-01T15:12:03Z] [WARNING] ⚠️  Git commit skipped or failed (git not initialized?): Command '['git', '-C', '/home/avalonas/.hermes/gematria/unified_overnight_research', 'add', '.']' returned non-zero exit status 128.
[2026-05-01T15:12:03Z] [INFO] 
📊 CYCLE #9 SUMMARY
[2026-05-01T15:12:03Z] [INFO] ✅ Successful tasks: 7/7
